Archive member included to satisfy reference by file (symbol)

c:/progra~2/gnuarm~1/102021~1.10/bin/../lib/gcc/arm-none-eabi/10.3.1/../../../../arm-none-eabi/lib/thumb/v7e-m/nofp\libc.a(lib_a-errno.o)
                              CMakeFiles/G4xx_bootloader.elf.dir/Core/Src/syscalls.c.obj (__errno)
c:/progra~2/gnuarm~1/102021~1.10/bin/../lib/gcc/arm-none-eabi/10.3.1/../../../../arm-none-eabi/lib/thumb/v7e-m/nofp\libc.a(lib_a-exit.o)
                              c:/progra~2/gnuarm~1/102021~1.10/bin/../lib/gcc/arm-none-eabi/10.3.1/../../../../arm-none-eabi/lib/thumb/v7e-m/nofp/crt0.o (exit)
c:/progra~2/gnuarm~1/102021~1.10/bin/../lib/gcc/arm-none-eabi/10.3.1/../../../../arm-none-eabi/lib/thumb/v7e-m/nofp\libc.a(lib_a-impure.o)
                              c:/progra~2/gnuarm~1/102021~1.10/bin/../lib/gcc/arm-none-eabi/10.3.1/../../../../arm-none-eabi/lib/thumb/v7e-m/nofp\libc.a(lib_a-exit.o) (_global_impure_ptr)
c:/progra~2/gnuarm~1/102021~1.10/bin/../lib/gcc/arm-none-eabi/10.3.1/../../../../arm-none-eabi/lib/thumb/v7e-m/nofp\libc.a(lib_a-init.o)
                              c:/progra~2/gnuarm~1/102021~1.10/bin/../lib/gcc/arm-none-eabi/10.3.1/../../../../arm-none-eabi/lib/thumb/v7e-m/nofp/crt0.o (__libc_init_array)
c:/progra~2/gnuarm~1/102021~1.10/bin/../lib/gcc/arm-none-eabi/10.3.1/../../../../arm-none-eabi/lib/thumb/v7e-m/nofp\libc.a(lib_a-memset.o)
                              c:/progra~2/gnuarm~1/102021~1.10/bin/../lib/gcc/arm-none-eabi/10.3.1/../../../../arm-none-eabi/lib/thumb/v7e-m/nofp/crt0.o (memset)
c:/progra~2/gnuarm~1/102021~1.10/bin/../lib/gcc/arm-none-eabi/10.3.1/../../../../arm-none-eabi/lib/thumb/v7e-m/nofp\libc.a(lib_a-__call_atexit.o)
                              c:/progra~2/gnuarm~1/102021~1.10/bin/../lib/gcc/arm-none-eabi/10.3.1/../../../../arm-none-eabi/lib/thumb/v7e-m/nofp\libc.a(lib_a-exit.o) (__call_exitprocs)
c:/progra~2/gnuarm~1/102021~1.10/bin/../lib/gcc/arm-none-eabi/10.3.1/../../../../arm-none-eabi/lib/thumb/v7e-m/nofp\libc.a(lib_a-atexit.o)
                              c:/progra~2/gnuarm~1/102021~1.10/bin/../lib/gcc/arm-none-eabi/10.3.1/../../../../arm-none-eabi/lib/thumb/v7e-m/nofp\libc.a(lib_a-__call_atexit.o) (atexit)
c:/progra~2/gnuarm~1/102021~1.10/bin/../lib/gcc/arm-none-eabi/10.3.1/../../../../arm-none-eabi/lib/thumb/v7e-m/nofp\libc.a(lib_a-fini.o)
                              c:/progra~2/gnuarm~1/102021~1.10/bin/../lib/gcc/arm-none-eabi/10.3.1/../../../../arm-none-eabi/lib/thumb/v7e-m/nofp\libc.a(lib_a-__call_atexit.o) (__libc_fini_array)
c:/progra~2/gnuarm~1/102021~1.10/bin/../lib/gcc/arm-none-eabi/10.3.1/../../../../arm-none-eabi/lib/thumb/v7e-m/nofp\libc.a(lib_a-lock.o)
                              c:/progra~2/gnuarm~1/102021~1.10/bin/../lib/gcc/arm-none-eabi/10.3.1/../../../../arm-none-eabi/lib/thumb/v7e-m/nofp\libc.a(lib_a-__call_atexit.o) (__retarget_lock_acquire_recursive)
c:/progra~2/gnuarm~1/102021~1.10/bin/../lib/gcc/arm-none-eabi/10.3.1/../../../../arm-none-eabi/lib/thumb/v7e-m/nofp\libc.a(lib_a-__atexit.o)
                              c:/progra~2/gnuarm~1/102021~1.10/bin/../lib/gcc/arm-none-eabi/10.3.1/../../../../arm-none-eabi/lib/thumb/v7e-m/nofp\libc.a(lib_a-atexit.o) (__register_exitproc)

Discarded input sections

 .text          0x00000000        0x0 c:/progra~2/gnuarm~1/102021~1.10/bin/../lib/gcc/arm-none-eabi/10.3.1/thumb/v7e-m/nofp/crti.o
 .data          0x00000000        0x0 c:/progra~2/gnuarm~1/102021~1.10/bin/../lib/gcc/arm-none-eabi/10.3.1/thumb/v7e-m/nofp/crti.o
 .bss           0x00000000        0x0 c:/progra~2/gnuarm~1/102021~1.10/bin/../lib/gcc/arm-none-eabi/10.3.1/thumb/v7e-m/nofp/crti.o
 .data          0x00000000        0x4 c:/progra~2/gnuarm~1/102021~1.10/bin/../lib/gcc/arm-none-eabi/10.3.1/thumb/v7e-m/nofp/crtbegin.o
 .rodata        0x00000000       0x24 c:/progra~2/gnuarm~1/102021~1.10/bin/../lib/gcc/arm-none-eabi/10.3.1/thumb/v7e-m/nofp/crtbegin.o
 .text          0x00000000       0x7c c:/progra~2/gnuarm~1/102021~1.10/bin/../lib/gcc/arm-none-eabi/10.3.1/../../../../arm-none-eabi/lib/thumb/v7e-m/nofp/crt0.o
 .data          0x00000000        0x0 c:/progra~2/gnuarm~1/102021~1.10/bin/../lib/gcc/arm-none-eabi/10.3.1/../../../../arm-none-eabi/lib/thumb/v7e-m/nofp/crt0.o
 .bss           0x00000000        0x0 c:/progra~2/gnuarm~1/102021~1.10/bin/../lib/gcc/arm-none-eabi/10.3.1/../../../../arm-none-eabi/lib/thumb/v7e-m/nofp/crt0.o
 .ARM.extab     0x00000000        0x0 c:/progra~2/gnuarm~1/102021~1.10/bin/../lib/gcc/arm-none-eabi/10.3.1/../../../../arm-none-eabi/lib/thumb/v7e-m/nofp/crt0.o
 .ARM.exidx     0x00000000       0x10 c:/progra~2/gnuarm~1/102021~1.10/bin/../lib/gcc/arm-none-eabi/10.3.1/../../../../arm-none-eabi/lib/thumb/v7e-m/nofp/crt0.o
 .ARM.attributes
                0x00000000       0x1c c:/progra~2/gnuarm~1/102021~1.10/bin/../lib/gcc/arm-none-eabi/10.3.1/../../../../arm-none-eabi/lib/thumb/v7e-m/nofp/crt0.o
 .text          0x00000000        0x0 CMakeFiles/G4xx_bootloader.elf.dir/Core/Src/fdcan.c.obj
[...]
Memory Configuration

Name             Origin             Length             Attributes
RAM              0x20000000         0x00008000         xrw
FLASH            0x08000000         0x00005000         xr
*default*        0x00000000         0xffffffff

Linker script and memory map

LOAD c:/progra~2/gnuarm~1/102021~1.10/bin/../lib/gcc/arm-none-eabi/10.3.1/thumb/v7e-m/nofp/crti.o
LOAD c:/progra~2/gnuarm~1/102021~1.10/bin/../lib/gcc/arm-none-eabi/10.3.1/thumb/v7e-m/nofp/crtbegin.o
LOAD c:/progra~2/gnuarm~1/102021~1.10/bin/../lib/gcc/arm-none-eabi/10.3.1/../../../../arm-none-eabi/lib/thumb/v7e-m/nofp/crt0.o
LOAD CMakeFiles/G4xx_bootloader.elf.dir/Core/Src/fdcan.c.obj
LOAD CMakeFiles/G4xx_bootloader.elf.dir/Core/Src/gpio.c.obj
LOAD CMakeFiles/G4xx_bootloader.elf.dir/Core/Src/main.c.obj
LOAD CMakeFiles/G4xx_bootloader.elf.dir/Core/Src/stm32g4xx_hal_msp.c.obj
LOAD CMakeFiles/G4xx_bootloader.elf.dir/Core/Src/stm32g4xx_it.c.obj
LOAD CMakeFiles/G4xx_bootloader.elf.dir/Core/Src/syscalls.c.obj
LOAD CMakeFiles/G4xx_bootloader.elf.dir/Core/Src/sysmem.c.obj
LOAD CMakeFiles/G4xx_bootloader.elf.dir/Core/Src/system_stm32g4xx.c.obj
LOAD CMakeFiles/G4xx_bootloader.elf.dir/Core/Src/tim.c.obj
LOAD CMakeFiles/G4xx_bootloader.elf.dir/Core/Startup/startup_stm32g431kbux.s.obj
LOAD CMakeFiles/G4xx_bootloader.elf.dir/Core/User/Src/my_bootloader.c.obj
LOAD CMakeFiles/G4xx_bootloader.elf.dir/Core/User/Src/my_fdcan.c.obj
LOAD CMakeFiles/G4xx_bootloader.elf.dir/Core/User/Src/my_flash.c.obj
LOAD CMakeFiles/G4xx_bootloader.elf.dir/Core/User/Src/my_time.c.obj
LOAD CMakeFiles/G4xx_bootloader.elf.dir/Drivers/STM32G4xx_HAL_Driver/Src/stm32g4xx_hal.c.obj
LOAD CMakeFiles/G4xx_bootloader.elf.dir/Drivers/STM32G4xx_HAL_Driver/Src/stm32g4xx_hal_cortex.c.obj
LOAD CMakeFiles/G4xx_bootloader.elf.dir/Drivers/STM32G4xx_HAL_Driver/Src/stm32g4xx_hal_dma.c.obj
LOAD CMakeFiles/G4xx_bootloader.elf.dir/Drivers/STM32G4xx_HAL_Driver/Src/stm32g4xx_hal_dma_ex.c.obj
LOAD CMakeFiles/G4xx_bootloader.elf.dir/Drivers/STM32G4xx_HAL_Driver/Src/stm32g4xx_hal_exti.c.obj
LOAD CMakeFiles/G4xx_bootloader.elf.dir/Drivers/STM32G4xx_HAL_Driver/Src/stm32g4xx_hal_fdcan.c.obj
LOAD CMakeFiles/G4xx_bootloader.elf.dir/Drivers/STM32G4xx_HAL_Driver/Src/stm32g4xx_hal_flash.c.obj
LOAD CMakeFiles/G4xx_bootloader.elf.dir/Drivers/STM32G4xx_HAL_Driver/Src/stm32g4xx_hal_flash_ex.c.obj
LOAD CMakeFiles/G4xx_bootloader.elf.dir/Drivers/STM32G4xx_HAL_Driver/Src/stm32g4xx_hal_flash_ramfunc.c.obj
LOAD CMakeFiles/G4xx_bootloader.elf.dir/Drivers/STM32G4xx_HAL_Driver/Src/stm32g4xx_hal_gpio.c.obj
LOAD CMakeFiles/G4xx_bootloader.elf.dir/Drivers/STM32G4xx_HAL_Driver/Src/stm32g4xx_hal_pwr.c.obj
LOAD CMakeFiles/G4xx_bootloader.elf.dir/Drivers/STM32G4xx_HAL_Driver/Src/stm32g4xx_hal_pwr_ex.c.obj
LOAD CMakeFiles/G4xx_bootloader.elf.dir/Drivers/STM32G4xx_HAL_Driver/Src/stm32g4xx_hal_rcc.c.obj
LOAD CMakeFiles/G4xx_bootloader.elf.dir/Drivers/STM32G4xx_HAL_Driver/Src/stm32g4xx_hal_rcc_ex.c.obj
LOAD CMakeFiles/G4xx_bootloader.elf.dir/Drivers/STM32G4xx_HAL_Driver/Src/stm32g4xx_hal_tim.c.obj
LOAD CMakeFiles/G4xx_bootloader.elf.dir/Drivers/STM32G4xx_HAL_Driver/Src/stm32g4xx_hal_tim_ex.c.obj
START GROUP
LOAD c:/progra~2/gnuarm~1/102021~1.10/bin/../lib/gcc/arm-none-eabi/10.3.1/thumb/v7e-m/nofp\libgcc.a
LOAD c:/progra~2/gnuarm~1/102021~1.10/bin/../lib/gcc/arm-none-eabi/10.3.1/../../../../arm-none-eabi/lib/thumb/v7e-m/nofp\libc.a
END GROUP
LOAD c:/progra~2/gnuarm~1/102021~1.10/bin/../lib/gcc/arm-none-eabi/10.3.1/thumb/v7e-m/nofp/crtend.o
LOAD c:/progra~2/gnuarm~1/102021~1.10/bin/../lib/gcc/arm-none-eabi/10.3.1/thumb/v7e-m/nofp/crtn.o
                0x20008000                _estack = (ORIGIN (RAM) + LENGTH (RAM))
                0x00000200                _Min_Heap_Size = 0x200
                0x00000400                _Min_Stack_Size = 0x400

.isr_vector     0x08000000      0x1d8
                0x08000000                . = ALIGN (0x4)
 *(.isr_vector)
 .isr_vector    0x08000000      0x1d8 CMakeFiles/G4xx_bootloader.elf.dir/Core/Startup/startup_stm32g431kbux.s.obj
                0x08000000                g_pfnVectors
                0x080001d8                . = ALIGN (0x4)

.text           0x080001d8     0x2a58
                0x080001d8                . = ALIGN (0x4)
 *(.text)
 .text          0x080001d8       0x40 c:/progra~2/gnuarm~1/102021~1.10/bin/../lib/gcc/arm-none-eabi/10.3.1/thumb/v7e-m/nofp/crtbegin.o
 *(.text*)
 .text.MX_FDCAN1_Init
                0x08000218       0x54 CMakeFiles/G4xx_bootloader.elf.dir/Core/Src/fdcan.c.obj
                0x08000218                MX_FDCAN1_Init
 .text.HAL_FDCAN_MspInit
                0x0800026c       0xb0 CMakeFiles/G4xx_bootloader.elf.dir/Core/Src/fdcan.c.obj
                0x0800026c                HAL_FDCAN_MspInit
 .text.MX_GPIO_Init
                0x0800031c       0x50 CMakeFiles/G4xx_bootloader.elf.dir/Core/Src/gpio.c.obj
                0x0800031c                MX_GPIO_Init
 .text.Error_Handler
                0x0800036c        0x4 CMakeFiles/G4xx_bootloader.elf.dir/Core/Src/main.c.obj
                0x0800036c                Error_Handler
 .text.SystemClock_Config
                0x08000370       0x70 CMakeFiles/G4xx_bootloader.elf.dir/Core/Src/main.c.obj
                0x08000370                SystemClock_Config
 .text.main     0x080003e0       0x30 CMakeFiles/G4xx_bootloader.elf.dir/Core/Src/main.c.obj
                0x080003e0                main
 .text.HAL_MspInit
                0x08000410       0x38 CMakeFiles/G4xx_bootloader.elf.dir/Core/Src/stm32g4xx_hal_msp.c.obj
                0x08000410                HAL_MspInit
 .text.NMI_Handler
                0x08000448        0x2 CMakeFiles/G4xx_bootloader.elf.dir/Core/Src/stm32g4xx_it.c.obj
                0x08000448                NMI_Handler
 .text.HardFault_Handler
                0x0800044a        0x2 CMakeFiles/G4xx_bootloader.elf.dir/Core/Src/stm32g4xx_it.c.obj
                0x0800044a                HardFault_Handler
 .text.MemManage_Handler
                0x0800044c        0x2 CMakeFiles/G4xx_bootloader.elf.dir/Core/Src/stm32g4xx_it.c.obj
                0x0800044c                MemManage_Handler
 .text.BusFault_Handler
                0x0800044e        0x2 CMakeFiles/G4xx_bootloader.elf.dir/Core/Src/stm32g4xx_it.c.obj
                0x0800044e                BusFault_Handler
 .text.UsageFault_Handler
                0x08000450        0x2 CMakeFiles/G4xx_bootloader.elf.dir/Core/Src/stm32g4xx_it.c.obj
                0x08000450                UsageFault_Handler
 .text.SVC_Handler
                0x08000452        0x2 CMakeFiles/G4xx_bootloader.elf.dir/Core/Src/stm32g4xx_it.c.obj
                0x08000452                SVC_Handler
 .text.DebugMon_Handler
                0x08000454        0x2 CMakeFiles/G4xx_bootloader.elf.dir/Core/Src/stm32g4xx_it.c.obj
                0x08000454                DebugMon_Handler
 .text.PendSV_Handler
                0x08000456        0x2 CMakeFiles/G4xx_bootloader.elf.dir/Core/Src/stm32g4xx_it.c.obj
                0x08000456                PendSV_Handler
 .text.SysTick_Handler
                0x08000458        0x8 CMakeFiles/G4xx_bootloader.elf.dir/Core/Src/stm32g4xx_it.c.obj
                0x08000458                SysTick_Handler
 .text.FDCAN1_IT0_IRQHandler
                0x08000460       0x10 CMakeFiles/G4xx_bootloader.elf.dir/Core/Src/stm32g4xx_it.c.obj
                0x08000460                FDCAN1_IT0_IRQHandler
 .text.FDCAN1_IT1_IRQHandler
                0x08000470       0x10 CMakeFiles/G4xx_bootloader.elf.dir/Core/Src/stm32g4xx_it.c.obj
                0x08000470                FDCAN1_IT1_IRQHandler
 .text.TIM7_IRQHandler
                0x08000480       0x10 CMakeFiles/G4xx_bootloader.elf.dir/Core/Src/stm32g4xx_it.c.obj
                0x08000480                TIM7_IRQHandler
 .text.SystemInit
                0x08000490        0x2 CMakeFiles/G4xx_bootloader.elf.dir/Core/Src/system_stm32g4xx.c.obj
                0x08000490                SystemInit
 *fill*         0x08000492        0x2 
 .text.MX_TIM7_Init
                0x08000494       0x50 CMakeFiles/G4xx_bootloader.elf.dir/Core/Src/tim.c.obj
                0x08000494                MX_TIM7_Init
 .text.HAL_TIM_Base_MspInit
                0x080004e4       0x40 CMakeFiles/G4xx_bootloader.elf.dir/Core/Src/tim.c.obj
                0x080004e4                HAL_TIM_Base_MspInit
 .text.Reset_Handler
                0x08000524       0x50 CMakeFiles/G4xx_bootloader.elf.dir/Core/Startup/startup_stm32g431kbux.s.obj
                0x08000524                Reset_Handler
 .text.Default_Handler
                0x08000574        0x2 CMakeFiles/G4xx_bootloader.elf.dir/Core/Startup/startup_stm32g431kbux.s.obj
                0x08000574                RTC_Alarm_IRQHandler
                0x08000574                EXTI2_IRQHandler
                0x08000574                TIM8_TRG_COM_IRQHandler
                0x08000574                TIM8_CC_IRQHandler
                0x08000574                TIM1_CC_IRQHandler
                0x08000574                USB_HP_IRQHandler
                0x08000574                CORDIC_IRQHandler
                0x08000574                EXTI3_IRQHandler
                0x08000574                I2C3_ER_IRQHandler
                0x08000574                EXTI0_IRQHandler
                0x08000574                I2C2_EV_IRQHandler
                0x08000574                FPU_IRQHandler
                0x08000574                TIM1_UP_TIM16_IRQHandler
                0x08000574                ADC1_2_IRQHandler
                0x08000574                SPI1_IRQHandler
                0x08000574                TIM6_DAC_IRQHandler
                0x08000574                TIM8_UP_IRQHandler
                0x08000574                DMA2_Channel2_IRQHandler
                0x08000574                DMA1_Channel4_IRQHandler
                0x08000574                USART3_IRQHandler
                0x08000574                TIM4_IRQHandler
                0x08000574                DMA2_Channel1_IRQHandler
                0x08000574                I2C1_EV_IRQHandler
                0x08000574                DMA1_Channel6_IRQHandler
                0x08000574                UART4_IRQHandler
                0x08000574                DMA2_Channel4_IRQHandler
                0x08000574                TIM3_IRQHandler
                0x08000574                RCC_IRQHandler
                0x08000574                DMA1_Channel1_IRQHandler
                0x08000574                Default_Handler
                0x08000574                RTC_TAMP_LSECSS_IRQHandler
                0x08000574                FMAC_IRQHandler
                0x08000574                EXTI15_10_IRQHandler
                0x08000574                UCPD1_IRQHandler
                0x08000574                I2C3_EV_IRQHandler
                0x08000574                EXTI9_5_IRQHandler
                0x08000574                RTC_WKUP_IRQHandler
                0x08000574                PVD_PVM_IRQHandler
                0x08000574                SPI2_IRQHandler
                0x08000574                DMA2_Channel5_IRQHandler
                0x08000574                CRS_IRQHandler
                0x08000574                DMA1_Channel5_IRQHandler
                0x08000574                USB_LP_IRQHandler
                0x08000574                EXTI4_IRQHandler
                0x08000574                RNG_IRQHandler
                0x08000574                TIM1_TRG_COM_TIM17_IRQHandler
                0x08000574                DMA1_Channel3_IRQHandler
                0x08000574                WWDG_IRQHandler
                0x08000574                LPUART1_IRQHandler
                0x08000574                DMA2_Channel6_IRQHandler
                0x08000574                TIM2_IRQHandler
                0x08000574                COMP1_2_3_IRQHandler
                0x08000574                EXTI1_IRQHandler
                0x08000574                USART2_IRQHandler
                0x08000574                I2C2_ER_IRQHandler
                0x08000574                DMA1_Channel2_IRQHandler
                0x08000574                TIM8_BRK_IRQHandler
                0x08000574                FLASH_IRQHandler
                0x08000574                USART1_IRQHandler
                0x08000574                SPI3_IRQHandler
                0x08000574                I2C1_ER_IRQHandler
                0x08000574                LPTIM1_IRQHandler
                0x08000574                DMAMUX_OVR_IRQHandler
                0x08000574                USBWakeUp_IRQHandler
                0x08000574                SAI1_IRQHandler
                0x08000574                DMA2_Channel3_IRQHandler
                0x08000574                COMP4_IRQHandler
                0x08000574                TIM1_BRK_TIM15_IRQHandler
 *fill*         0x08000576        0x2 
 .text.Read_Start_Mode
                0x08000578       0x20 CMakeFiles/G4xx_bootloader.elf.dir/Core/User/Src/my_bootloader.c.obj
 .text.JumpToApp
                0x08000598       0x70 CMakeFiles/G4xx_bootloader.elf.dir/Core/User/Src/my_bootloader.c.obj
                0x08000598                JumpToApp
 .text.Data_transfer
                0x08000608       0xe4 CMakeFiles/G4xx_bootloader.elf.dir/Core/User/Src/my_bootloader.c.obj
                0x08000608                Data_transfer
 .text.Bootloader_Excute
                0x080006ec       0x54 CMakeFiles/G4xx_bootloader.elf.dir/Core/User/Src/my_bootloader.c.obj
                0x080006ec                Bootloader_Excute
 .text.CAN_filter_init
                0x08000740       0x38 CMakeFiles/G4xx_bootloader.elf.dir/Core/User/Src/my_fdcan.c.obj
 .text.CAN_bsp_init
                0x08000778       0x20 CMakeFiles/G4xx_bootloader.elf.dir/Core/User/Src/my_fdcan.c.obj
                0x08000778                CAN_bsp_init
 .text.CAN_Send_Msg
                0x08000798       0x4c CMakeFiles/G4xx_bootloader.elf.dir/Core/User/Src/my_fdcan.c.obj
                0x08000798                CAN_Send_Msg
 .text.GET_FDCAN_DATA
                0x080007e4       0x34 CMakeFiles/G4xx_bootloader.elf.dir/Core/User/Src/my_fdcan.c.obj
 .text.HAL_FDCAN_RxFifo0Callback
                0x08000818       0x74 CMakeFiles/G4xx_bootloader.elf.dir/Core/User/Src/my_fdcan.c.obj
                0x08000818                HAL_FDCAN_RxFifo0Callback
 .text.flash_read_word
                0x0800088c        0x4 CMakeFiles/G4xx_bootloader.elf.dir/Core/User/Src/my_flash.c.obj
                0x0800088c                flash_read_word
 .text.flash_read
                0x08000890       0x20 CMakeFiles/G4xx_bootloader.elf.dir/Core/User/Src/my_flash.c.obj
                0x08000890                flash_read
 .text.flash_get_flash_sector
                0x080008b0       0x54 CMakeFiles/G4xx_bootloader.elf.dir/Core/User/Src/my_flash.c.obj
                0x080008b0                flash_get_flash_sector
 .text.flash_NoErase_Write
                0x08000904       0x4c CMakeFiles/G4xx_bootloader.elf.dir/Core/User/Src/my_flash.c.obj
                0x08000904                flash_NoErase_Write
 .text.falsh_erase_Page
                0x08000950       0x48 CMakeFiles/G4xx_bootloader.elf.dir/Core/User/Src/my_flash.c.obj
                0x08000950                falsh_erase_Page
 .text.bsp_SoftTimerDec
                0x08000998       0x20 CMakeFiles/G4xx_bootloader.elf.dir/Core/User/Src/my_time.c.obj
 .text.bsp_InitTimer
                0x080009b8       0x30 CMakeFiles/G4xx_bootloader.elf.dir/Core/User/Src/my_time.c.obj
                0x080009b8                bsp_InitTimer
 .text.HAL_TIM_PeriodElapsedCallback
                0x080009e8       0x70 CMakeFiles/G4xx_bootloader.elf.dir/Core/User/Src/my_time.c.obj
                0x080009e8                HAL_TIM_PeriodElapsedCallback
 .text.bsp_StartAutoTimer
                0x08000a58       0x2c CMakeFiles/G4xx_bootloader.elf.dir/Core/User/Src/my_time.c.obj
                0x08000a58                bsp_StartAutoTimer
 .text.bsp_StopTimer
                0x08000a84       0x28 CMakeFiles/G4xx_bootloader.elf.dir/Core/User/Src/my_time.c.obj
                0x08000a84                bsp_StopTimer
 .text.bsp_CheckTimer
                0x08000aac       0x34 CMakeFiles/G4xx_bootloader.elf.dir/Core/User/Src/my_time.c.obj
                0x08000aac                bsp_CheckTimer
 .text.HAL_MspDeInit
                0x08000ae0        0x2 CMakeFiles/G4xx_bootloader.elf.dir/Drivers/STM32G4xx_HAL_Driver/Src/stm32g4xx_hal.c.obj
                0x08000ae0                HAL_MspDeInit
 *fill*         0x08000ae2        0x2 
 .text.HAL_DeInit
                0x08000ae4       0x2c CMakeFiles/G4xx_bootloader.elf.dir/Drivers/STM32G4xx_HAL_Driver/Src/stm32g4xx_hal.c.obj
                0x08000ae4                HAL_DeInit
 .text.HAL_InitTick
                0x08000b10       0x50 CMakeFiles/G4xx_bootloader.elf.dir/Drivers/STM32G4xx_HAL_Driver/Src/stm32g4xx_hal.c.obj
                0x08000b10                HAL_InitTick
 .text.HAL_Init
                0x08000b60       0x1e CMakeFiles/G4xx_bootloader.elf.dir/Drivers/STM32G4xx_HAL_Driver/Src/stm32g4xx_hal.c.obj
                0x08000b60                HAL_Init
 *fill*         0x08000b7e        0x2 
 .text.HAL_IncTick
                0x08000b80       0x18 CMakeFiles/G4xx_bootloader.elf.dir/Drivers/STM32G4xx_HAL_Driver/Src/stm32g4xx_hal.c.obj
                0x08000b80                HAL_IncTick
 .text.HAL_GetTick
                0x08000b98        0xc CMakeFiles/G4xx_bootloader.elf.dir/Drivers/STM32G4xx_HAL_Driver/Src/stm32g4xx_hal.c.obj
                0x08000b98                HAL_GetTick
 .text.HAL_Delay
                0x08000ba4       0x28 CMakeFiles/G4xx_bootloader.elf.dir/Drivers/STM32G4xx_HAL_Driver/Src/stm32g4xx_hal.c.obj
                0x08000ba4                HAL_Delay
 .text.HAL_NVIC_SetPriorityGrouping
                0x08000bcc       0x24 CMakeFiles/G4xx_bootloader.elf.dir/Drivers/STM32G4xx_HAL_Driver/Src/stm32g4xx_hal_cortex.c.obj
                0x08000bcc                HAL_NVIC_SetPriorityGrouping
 .text.HAL_NVIC_SetPriority
                0x08000bf0       0x70 CMakeFiles/G4xx_bootloader.elf.dir/Drivers/STM32G4xx_HAL_Driver/Src/stm32g4xx_hal_cortex.c.obj
                0x08000bf0                HAL_NVIC_SetPriority
 .text.HAL_NVIC_EnableIRQ
                0x08000c60       0x1c CMakeFiles/G4xx_bootloader.elf.dir/Drivers/STM32G4xx_HAL_Driver/Src/stm32g4xx_hal_cortex.c.obj
                0x08000c60                HAL_NVIC_EnableIRQ
 .text.HAL_SYSTICK_Config
                0x08000c7c       0x28 CMakeFiles/G4xx_bootloader.elf.dir/Drivers/STM32G4xx_HAL_Driver/Src/stm32g4xx_hal_cortex.c.obj
                0x08000c7c                HAL_SYSTICK_Config
 .text.FDCAN_CalcultateRamBlockAddresses
                0x08000ca4       0x64 CMakeFiles/G4xx_bootloader.elf.dir/Drivers/STM32G4xx_HAL_Driver/Src/stm32g4xx_hal_fdcan.c.obj
 .text.FDCAN_CopyMessageToRAM
                0x08000d08       0x88 CMakeFiles/G4xx_bootloader.elf.dir/Drivers/STM32G4xx_HAL_Driver/Src/stm32g4xx_hal_fdcan.c.obj
 .text.HAL_FDCAN_Init
                0x08000d90      0x1d4 CMakeFiles/G4xx_bootloader.elf.dir/Drivers/STM32G4xx_HAL_Driver/Src/stm32g4xx_hal_fdcan.c.obj
                0x08000d90                HAL_FDCAN_Init
 .text.HAL_FDCAN_ConfigFilter
                0x08000f64       0x60 CMakeFiles/G4xx_bootloader.elf.dir/Drivers/STM32G4xx_HAL_Driver/Src/stm32g4xx_hal_fdcan.c.obj
                0x08000f64                HAL_FDCAN_ConfigFilter
 .text.HAL_FDCAN_Start
                0x08000fc4       0x2e CMakeFiles/G4xx_bootloader.elf.dir/Drivers/STM32G4xx_HAL_Driver/Src/stm32g4xx_hal_fdcan.c.obj
                0x08000fc4                HAL_FDCAN_Start
 .text.HAL_FDCAN_AddMessageToTxFifoQ
                0x08000ff2       0x52 CMakeFiles/G4xx_bootloader.elf.dir/Drivers/STM32G4xx_HAL_Driver/Src/stm32g4xx_hal_fdcan.c.obj
                0x08000ff2                HAL_FDCAN_AddMessageToTxFifoQ
 .text.HAL_FDCAN_GetRxMessage
                0x08001044      0x164 CMakeFiles/G4xx_bootloader.elf.dir/Drivers/STM32G4xx_HAL_Driver/Src/stm32g4xx_hal_fdcan.c.obj
                0x08001044                HAL_FDCAN_GetRxMessage
 .text.HAL_FDCAN_ActivateNotification
                0x080011a8      0x106 CMakeFiles/G4xx_bootloader.elf.dir/Drivers/STM32G4xx_HAL_Driver/Src/stm32g4xx_hal_fdcan.c.obj
                0x080011a8                HAL_FDCAN_ActivateNotification
 .text.HAL_FDCAN_TxEventFifoCallback
                0x080012ae        0x2 CMakeFiles/G4xx_bootloader.elf.dir/Drivers/STM32G4xx_HAL_Driver/Src/stm32g4xx_hal_fdcan.c.obj
                0x080012ae                HAL_FDCAN_TxEventFifoCallback
 .text.HAL_FDCAN_RxFifo1Callback
                0x080012b0        0x2 CMakeFiles/G4xx_bootloader.elf.dir/Drivers/STM32G4xx_HAL_Driver/Src/stm32g4xx_hal_fdcan.c.obj
                0x080012b0                HAL_FDCAN_RxFifo1Callback
 .text.HAL_FDCAN_TxFifoEmptyCallback
                0x080012b2        0x2 CMakeFiles/G4xx_bootloader.elf.dir/Drivers/STM32G4xx_HAL_Driver/Src/stm32g4xx_hal_fdcan.c.obj
                0x080012b2                HAL_FDCAN_TxFifoEmptyCallback
 .text.HAL_FDCAN_TxBufferCompleteCallback
                0x080012b4        0x2 CMakeFiles/G4xx_bootloader.elf.dir/Drivers/STM32G4xx_HAL_Driver/Src/stm32g4xx_hal_fdcan.c.obj
                0x080012b4                HAL_FDCAN_TxBufferCompleteCallback
 .text.HAL_FDCAN_TxBufferAbortCallback
                0x080012b6        0x2 CMakeFiles/G4xx_bootloader.elf.dir/Drivers/STM32G4xx_HAL_Driver/Src/stm32g4xx_hal_fdcan.c.obj
                0x080012b6                HAL_FDCAN_TxBufferAbortCallback
 .text.HAL_FDCAN_TimestampWraparoundCallback
                0x080012b8        0x2 CMakeFiles/G4xx_bootloader.elf.dir/Drivers/STM32G4xx_HAL_Driver/Src/stm32g4xx_hal_fdcan.c.obj
                0x080012b8                HAL_FDCAN_TimestampWraparoundCallback
 .text.HAL_FDCAN_TimeoutOccurredCallback
                0x080012ba        0x2 CMakeFiles/G4xx_bootloader.elf.dir/Drivers/STM32G4xx_HAL_Driver/Src/stm32g4xx_hal_fdcan.c.obj
                0x080012ba                HAL_FDCAN_TimeoutOccurredCallback
 .text.HAL_FDCAN_HighPriorityMessageCallback
                0x080012bc        0x2 CMakeFiles/G4xx_bootloader.elf.dir/Drivers/STM32G4xx_HAL_Driver/Src/stm32g4xx_hal_fdcan.c.obj
                0x080012bc                HAL_FDCAN_HighPriorityMessageCallback
 .text.HAL_FDCAN_ErrorCallback
                0x080012be        0x2 CMakeFiles/G4xx_bootloader.elf.dir/Drivers/STM32G4xx_HAL_Driver/Src/stm32g4xx_hal_fdcan.c.obj
                0x080012be                HAL_FDCAN_ErrorCallback
 .text.HAL_FDCAN_ErrorStatusCallback
                0x080012c0        0x2 CMakeFiles/G4xx_bootloader.elf.dir/Drivers/STM32G4xx_HAL_Driver/Src/stm32g4xx_hal_fdcan.c.obj
                0x080012c0                HAL_FDCAN_ErrorStatusCallback
 .text.HAL_FDCAN_IRQHandler
                0x080012c2      0x188 CMakeFiles/G4xx_bootloader.elf.dir/Drivers/STM32G4xx_HAL_Driver/Src/stm32g4xx_hal_fdcan.c.obj
                0x080012c2                HAL_FDCAN_IRQHandler
 *fill*         0x0800144a        0x2 
 .text.FLASH_Program_DoubleWord
                0x0800144c       0x1c CMakeFiles/G4xx_bootloader.elf.dir/Drivers/STM32G4xx_HAL_Driver/Src/stm32g4xx_hal_flash.c.obj
 .text.FLASH_Program_Fast
                0x08001468       0x2c CMakeFiles/G4xx_bootloader.elf.dir/Drivers/STM32G4xx_HAL_Driver/Src/stm32g4xx_hal_flash.c.obj
 .text.HAL_FLASH_Unlock
                0x08001494       0x30 CMakeFiles/G4xx_bootloader.elf.dir/Drivers/STM32G4xx_HAL_Driver/Src/stm32g4xx_hal_flash.c.obj
                0x08001494                HAL_FLASH_Unlock
 .text.HAL_FLASH_Lock
                0x080014c4       0x1c CMakeFiles/G4xx_bootloader.elf.dir/Drivers/STM32G4xx_HAL_Driver/Src/stm32g4xx_hal_flash.c.obj
                0x080014c4                HAL_FLASH_Lock
 .text.FLASH_WaitForLastOperation
                0x080014e0       0x60 CMakeFiles/G4xx_bootloader.elf.dir/Drivers/STM32G4xx_HAL_Driver/Src/stm32g4xx_hal_flash.c.obj
                0x080014e0                FLASH_WaitForLastOperation
 .text.HAL_FLASH_Program
                0x08001540       0xb0 CMakeFiles/G4xx_bootloader.elf.dir/Drivers/STM32G4xx_HAL_Driver/Src/stm32g4xx_hal_flash.c.obj
                0x08001540                HAL_FLASH_Program
 .text.FLASH_MassErase
                0x080015f0       0x20 CMakeFiles/G4xx_bootloader.elf.dir/Drivers/STM32G4xx_HAL_Driver/Src/stm32g4xx_hal_flash_ex.c.obj
 .text.FLASH_PageErase
                0x08001610       0x28 CMakeFiles/G4xx_bootloader.elf.dir/Drivers/STM32G4xx_HAL_Driver/Src/stm32g4xx_hal_flash_ex.c.obj
                0x08001610                FLASH_PageErase
 .text.FLASH_FlushCaches
                0x08001638       0x64 CMakeFiles/G4xx_bootloader.elf.dir/Drivers/STM32G4xx_HAL_Driver/Src/stm32g4xx_hal_flash_ex.c.obj
                0x08001638                FLASH_FlushCaches
 .text.HAL_FLASHEx_Erase
                0x0800169c       0xec CMakeFiles/G4xx_bootloader.elf.dir/Drivers/STM32G4xx_HAL_Driver/Src/stm32g4xx_hal_flash_ex.c.obj
                0x0800169c                HAL_FLASHEx_Erase
 .text.HAL_GPIO_Init
                0x08001788      0x1dc CMakeFiles/G4xx_bootloader.elf.dir/Drivers/STM32G4xx_HAL_Driver/Src/stm32g4xx_hal_gpio.c.obj
                0x08001788                HAL_GPIO_Init
 .text.HAL_GPIO_WritePin
                0x08001964        0xa CMakeFiles/G4xx_bootloader.elf.dir/Drivers/STM32G4xx_HAL_Driver/Src/stm32g4xx_hal_gpio.c.obj
                0x08001964                HAL_GPIO_WritePin
 .text.HAL_GPIO_TogglePin
                0x0800196e       0x12 CMakeFiles/G4xx_bootloader.elf.dir/Drivers/STM32G4xx_HAL_Driver/Src/stm32g4xx_hal_gpio.c.obj
                0x0800196e                HAL_GPIO_TogglePin
 .text.HAL_PWREx_ControlVoltageScaling
                0x08001980      0x10c CMakeFiles/G4xx_bootloader.elf.dir/Drivers/STM32G4xx_HAL_Driver/Src/stm32g4xx_hal_pwr_ex.c.obj
                0x08001980                HAL_PWREx_ControlVoltageScaling
 .text.HAL_PWREx_DisableUCPDDeadBattery
                0x08001a8c       0x10 CMakeFiles/G4xx_bootloader.elf.dir/Drivers/STM32G4xx_HAL_Driver/Src/stm32g4xx_hal_pwr_ex.c.obj
                0x08001a8c                HAL_PWREx_DisableUCPDDeadBattery
 .text.RCC_GetSysClockFreqFromPLLSource
                0x08001a9c       0x58 CMakeFiles/G4xx_bootloader.elf.dir/Drivers/STM32G4xx_HAL_Driver/Src/stm32g4xx_hal_rcc.c.obj
 .text.HAL_RCC_DeInit
                0x08001af4       0xcc CMakeFiles/G4xx_bootloader.elf.dir/Drivers/STM32G4xx_HAL_Driver/Src/stm32g4xx_hal_rcc.c.obj
                0x08001af4                HAL_RCC_DeInit
 .text.HAL_RCC_OscConfig
                0x08001bc0      0x4e4 CMakeFiles/G4xx_bootloader.elf.dir/Drivers/STM32G4xx_HAL_Driver/Src/stm32g4xx_hal_rcc.c.obj
                0x08001bc0                HAL_RCC_OscConfig
 .text.HAL_RCC_GetSysClockFreq
                0x080020a4       0x88 CMakeFiles/G4xx_bootloader.elf.dir/Drivers/STM32G4xx_HAL_Driver/Src/stm32g4xx_hal_rcc.c.obj
                0x080020a4                HAL_RCC_GetSysClockFreq
 .text.HAL_RCC_ClockConfig
                0x0800212c      0x1f8 CMakeFiles/G4xx_bootloader.elf.dir/Drivers/STM32G4xx_HAL_Driver/Src/stm32g4xx_hal_rcc.c.obj
                0x0800212c                HAL_RCC_ClockConfig
 .text.HAL_RCCEx_PeriphCLKConfig
                0x08002324      0x2e4 CMakeFiles/G4xx_bootloader.elf.dir/Drivers/STM32G4xx_HAL_Driver/Src/stm32g4xx_hal_rcc_ex.c.obj
                0x08002324                HAL_RCCEx_PeriphCLKConfig
 .text.HAL_TIM_Base_Start_IT
                0x08002608       0x84 CMakeFiles/G4xx_bootloader.elf.dir/Drivers/STM32G4xx_HAL_Driver/Src/stm32g4xx_hal_tim.c.obj
                0x08002608                HAL_TIM_Base_Start_IT
 .text.HAL_TIM_OC_DelayElapsedCallback
                0x0800268c        0x2 CMakeFiles/G4xx_bootloader.elf.dir/Drivers/STM32G4xx_HAL_Driver/Src/stm32g4xx_hal_tim.c.obj
                0x0800268c                HAL_TIM_OC_DelayElapsedCallback
 .text.HAL_TIM_IC_CaptureCallback
                0x0800268e        0x2 CMakeFiles/G4xx_bootloader.elf.dir/Drivers/STM32G4xx_HAL_Driver/Src/stm32g4xx_hal_tim.c.obj
                0x0800268e                HAL_TIM_IC_CaptureCallback
 .text.HAL_TIM_PWM_PulseFinishedCallback
                0x08002690        0x2 CMakeFiles/G4xx_bootloader.elf.dir/Drivers/STM32G4xx_HAL_Driver/Src/stm32g4xx_hal_tim.c.obj
                0x08002690                HAL_TIM_PWM_PulseFinishedCallback
 .text.HAL_TIM_TriggerCallback
                0x08002692        0x2 CMakeFiles/G4xx_bootloader.elf.dir/Drivers/STM32G4xx_HAL_Driver/Src/stm32g4xx_hal_tim.c.obj
                0x08002692                HAL_TIM_TriggerCallback
 .text.HAL_TIM_IRQHandler
                0x08002694      0x1ea CMakeFiles/G4xx_bootloader.elf.dir/Drivers/STM32G4xx_HAL_Driver/Src/stm32g4xx_hal_tim.c.obj
                0x08002694                HAL_TIM_IRQHandler
 *fill*         0x0800287e        0x2 
 .text.TIM_Base_SetConfig
                0x08002880       0xc8 CMakeFiles/G4xx_bootloader.elf.dir/Drivers/STM32G4xx_HAL_Driver/Src/stm32g4xx_hal_tim.c.obj
                0x08002880                TIM_Base_SetConfig
 .text.HAL_TIM_Base_Init
                0x08002948       0x60 CMakeFiles/G4xx_bootloader.elf.dir/Drivers/STM32G4xx_HAL_Driver/Src/stm32g4xx_hal_tim.c.obj
                0x08002948                HAL_TIM_Base_Init
 .text.HAL_TIMEx_MasterConfigSynchronization
                0x080029a8       0x94 CMakeFiles/G4xx_bootloader.elf.dir/Drivers/STM32G4xx_HAL_Driver/Src/stm32g4xx_hal_tim_ex.c.obj
                0x080029a8                HAL_TIMEx_MasterConfigSynchronization
 .text.HAL_TIMEx_CommutCallback
                0x08002a3c        0x2 CMakeFiles/G4xx_bootloader.elf.dir/Drivers/STM32G4xx_HAL_Driver/Src/stm32g4xx_hal_tim_ex.c.obj
                0x08002a3c                HAL_TIMEx_CommutCallback
 .text.HAL_TIMEx_BreakCallback
                0x08002a3e        0x2 CMakeFiles/G4xx_bootloader.elf.dir/Drivers/STM32G4xx_HAL_Driver/Src/stm32g4xx_hal_tim_ex.c.obj
                0x08002a3e                HAL_TIMEx_BreakCallback
 .text.HAL_TIMEx_Break2Callback
                0x08002a40        0x2 CMakeFiles/G4xx_bootloader.elf.dir/Drivers/STM32G4xx_HAL_Driver/Src/stm32g4xx_hal_tim_ex.c.obj
                0x08002a40                HAL_TIMEx_Break2Callback
 .text.HAL_TIMEx_EncoderIndexCallback
                0x08002a42        0x2 CMakeFiles/G4xx_bootloader.elf.dir/Drivers/STM32G4xx_HAL_Driver/Src/stm32g4xx_hal_tim_ex.c.obj
                0x08002a42                HAL_TIMEx_EncoderIndexCallback
 .text.HAL_TIMEx_DirectionChangeCallback
                0x08002a44        0x2 CMakeFiles/G4xx_bootloader.elf.dir/Drivers/STM32G4xx_HAL_Driver/Src/stm32g4xx_hal_tim_ex.c.obj
                0x08002a44                HAL_TIMEx_DirectionChangeCallback
 .text.HAL_TIMEx_IndexErrorCallback
                0x08002a46        0x2 CMakeFiles/G4xx_bootloader.elf.dir/Drivers/STM32G4xx_HAL_Driver/Src/stm32g4xx_hal_tim_ex.c.obj
                0x08002a46                HAL_TIMEx_IndexErrorCallback
 .text.HAL_TIMEx_TransitionErrorCallback
                0x08002a48        0x2 CMakeFiles/G4xx_bootloader.elf.dir/Drivers/STM32G4xx_HAL_Driver/Src/stm32g4xx_hal_tim_ex.c.obj
                0x08002a48                HAL_TIMEx_TransitionErrorCallback
 *fill*         0x08002a4a        0x2 
 .text.__libc_init_array
                0x08002a4c       0x48 c:/progra~2/gnuarm~1/102021~1.10/bin/../lib/gcc/arm-none-eabi/10.3.1/../../../../arm-none-eabi/lib/thumb/v7e-m/nofp\libc.a(lib_a-init.o)
                0x08002a4c                __libc_init_array
 .text.memset   0x08002a94       0xa4 c:/progra~2/gnuarm~1/102021~1.10/bin/../lib/gcc/arm-none-eabi/10.3.1/../../../../arm-none-eabi/lib/thumb/v7e-m/nofp\libc.a(lib_a-memset.o)
                0x08002a94                memset
 .text.startup.register_fini
                0x08002b38       0x14 c:/progra~2/gnuarm~1/102021~1.10/bin/../lib/gcc/arm-none-eabi/10.3.1/../../../../arm-none-eabi/lib/thumb/v7e-m/nofp\libc.a(lib_a-__call_atexit.o)
 .text.atexit   0x08002b4c        0xc c:/progra~2/gnuarm~1/102021~1.10/bin/../lib/gcc/arm-none-eabi/10.3.1/../../../../arm-none-eabi/lib/thumb/v7e-m/nofp\libc.a(lib_a-atexit.o)
                0x08002b4c                atexit
 .text.__libc_fini_array
                0x08002b58       0x2c c:/progra~2/gnuarm~1/102021~1.10/bin/../lib/gcc/arm-none-eabi/10.3.1/../../../../arm-none-eabi/lib/thumb/v7e-m/nofp\libc.a(lib_a-fini.o)
                0x08002b58                __libc_fini_array
 .text.__retarget_lock_acquire_recursive
                0x08002b84        0x4 c:/progra~2/gnuarm~1/102021~1.10/bin/../lib/gcc/arm-none-eabi/10.3.1/../../../../arm-none-eabi/lib/thumb/v7e-m/nofp\libc.a(lib_a-lock.o)
                0x08002b84                __retarget_lock_acquire_recursive
 .text.__retarget_lock_release_recursive
                0x08002b88        0x4 c:/progra~2/gnuarm~1/102021~1.10/bin/../lib/gcc/arm-none-eabi/10.3.1/../../../../arm-none-eabi/lib/thumb/v7e-m/nofp\libc.a(lib_a-lock.o)
                0x08002b88                __retarget_lock_release_recursive
 .text.__register_exitproc
                0x08002b8c       0x8c c:/progra~2/gnuarm~1/102021~1.10/bin/../lib/gcc/arm-none-eabi/10.3.1/../../../../arm-none-eabi/lib/thumb/v7e-m/nofp\libc.a(lib_a-__atexit.o)
                0x08002b8c                __register_exitproc
 *(.glue_7)
 .glue_7        0x08002c18        0x0 linker stubs
 *(.glue_7t)
 .glue_7t       0x08002c18        0x0 linker stubs
 *(.eh_frame)
 .eh_frame      0x08002c18        0x0 c:/progra~2/gnuarm~1/102021~1.10/bin/../lib/gcc/arm-none-eabi/10.3.1/thumb/v7e-m/nofp/crtbegin.o
 *(.init)
 .init          0x08002c18        0x4 c:/progra~2/gnuarm~1/102021~1.10/bin/../lib/gcc/arm-none-eabi/10.3.1/thumb/v7e-m/nofp/crti.o
                0x08002c18                _init
 .init          0x08002c1c        0x8 c:/progra~2/gnuarm~1/102021~1.10/bin/../lib/gcc/arm-none-eabi/10.3.1/thumb/v7e-m/nofp/crtn.o
 *(.fini)
 .fini          0x08002c24        0x4 c:/progra~2/gnuarm~1/102021~1.10/bin/../lib/gcc/arm-none-eabi/10.3.1/thumb/v7e-m/nofp/crti.o
                0x08002c24                _fini
 .fini          0x08002c28        0x8 c:/progra~2/gnuarm~1/102021~1.10/bin/../lib/gcc/arm-none-eabi/10.3.1/thumb/v7e-m/nofp/crtn.o
                0x08002c30                . = ALIGN (0x4)
                0x08002c30                _etext = .

.vfp11_veneer   0x08002c30        0x0
 .vfp11_veneer  0x08002c30        0x0 linker stubs

.v4_bx          0x08002c30        0x0
 .v4_bx         0x08002c30        0x0 linker stubs

.iplt           0x08002c30        0x0
 .iplt          0x08002c30        0x0 c:/progra~2/gnuarm~1/102021~1.10/bin/../lib/gcc/arm-none-eabi/10.3.1/thumb/v7e-m/nofp/crtbegin.o

.rodata         0x08002c30       0x24
                0x08002c30                . = ALIGN (0x4)
 *(.rodata)
 *(.rodata*)
 .rodata.AHBPrescTable
                0x08002c30       0x10 CMakeFiles/G4xx_bootloader.elf.dir/Core/Src/system_stm32g4xx.c.obj
                0x08002c30                AHBPrescTable
 .rodata.DLCtoBytes
                0x08002c40       0x10 CMakeFiles/G4xx_bootloader.elf.dir/Drivers/STM32G4xx_HAL_Driver/Src/stm32g4xx_hal_fdcan.c.obj
 .rodata._global_impure_ptr
                0x08002c50        0x4 c:/progra~2/gnuarm~1/102021~1.10/bin/../lib/gcc/arm-none-eabi/10.3.1/../../../../arm-none-eabi/lib/thumb/v7e-m/nofp\libc.a(lib_a-impure.o)
                0x08002c50                _global_impure_ptr
                0x08002c54                . = ALIGN (0x4)

.rel.dyn        0x08002c54        0x0
 .rel.iplt      0x08002c54        0x0 c:/progra~2/gnuarm~1/102021~1.10/bin/../lib/gcc/arm-none-eabi/10.3.1/thumb/v7e-m/nofp/crtbegin.o

.ARM.extab      0x08002c54        0x0
                0x08002c54                . = ALIGN (0x4)
 *(.ARM.extab* .gnu.linkonce.armextab.*)
                0x08002c54                . = ALIGN (0x4)

.ARM            0x08002c54        0x0
                0x08002c54                . = ALIGN (0x4)
                0x08002c54                __exidx_start = .
 *(.ARM.exidx*)
                0x08002c54                __exidx_end = .
                0x08002c54                . = ALIGN (0x4)

.preinit_array  0x08002c54        0x0
                0x08002c54                . = ALIGN (0x4)
                0x08002c54                PROVIDE (__preinit_array_start = .)
 *(.preinit_array*)
                0x08002c54                PROVIDE (__preinit_array_end = .)
                0x08002c54                . = ALIGN (0x4)

.init_array     0x08002c54        0x8
                0x08002c54                . = ALIGN (0x4)
                0x08002c54                PROVIDE (__init_array_start = .)
 *(SORT_BY_NAME(.init_array.*))
 .init_array.00000
                0x08002c54        0x4 c:/progra~2/gnuarm~1/102021~1.10/bin/../lib/gcc/arm-none-eabi/10.3.1/../../../../arm-none-eabi/lib/thumb/v7e-m/nofp\libc.a(lib_a-__call_atexit.o)
 *(.init_array*)
 .init_array    0x08002c58        0x4 c:/progra~2/gnuarm~1/102021~1.10/bin/../lib/gcc/arm-none-eabi/10.3.1/thumb/v7e-m/nofp/crtbegin.o
                0x08002c5c                PROVIDE (__init_array_end = .)
                0x08002c5c                . = ALIGN (0x4)

.fini_array     0x08002c5c        0x4
                0x08002c5c                . = ALIGN (0x4)
                0x08002c5c                PROVIDE (__fini_array_start = .)
 *(SORT_BY_NAME(.fini_array.*))
 *(.fini_array*)
 .fini_array    0x08002c5c        0x4 c:/progra~2/gnuarm~1/102021~1.10/bin/../lib/gcc/arm-none-eabi/10.3.1/thumb/v7e-m/nofp/crtbegin.o
                0x08002c60                PROVIDE (__fini_array_end = .)
                0x08002c60                . = ALIGN (0x4)
                0x08002c60                _sidata = LOADADDR (.data)

.data           0x20000000      0x464 load address 0x08002c60
                0x20000000                . = ALIGN (0x4)
                0x20000000                _sdata = .
 *(.data)
 *(.data*)
 .data.SystemCoreClock
                0x20000000        0x4 CMakeFiles/G4xx_bootloader.elf.dir/Core/Src/system_stm32g4xx.c.obj
                0x20000000                SystemCoreClock
 .data.ReturnPackets_Ng
                0x20000004        0x5 CMakeFiles/G4xx_bootloader.elf.dir/Core/User/Src/my_fdcan.c.obj
                0x20000004                ReturnPackets_Ng
 *fill*         0x20000009        0x3 
 .data.uwTickFreq
                0x2000000c        0x4 CMakeFiles/G4xx_bootloader.elf.dir/Drivers/STM32G4xx_HAL_Driver/Src/stm32g4xx_hal.c.obj
                0x2000000c                uwTickFreq
 .data.uwTickPrio
                0x20000010        0x4 CMakeFiles/G4xx_bootloader.elf.dir/Drivers/STM32G4xx_HAL_Driver/Src/stm32g4xx_hal.c.obj
                0x20000010                uwTickPrio
 .data.pFlash   0x20000014       0x20 CMakeFiles/G4xx_bootloader.elf.dir/Drivers/STM32G4xx_HAL_Driver/Src/stm32g4xx_hal_flash.c.obj
                0x20000014                pFlash
 *fill*         0x20000034        0x4 
 .data.impure_data
                0x20000038      0x428 c:/progra~2/gnuarm~1/102021~1.10/bin/../lib/gcc/arm-none-eabi/10.3.1/../../../../arm-none-eabi/lib/thumb/v7e-m/nofp\libc.a(lib_a-impure.o)
 .data.__atexit_recursive_mutex
                0x20000460        0x4 c:/progra~2/gnuarm~1/102021~1.10/bin/../lib/gcc/arm-none-eabi/10.3.1/../../../../arm-none-eabi/lib/thumb/v7e-m/nofp\libc.a(lib_a-__call_atexit.o)
                0x20000460                __atexit_recursive_mutex
 *(.RamFunc)
 *(.RamFunc*)
                0x20000464                . = ALIGN (0x4)
                0x20000464                _edata = .

.igot.plt       0x20000464        0x0 load address 0x080030c4
 .igot.plt      0x20000464        0x0 c:/progra~2/gnuarm~1/102021~1.10/bin/../lib/gcc/arm-none-eabi/10.3.1/thumb/v7e-m/nofp/crtbegin.o
                0x20000464                . = ALIGN (0x4)

.bss            0x20000464      0x19c load address 0x080030c4
                0x20000464                _sbss = .
                0x20000464                __bss_start__ = _sbss
 *(.bss)
 .bss           0x20000464       0x1c c:/progra~2/gnuarm~1/102021~1.10/bin/../lib/gcc/arm-none-eabi/10.3.1/thumb/v7e-m/nofp/crtbegin.o
 *(.bss*)
 .bss.hfdcan1   0x20000480       0x64 CMakeFiles/G4xx_bootloader.elf.dir/Core/Src/fdcan.c.obj
                0x20000480                hfdcan1
 .bss.htim7     0x200004e4       0x4c CMakeFiles/G4xx_bootloader.elf.dir/Core/Src/tim.c.obj
                0x200004e4                htim7
 .bss.RXHeader  0x20000530       0x28 CMakeFiles/G4xx_bootloader.elf.dir/Core/User/Src/my_fdcan.c.obj
                0x20000530                RXHeader
 .bss.TXHeader  0x20000558       0x24 CMakeFiles/G4xx_bootloader.elf.dir/Core/User/Src/my_fdcan.c.obj
                0x20000558                TXHeader
 .bss.flash_move_start
                0x2000057c        0x1 CMakeFiles/G4xx_bootloader.elf.dir/Core/User/Src/my_fdcan.c.obj
                0x2000057c                flash_move_start
 *fill*         0x2000057d        0x3 
 .bss.g_sucdata
                0x20000580       0x40 CMakeFiles/G4xx_bootloader.elf.dir/Core/User/Src/my_fdcan.c.obj
                0x20000580                g_sucdata
 .bss.ota_move_end
                0x200005c0        0x1 CMakeFiles/G4xx_bootloader.elf.dir/Core/User/Src/my_fdcan.c.obj
                0x200005c0                ota_move_end
 .bss.upgrade   0x200005c1        0x1 CMakeFiles/G4xx_bootloader.elf.dir/Core/User/Src/my_fdcan.c.obj
                0x200005c1                upgrade
 .bss.g_IwdgTime
                0x200005c2        0x2 CMakeFiles/G4xx_bootloader.elf.dir/Core/User/Src/my_time.c.obj
                0x200005c2                g_IwdgTime
 .bss.g_iRunTime
                0x200005c4        0x4 CMakeFiles/G4xx_bootloader.elf.dir/Core/User/Src/my_time.c.obj
                0x200005c4                g_iRunTime
 .bss.s_tTmr    0x200005c8       0x30 CMakeFiles/G4xx_bootloader.elf.dir/Core/User/Src/my_time.c.obj
 .bss.uwTick    0x200005f8        0x4 CMakeFiles/G4xx_bootloader.elf.dir/Drivers/STM32G4xx_HAL_Driver/Src/stm32g4xx_hal.c.obj
                0x200005f8                uwTick
 .bss.__lock___atexit_recursive_mutex
                0x200005fc        0x1 c:/progra~2/gnuarm~1/102021~1.10/bin/../lib/gcc/arm-none-eabi/10.3.1/../../../../arm-none-eabi/lib/thumb/v7e-m/nofp\libc.a(lib_a-lock.o)
                0x200005fc                __lock___atexit_recursive_mutex
 *(COMMON)
                0x20000600                . = ALIGN (0x4)
 *fill*         0x200005fd        0x3 
                0x20000600                _ebss = .
                0x20000600                __bss_end__ = _ebss

._user_heap_stack
                0x20000600      0x600 load address 0x080030c4
                0x20000600                . = ALIGN (0x8)
                [!provide]                PROVIDE (end = .)
                0x20000600                PROVIDE (_end = .)
                0x20000800                . = (. + _Min_Heap_Size)
 *fill*         0x20000600      0x200 
                0x20000c00                . = (. + _Min_Stack_Size)
 *fill*         0x20000800      0x400 
                0x20000c00                . = ALIGN (0x8)

/DISCARD/
 libc.a(*)
 libm.a(*)
 libgcc.a(*)

.ARM.attributes
                0x00000000       0x2a
 *(.ARM.attributes)
 .ARM.attributes
                0x00000000       0x1e c:/progra~2/gnuarm~1/102021~1.10/bin/../lib/gcc/arm-none-eabi/10.3.1/thumb/v7e-m/nofp/crti.o
 .ARM.attributes
                0x0000001e       0x2e c:/progra~2/gnuarm~1/102021~1.10/bin/../lib/gcc/arm-none-eabi/10.3.1/thumb/v7e-m/nofp/crtbegin.o
 .ARM.attributes
                0x0000004c       0x2e CMakeFiles/G4xx_bootloader.elf.dir/Core/Src/fdcan.c.obj
 .ARM.attributes
                0x0000007a       0x2e CMakeFiles/G4xx_bootloader.elf.dir/Core/Src/gpio.c.obj
 .ARM.attributes
                0x000000a8       0x2e CMakeFiles/G4xx_bootloader.elf.dir/Core/Src/main.c.obj
 .ARM.attributes
                0x000000d6       0x2e CMakeFiles/G4xx_bootloader.elf.dir/Core/Src/stm32g4xx_hal_msp.c.obj
 .ARM.attributes
                0x00000104       0x2e CMakeFiles/G4xx_bootloader.elf.dir/Core/Src/stm32g4xx_it.c.obj
 .ARM.attributes
                0x00000132       0x2e CMakeFiles/G4xx_bootloader.elf.dir/Core/Src/system_stm32g4xx.c.obj
 .ARM.attributes
                0x00000160       0x2e CMakeFiles/G4xx_bootloader.elf.dir/Core/Src/tim.c.obj
 .ARM.attributes
                0x0000018e       0x21 CMakeFiles/G4xx_bootloader.elf.dir/Core/Startup/startup_stm32g431kbux.s.obj
 .ARM.attributes
                0x000001af       0x2e CMakeFiles/G4xx_bootloader.elf.dir/Core/User/Src/my_bootloader.c.obj
 .ARM.attributes
                0x000001dd       0x2e CMakeFiles/G4xx_bootloader.elf.dir/Core/User/Src/my_fdcan.c.obj
 .ARM.attributes
                0x0000020b       0x2e CMakeFiles/G4xx_bootloader.elf.dir/Core/User/Src/my_flash.c.obj
 .ARM.attributes
                0x00000239       0x2e CMakeFiles/G4xx_bootloader.elf.dir/Core/User/Src/my_time.c.obj
 .ARM.attributes
                0x00000267       0x2e CMakeFiles/G4xx_bootloader.elf.dir/Drivers/STM32G4xx_HAL_Driver/Src/stm32g4xx_hal.c.obj
 .ARM.attributes
                0x00000295       0x2e CMakeFiles/G4xx_bootloader.elf.dir/Drivers/STM32G4xx_HAL_Driver/Src/stm32g4xx_hal_cortex.c.obj
 .ARM.attributes
                0x000002c3       0x2e CMakeFiles/G4xx_bootloader.elf.dir/Drivers/STM32G4xx_HAL_Driver/Src/stm32g4xx_hal_fdcan.c.obj
 .ARM.attributes
                0x000002f1       0x2e CMakeFiles/G4xx_bootloader.elf.dir/Drivers/STM32G4xx_HAL_Driver/Src/stm32g4xx_hal_flash.c.obj
 .ARM.attributes
                0x0000031f       0x2e CMakeFiles/G4xx_bootloader.elf.dir/Drivers/STM32G4xx_HAL_Driver/Src/stm32g4xx_hal_flash_ex.c.obj
 .ARM.attributes
                0x0000034d       0x2e CMakeFiles/G4xx_bootloader.elf.dir/Drivers/STM32G4xx_HAL_Driver/Src/stm32g4xx_hal_gpio.c.obj
 .ARM.attributes
                0x0000037b       0x2e CMakeFiles/G4xx_bootloader.elf.dir/Drivers/STM32G4xx_HAL_Driver/Src/stm32g4xx_hal_pwr_ex.c.obj
 .ARM.attributes
                0x000003a9       0x2e CMakeFiles/G4xx_bootloader.elf.dir/Drivers/STM32G4xx_HAL_Driver/Src/stm32g4xx_hal_rcc.c.obj
 .ARM.attributes
                0x000003d7       0x2e CMakeFiles/G4xx_bootloader.elf.dir/Drivers/STM32G4xx_HAL_Driver/Src/stm32g4xx_hal_rcc_ex.c.obj
 .ARM.attributes
                0x00000405       0x2e CMakeFiles/G4xx_bootloader.elf.dir/Drivers/STM32G4xx_HAL_Driver/Src/stm32g4xx_hal_tim.c.obj
 .ARM.attributes
                0x00000433       0x2e CMakeFiles/G4xx_bootloader.elf.dir/Drivers/STM32G4xx_HAL_Driver/Src/stm32g4xx_hal_tim_ex.c.obj
 .ARM.attributes
                0x00000461       0x2e c:/progra~2/gnuarm~1/102021~1.10/bin/../lib/gcc/arm-none-eabi/10.3.1/../../../../arm-none-eabi/lib/thumb/v7e-m/nofp\libc.a(lib_a-impure.o)
 .ARM.attributes
                0x0000048f       0x2e c:/progra~2/gnuarm~1/102021~1.10/bin/../lib/gcc/arm-none-eabi/10.3.1/../../../../arm-none-eabi/lib/thumb/v7e-m/nofp\libc.a(lib_a-init.o)
 .ARM.attributes
                0x000004bd       0x2e c:/progra~2/gnuarm~1/102021~1.10/bin/../lib/gcc/arm-none-eabi/10.3.1/../../../../arm-none-eabi/lib/thumb/v7e-m/nofp\libc.a(lib_a-memset.o)
 .ARM.attributes
                0x000004eb       0x2e c:/progra~2/gnuarm~1/102021~1.10/bin/../lib/gcc/arm-none-eabi/10.3.1/../../../../arm-none-eabi/lib/thumb/v7e-m/nofp\libc.a(lib_a-__call_atexit.o)
 .ARM.attributes
                0x00000519       0x2e c:/progra~2/gnuarm~1/102021~1.10/bin/../lib/gcc/arm-none-eabi/10.3.1/../../../../arm-none-eabi/lib/thumb/v7e-m/nofp\libc.a(lib_a-atexit.o)
 .ARM.attributes
                0x00000547       0x2e c:/progra~2/gnuarm~1/102021~1.10/bin/../lib/gcc/arm-none-eabi/10.3.1/../../../../arm-none-eabi/lib/thumb/v7e-m/nofp\libc.a(lib_a-fini.o)
 .ARM.attributes
                0x00000575       0x2e c:/progra~2/gnuarm~1/102021~1.10/bin/../lib/gcc/arm-none-eabi/10.3.1/../../../../arm-none-eabi/lib/thumb/v7e-m/nofp\libc.a(lib_a-lock.o)
 .ARM.attributes
                0x000005a3       0x2e c:/progra~2/gnuarm~1/102021~1.10/bin/../lib/gcc/arm-none-eabi/10.3.1/../../../../arm-none-eabi/lib/thumb/v7e-m/nofp\libc.a(lib_a-__atexit.o)
 .ARM.attributes
                0x000005d1       0x1e c:/progra~2/gnuarm~1/102021~1.10/bin/../lib/gcc/arm-none-eabi/10.3.1/thumb/v7e-m/nofp/crtn.o
OUTPUT(G4xx_bootloader.elf elf32-littlearm)
LOAD linker stubs
LOAD c:/progra~2/gnuarm~1/102021~1.10/bin/../lib/gcc/arm-none-eabi/10.3.1/../../../../arm-none-eabi/lib/thumb/v7e-m/nofp\libc.a
LOAD c:/progra~2/gnuarm~1/102021~1.10/bin/../lib/gcc/arm-none-eabi/10.3.1/../../../../arm-none-eabi/lib/thumb/v7e-m/nofp\libm.a
LOAD c:/progra~2/gnuarm~1/102021~1.10/bin/../lib/gcc/arm-none-eabi/10.3.1/thumb/v7e-m/nofp\libgcc.a

.debug_info     0x00000000    0x14d3a
 .debug_info    0x00000000      0xe59 CMakeFiles/G4xx_bootloader.elf.dir/Core/Src/fdcan.c.obj
 .debug_info    0x00000e59      0x4b4 CMakeFiles/G4xx_bootloader.elf.dir/Core/Src/gpio.c.obj
 .debug_info    0x0000130d      0xb3f CMakeFiles/G4xx_bootloader.elf.dir/Core/Src/main.c.obj
 .debug_info    0x00001e4c      0x345 CMakeFiles/G4xx_bootloader.elf.dir/Core/Src/stm32g4xx_hal_msp.c.obj
 .debug_info    0x00002191      0xdd6 CMakeFiles/G4xx_bootloader.elf.dir/Core/Src/stm32g4xx_it.c.obj
 .debug_info    0x00002f67      0x3f9 CMakeFiles/G4xx_bootloader.elf.dir/Core/Src/system_stm32g4xx.c.obj
 .debug_info    0x00003360      0xe08 CMakeFiles/G4xx_bootloader.elf.dir/Core/Src/tim.c.obj
 .debug_info    0x00004168       0x22 CMakeFiles/G4xx_bootloader.elf.dir/Core/Startup/startup_stm32g431kbux.s.obj
 .debug_info    0x0000418a      0x82b CMakeFiles/G4xx_bootloader.elf.dir/Core/User/Src/my_bootloader.c.obj
 .debug_info    0x000049b5      0xc82 CMakeFiles/G4xx_bootloader.elf.dir/Core/User/Src/my_fdcan.c.obj
 .debug_info    0x00005637      0x6e2 CMakeFiles/G4xx_bootloader.elf.dir/Core/User/Src/my_flash.c.obj
 .debug_info    0x00005d19      0xba2 CMakeFiles/G4xx_bootloader.elf.dir/Core/User/Src/my_time.c.obj
 .debug_info    0x000068bb      0xbb8 CMakeFiles/G4xx_bootloader.elf.dir/Drivers/STM32G4xx_HAL_Driver/Src/stm32g4xx_hal.c.obj
 .debug_info    0x00007473     0x108f CMakeFiles/G4xx_bootloader.elf.dir/Drivers/STM32G4xx_HAL_Driver/Src/stm32g4xx_hal_cortex.c.obj
 .debug_info    0x00008502     0x1d4f CMakeFiles/G4xx_bootloader.elf.dir/Drivers/STM32G4xx_HAL_Driver/Src/stm32g4xx_hal_fdcan.c.obj
 .debug_info    0x0000a251      0x8e8 CMakeFiles/G4xx_bootloader.elf.dir/Drivers/STM32G4xx_HAL_Driver/Src/stm32g4xx_hal_flash.c.obj
 .debug_info    0x0000ab39      0xbe9 CMakeFiles/G4xx_bootloader.elf.dir/Drivers/STM32G4xx_HAL_Driver/Src/stm32g4xx_hal_flash_ex.c.obj
 .debug_info    0x0000b722      0x865 CMakeFiles/G4xx_bootloader.elf.dir/Drivers/STM32G4xx_HAL_Driver/Src/stm32g4xx_hal_gpio.c.obj
 .debug_info    0x0000bf87      0xa07 CMakeFiles/G4xx_bootloader.elf.dir/Drivers/STM32G4xx_HAL_Driver/Src/stm32g4xx_hal_pwr_ex.c.obj
 .debug_info    0x0000c98e      0xe96 CMakeFiles/G4xx_bootloader.elf.dir/Drivers/STM32G4xx_HAL_Driver/Src/stm32g4xx_hal_rcc.c.obj
 .debug_info    0x0000d824      0xecf CMakeFiles/G4xx_bootloader.elf.dir/Drivers/STM32G4xx_HAL_Driver/Src/stm32g4xx_hal_rcc_ex.c.obj
 .debug_info    0x0000e6f3     0x410f CMakeFiles/G4xx_bootloader.elf.dir/Drivers/STM32G4xx_HAL_Driver/Src/stm32g4xx_hal_tim.c.obj
 .debug_info    0x00012802     0x2538 CMakeFiles/G4xx_bootloader.elf.dir/Drivers/STM32G4xx_HAL_Driver/Src/stm32g4xx_hal_tim_ex.c.obj

.debug_abbrev   0x00000000     0x2f95
 .debug_abbrev  0x00000000      0x1c5 CMakeFiles/G4xx_bootloader.elf.dir/Core/Src/fdcan.c.obj
 .debug_abbrev  0x000001c5      0x14e CMakeFiles/G4xx_bootloader.elf.dir/Core/Src/gpio.c.obj
 .debug_abbrev  0x00000313      0x234 CMakeFiles/G4xx_bootloader.elf.dir/Core/Src/main.c.obj
 .debug_abbrev  0x00000547       0xd6 CMakeFiles/G4xx_bootloader.elf.dir/Core/Src/stm32g4xx_hal_msp.c.obj
 .debug_abbrev  0x0000061d      0x1bb CMakeFiles/G4xx_bootloader.elf.dir/Core/Src/stm32g4xx_it.c.obj
 .debug_abbrev  0x000007d8      0x119 CMakeFiles/G4xx_bootloader.elf.dir/Core/Src/system_stm32g4xx.c.obj
 .debug_abbrev  0x000008f1      0x20f CMakeFiles/G4xx_bootloader.elf.dir/Core/Src/tim.c.obj
 .debug_abbrev  0x00000b00       0x12 CMakeFiles/G4xx_bootloader.elf.dir/Core/Startup/startup_stm32g431kbux.s.obj
 .debug_abbrev  0x00000b12      0x2f8 CMakeFiles/G4xx_bootloader.elf.dir/Core/User/Src/my_bootloader.c.obj
 .debug_abbrev  0x00000e0a      0x29f CMakeFiles/G4xx_bootloader.elf.dir/Core/User/Src/my_fdcan.c.obj
 .debug_abbrev  0x000010a9      0x1c7 CMakeFiles/G4xx_bootloader.elf.dir/Core/User/Src/my_flash.c.obj
 .debug_abbrev  0x00001270      0x283 CMakeFiles/G4xx_bootloader.elf.dir/Core/User/Src/my_time.c.obj
 .debug_abbrev  0x000014f3      0x23e CMakeFiles/G4xx_bootloader.elf.dir/Drivers/STM32G4xx_HAL_Driver/Src/stm32g4xx_hal.c.obj
 .debug_abbrev  0x00001731      0x361 CMakeFiles/G4xx_bootloader.elf.dir/Drivers/STM32G4xx_HAL_Driver/Src/stm32g4xx_hal_cortex.c.obj
 .debug_abbrev  0x00001a92      0x1d8 CMakeFiles/G4xx_bootloader.elf.dir/Drivers/STM32G4xx_HAL_Driver/Src/stm32g4xx_hal_fdcan.c.obj
 .debug_abbrev  0x00001c6a      0x301 CMakeFiles/G4xx_bootloader.elf.dir/Drivers/STM32G4xx_HAL_Driver/Src/stm32g4xx_hal_flash.c.obj
 .debug_abbrev  0x00001f6b      0x271 CMakeFiles/G4xx_bootloader.elf.dir/Drivers/STM32G4xx_HAL_Driver/Src/stm32g4xx_hal_flash_ex.c.obj
 .debug_abbrev  0x000021dc      0x1e6 CMakeFiles/G4xx_bootloader.elf.dir/Drivers/STM32G4xx_HAL_Driver/Src/stm32g4xx_hal_gpio.c.obj
 .debug_abbrev  0x000023c2      0x245 CMakeFiles/G4xx_bootloader.elf.dir/Drivers/STM32G4xx_HAL_Driver/Src/stm32g4xx_hal_pwr_ex.c.obj
 .debug_abbrev  0x00002607      0x26f CMakeFiles/G4xx_bootloader.elf.dir/Drivers/STM32G4xx_HAL_Driver/Src/stm32g4xx_hal_rcc.c.obj
 .debug_abbrev  0x00002876      0x243 CMakeFiles/G4xx_bootloader.elf.dir/Drivers/STM32G4xx_HAL_Driver/Src/stm32g4xx_hal_rcc_ex.c.obj
 .debug_abbrev  0x00002ab9      0x263 CMakeFiles/G4xx_bootloader.elf.dir/Drivers/STM32G4xx_HAL_Driver/Src/stm32g4xx_hal_tim.c.obj
 .debug_abbrev  0x00002d1c      0x279 CMakeFiles/G4xx_bootloader.elf.dir/Drivers/STM32G4xx_HAL_Driver/Src/stm32g4xx_hal_tim_ex.c.obj

.debug_loc      0x00000000     0xe787
 .debug_loc     0x00000000       0x9e CMakeFiles/G4xx_bootloader.elf.dir/Core/Src/fdcan.c.obj
 .debug_loc     0x0000009e       0x9d CMakeFiles/G4xx_bootloader.elf.dir/Core/Src/system_stm32g4xx.c.obj
 .debug_loc     0x0000013b       0x67 CMakeFiles/G4xx_bootloader.elf.dir/Core/Src/tim.c.obj
 .debug_loc     0x000001a2      0x28e CMakeFiles/G4xx_bootloader.elf.dir/Core/User/Src/my_bootloader.c.obj
 .debug_loc     0x00000430      0x2c0 CMakeFiles/G4xx_bootloader.elf.dir/Core/User/Src/my_fdcan.c.obj
 .debug_loc     0x000006f0      0x470 CMakeFiles/G4xx_bootloader.elf.dir/Core/User/Src/my_flash.c.obj
 .debug_loc     0x00000b60      0x1a4 CMakeFiles/G4xx_bootloader.elf.dir/Core/User/Src/my_time.c.obj
 .debug_loc     0x00000d04      0x1ef CMakeFiles/G4xx_bootloader.elf.dir/Drivers/STM32G4xx_HAL_Driver/Src/stm32g4xx_hal.c.obj
 .debug_loc     0x00000ef3      0x736 CMakeFiles/G4xx_bootloader.elf.dir/Drivers/STM32G4xx_HAL_Driver/Src/stm32g4xx_hal_cortex.c.obj
 .debug_loc     0x00001629     0x165f CMakeFiles/G4xx_bootloader.elf.dir/Drivers/STM32G4xx_HAL_Driver/Src/stm32g4xx_hal_fdcan.c.obj
 .debug_loc     0x00002c88      0x5fb CMakeFiles/G4xx_bootloader.elf.dir/Drivers/STM32G4xx_HAL_Driver/Src/stm32g4xx_hal_flash.c.obj
 .debug_loc     0x00003283      0x78d CMakeFiles/G4xx_bootloader.elf.dir/Drivers/STM32G4xx_HAL_Driver/Src/stm32g4xx_hal_flash_ex.c.obj
 .debug_loc     0x00003a10      0x3b3 CMakeFiles/G4xx_bootloader.elf.dir/Drivers/STM32G4xx_HAL_Driver/Src/stm32g4xx_hal_gpio.c.obj
 .debug_loc     0x00003dc3      0xa06 CMakeFiles/G4xx_bootloader.elf.dir/Drivers/STM32G4xx_HAL_Driver/Src/stm32g4xx_hal_pwr_ex.c.obj
 .debug_loc     0x000047c9      0x84d CMakeFiles/G4xx_bootloader.elf.dir/Drivers/STM32G4xx_HAL_Driver/Src/stm32g4xx_hal_rcc.c.obj
 .debug_loc     0x00005016     0x11a5 CMakeFiles/G4xx_bootloader.elf.dir/Drivers/STM32G4xx_HAL_Driver/Src/stm32g4xx_hal_rcc_ex.c.obj
 .debug_loc     0x000061bb     0x57f1 CMakeFiles/G4xx_bootloader.elf.dir/Drivers/STM32G4xx_HAL_Driver/Src/stm32g4xx_hal_tim.c.obj
 .debug_loc     0x0000b9ac     0x2ddb CMakeFiles/G4xx_bootloader.elf.dir/Drivers/STM32G4xx_HAL_Driver/Src/stm32g4xx_hal_tim_ex.c.obj

.debug_aranges  0x00000000     0x1118
 .debug_aranges
                0x00000000       0x30 CMakeFiles/G4xx_bootloader.elf.dir/Core/Src/fdcan.c.obj
 .debug_aranges
                0x00000030       0x20 CMakeFiles/G4xx_bootloader.elf.dir/Core/Src/gpio.c.obj
 .debug_aranges
                0x00000050       0x30 CMakeFiles/G4xx_bootloader.elf.dir/Core/Src/main.c.obj
 .debug_aranges
                0x00000080       0x20 CMakeFiles/G4xx_bootloader.elf.dir/Core/Src/stm32g4xx_hal_msp.c.obj
 .debug_aranges
                0x000000a0       0x78 CMakeFiles/G4xx_bootloader.elf.dir/Core/Src/stm32g4xx_it.c.obj
 .debug_aranges
                0x00000118       0x28 CMakeFiles/G4xx_bootloader.elf.dir/Core/Src/system_stm32g4xx.c.obj
 .debug_aranges
                0x00000140       0x30 CMakeFiles/G4xx_bootloader.elf.dir/Core/Src/tim.c.obj
 .debug_aranges
                0x00000170       0x28 CMakeFiles/G4xx_bootloader.elf.dir/Core/Startup/startup_stm32g431kbux.s.obj
 .debug_aranges
                0x00000198       0x40 CMakeFiles/G4xx_bootloader.elf.dir/Core/User/Src/my_bootloader.c.obj
 .debug_aranges
                0x000001d8       0x40 CMakeFiles/G4xx_bootloader.elf.dir/Core/User/Src/my_fdcan.c.obj
 .debug_aranges
                0x00000218       0x50 CMakeFiles/G4xx_bootloader.elf.dir/Core/User/Src/my_flash.c.obj
 .debug_aranges
                0x00000268       0x58 CMakeFiles/G4xx_bootloader.elf.dir/Core/User/Src/my_time.c.obj
 .debug_aranges
                0x000002c0      0x148 CMakeFiles/G4xx_bootloader.elf.dir/Drivers/STM32G4xx_HAL_Driver/Src/stm32g4xx_hal.c.obj
 .debug_aranges
                0x00000408       0xb8 CMakeFiles/G4xx_bootloader.elf.dir/Drivers/STM32G4xx_HAL_Driver/Src/stm32g4xx_hal_cortex.c.obj
 .debug_aranges
                0x000004c0      0x208 CMakeFiles/G4xx_bootloader.elf.dir/Drivers/STM32G4xx_HAL_Driver/Src/stm32g4xx_hal_fdcan.c.obj
 .debug_aranges
                0x000006c8       0x88 CMakeFiles/G4xx_bootloader.elf.dir/Drivers/STM32G4xx_HAL_Driver/Src/stm32g4xx_hal_flash.c.obj
 .debug_aranges
                0x00000750       0xc8 CMakeFiles/G4xx_bootloader.elf.dir/Drivers/STM32G4xx_HAL_Driver/Src/stm32g4xx_hal_flash_ex.c.obj
 .debug_aranges
                0x00000818       0x58 CMakeFiles/G4xx_bootloader.elf.dir/Drivers/STM32G4xx_HAL_Driver/Src/stm32g4xx_hal_gpio.c.obj
 .debug_aranges
                0x00000870      0x140 CMakeFiles/G4xx_bootloader.elf.dir/Drivers/STM32G4xx_HAL_Driver/Src/stm32g4xx_hal_pwr_ex.c.obj
 .debug_aranges
                0x000009b0       0x98 CMakeFiles/G4xx_bootloader.elf.dir/Drivers/STM32G4xx_HAL_Driver/Src/stm32g4xx_hal_rcc.c.obj
 .debug_aranges
                0x00000a48       0xb0 CMakeFiles/G4xx_bootloader.elf.dir/Drivers/STM32G4xx_HAL_Driver/Src/stm32g4xx_hal_rcc_ex.c.obj
 .debug_aranges
                0x00000af8      0x3e0 CMakeFiles/G4xx_bootloader.elf.dir/Drivers/STM32G4xx_HAL_Driver/Src/stm32g4xx_hal_tim.c.obj
 .debug_aranges
                0x00000ed8      0x240 CMakeFiles/G4xx_bootloader.elf.dir/Drivers/STM32G4xx_HAL_Driver/Src/stm32g4xx_hal_tim_ex.c.obj

.debug_ranges   0x00000000     0x10a0
 .debug_ranges  0x00000000       0x20 CMakeFiles/G4xx_bootloader.elf.dir/Core/Src/fdcan.c.obj
 .debug_ranges  0x00000020       0x10 CMakeFiles/G4xx_bootloader.elf.dir/Core/Src/gpio.c.obj
 .debug_ranges  0x00000030       0x20 CMakeFiles/G4xx_bootloader.elf.dir/Core/Src/main.c.obj
 .debug_ranges  0x00000050       0x10 CMakeFiles/G4xx_bootloader.elf.dir/Core/Src/stm32g4xx_hal_msp.c.obj
 .debug_ranges  0x00000060       0x68 CMakeFiles/G4xx_bootloader.elf.dir/Core/Src/stm32g4xx_it.c.obj
 .debug_ranges  0x000000c8       0x18 CMakeFiles/G4xx_bootloader.elf.dir/Core/Src/system_stm32g4xx.c.obj
 .debug_ranges  0x000000e0       0x20 CMakeFiles/G4xx_bootloader.elf.dir/Core/Src/tim.c.obj
 .debug_ranges  0x00000100       0x20 CMakeFiles/G4xx_bootloader.elf.dir/Core/Startup/startup_stm32g431kbux.s.obj
 .debug_ranges  0x00000120       0x78 CMakeFiles/G4xx_bootloader.elf.dir/Core/User/Src/my_bootloader.c.obj
 .debug_ranges  0x00000198       0x48 CMakeFiles/G4xx_bootloader.elf.dir/Core/User/Src/my_fdcan.c.obj
 .debug_ranges  0x000001e0       0x40 CMakeFiles/G4xx_bootloader.elf.dir/Core/User/Src/my_flash.c.obj
 .debug_ranges  0x00000220       0x48 CMakeFiles/G4xx_bootloader.elf.dir/Core/User/Src/my_time.c.obj
 .debug_ranges  0x00000268      0x138 CMakeFiles/G4xx_bootloader.elf.dir/Drivers/STM32G4xx_HAL_Driver/Src/stm32g4xx_hal.c.obj
 .debug_ranges  0x000003a0      0x108 CMakeFiles/G4xx_bootloader.elf.dir/Drivers/STM32G4xx_HAL_Driver/Src/stm32g4xx_hal_cortex.c.obj
 .debug_ranges  0x000004a8      0x1f8 CMakeFiles/G4xx_bootloader.elf.dir/Drivers/STM32G4xx_HAL_Driver/Src/stm32g4xx_hal_fdcan.c.obj
 .debug_ranges  0x000006a0       0x78 CMakeFiles/G4xx_bootloader.elf.dir/Drivers/STM32G4xx_HAL_Driver/Src/stm32g4xx_hal_flash.c.obj
 .debug_ranges  0x00000718       0xb8 CMakeFiles/G4xx_bootloader.elf.dir/Drivers/STM32G4xx_HAL_Driver/Src/stm32g4xx_hal_flash_ex.c.obj
 .debug_ranges  0x000007d0       0x48 CMakeFiles/G4xx_bootloader.elf.dir/Drivers/STM32G4xx_HAL_Driver/Src/stm32g4xx_hal_gpio.c.obj
 .debug_ranges  0x00000818      0x130 CMakeFiles/G4xx_bootloader.elf.dir/Drivers/STM32G4xx_HAL_Driver/Src/stm32g4xx_hal_pwr_ex.c.obj
 .debug_ranges  0x00000948       0xa0 CMakeFiles/G4xx_bootloader.elf.dir/Drivers/STM32G4xx_HAL_Driver/Src/stm32g4xx_hal_rcc.c.obj
 .debug_ranges  0x000009e8       0xb8 CMakeFiles/G4xx_bootloader.elf.dir/Drivers/STM32G4xx_HAL_Driver/Src/stm32g4xx_hal_rcc_ex.c.obj
 .debug_ranges  0x00000aa0      0x3d0 CMakeFiles/G4xx_bootloader.elf.dir/Drivers/STM32G4xx_HAL_Driver/Src/stm32g4xx_hal_tim.c.obj
 .debug_ranges  0x00000e70      0x230 CMakeFiles/G4xx_bootloader.elf.dir/Drivers/STM32G4xx_HAL_Driver/Src/stm32g4xx_hal_tim_ex.c.obj

.debug_line     0x00000000    0x117dc
 .debug_line    0x00000000      0x432 CMakeFiles/G4xx_bootloader.elf.dir/Core/Src/fdcan.c.obj
 .debug_line    0x00000432      0x21f CMakeFiles/G4xx_bootloader.elf.dir/Core/Src/gpio.c.obj
 .debug_line    0x00000651      0x499 CMakeFiles/G4xx_bootloader.elf.dir/Core/Src/main.c.obj
 .debug_line    0x00000aea      0x20b CMakeFiles/G4xx_bootloader.elf.dir/Core/Src/stm32g4xx_hal_msp.c.obj
 .debug_line    0x00000cf5      0x3e7 CMakeFiles/G4xx_bootloader.elf.dir/Core/Src/stm32g4xx_it.c.obj
 .debug_line    0x000010dc      0x254 CMakeFiles/G4xx_bootloader.elf.dir/Core/Src/system_stm32g4xx.c.obj
 .debug_line    0x00001330      0x35b CMakeFiles/G4xx_bootloader.elf.dir/Core/Src/tim.c.obj
 .debug_line    0x0000168b       0xb9 CMakeFiles/G4xx_bootloader.elf.dir/Core/Startup/startup_stm32g431kbux.s.obj
 .debug_line    0x00001744      0x696 CMakeFiles/G4xx_bootloader.elf.dir/Core/User/Src/my_bootloader.c.obj
 .debug_line    0x00001dda      0x4e4 CMakeFiles/G4xx_bootloader.elf.dir/Core/User/Src/my_fdcan.c.obj
 .debug_line    0x000022be      0x53e CMakeFiles/G4xx_bootloader.elf.dir/Core/User/Src/my_flash.c.obj
 .debug_line    0x000027fc      0x65b CMakeFiles/G4xx_bootloader.elf.dir/Core/User/Src/my_time.c.obj
 .debug_line    0x00002e57      0x771 CMakeFiles/G4xx_bootloader.elf.dir/Drivers/STM32G4xx_HAL_Driver/Src/stm32g4xx_hal.c.obj
 .debug_line    0x000035c8      0x830 CMakeFiles/G4xx_bootloader.elf.dir/Drivers/STM32G4xx_HAL_Driver/Src/stm32g4xx_hal_cortex.c.obj
 .debug_line    0x00003df8     0x1a3f CMakeFiles/G4xx_bootloader.elf.dir/Drivers/STM32G4xx_HAL_Driver/Src/stm32g4xx_hal_fdcan.c.obj
 .debug_line    0x00005837      0x880 CMakeFiles/G4xx_bootloader.elf.dir/Drivers/STM32G4xx_HAL_Driver/Src/stm32g4xx_hal_flash.c.obj
 .debug_line    0x000060b7      0xbf4 CMakeFiles/G4xx_bootloader.elf.dir/Drivers/STM32G4xx_HAL_Driver/Src/stm32g4xx_hal_flash_ex.c.obj
 .debug_line    0x00006cab      0x6f3 CMakeFiles/G4xx_bootloader.elf.dir/Drivers/STM32G4xx_HAL_Driver/Src/stm32g4xx_hal_gpio.c.obj
 .debug_line    0x0000739e      0xb10 CMakeFiles/G4xx_bootloader.elf.dir/Drivers/STM32G4xx_HAL_Driver/Src/stm32g4xx_hal_pwr_ex.c.obj
 .debug_line    0x00007eae      0xe5b CMakeFiles/G4xx_bootloader.elf.dir/Drivers/STM32G4xx_HAL_Driver/Src/stm32g4xx_hal_rcc.c.obj
 .debug_line    0x00008d09     0x10cd CMakeFiles/G4xx_bootloader.elf.dir/Drivers/STM32G4xx_HAL_Driver/Src/stm32g4xx_hal_rcc_ex.c.obj
 .debug_line    0x00009dd6     0x53de CMakeFiles/G4xx_bootloader.elf.dir/Drivers/STM32G4xx_HAL_Driver/Src/stm32g4xx_hal_tim.c.obj
 .debug_line    0x0000f1b4     0x2628 CMakeFiles/G4xx_bootloader.elf.dir/Drivers/STM32G4xx_HAL_Driver/Src/stm32g4xx_hal_tim_ex.c.obj

.debug_str      0x00000000     0x6140
 .debug_str     0x00000000      0xd77 CMakeFiles/G4xx_bootloader.elf.dir/Core/Src/fdcan.c.obj
                                0xdf5 (size before relaxing)
 .debug_str     0x00000d77       0x7e CMakeFiles/G4xx_bootloader.elf.dir/Core/Src/gpio.c.obj
                                0x416 (size before relaxing)
 .debug_str     0x00000df5      0x767 CMakeFiles/G4xx_bootloader.elf.dir/Core/Src/main.c.obj
                                0xa52 (size before relaxing)
 .debug_str     0x0000155c       0x7d CMakeFiles/G4xx_bootloader.elf.dir/Core/Src/stm32g4xx_hal_msp.c.obj
                                0x386 (size before relaxing)
 .debug_str     0x000015d9      0x14b CMakeFiles/G4xx_bootloader.elf.dir/Core/Src/stm32g4xx_it.c.obj
                                0xc3a (size before relaxing)
 .debug_str     0x00001724       0xb7 CMakeFiles/G4xx_bootloader.elf.dir/Core/Src/system_stm32g4xx.c.obj
                                0x3c6 (size before relaxing)
 .debug_str     0x000017db      0x114 CMakeFiles/G4xx_bootloader.elf.dir/Core/Src/tim.c.obj
                                0xef9 (size before relaxing)
 .debug_str     0x000018ef       0x66 CMakeFiles/G4xx_bootloader.elf.dir/Core/Startup/startup_stm32g431kbux.s.obj
                                 0xab (size before relaxing)
 .debug_str     0x00001955      0x271 CMakeFiles/G4xx_bootloader.elf.dir/Core/User/Src/my_bootloader.c.obj
                                0x4f6 (size before relaxing)
 .debug_str     0x00001bc6      0x35a CMakeFiles/G4xx_bootloader.elf.dir/Core/User/Src/my_fdcan.c.obj
                                0x96d (size before relaxing)
 .debug_str     0x00001f20      0x1a4 CMakeFiles/G4xx_bootloader.elf.dir/Core/User/Src/my_flash.c.obj
                                0x44b (size before relaxing)
 .debug_str     0x000020c4      0x13d CMakeFiles/G4xx_bootloader.elf.dir/Core/User/Src/my_time.c.obj
                                0x97c (size before relaxing)
 .debug_str     0x00002201      0x488 CMakeFiles/G4xx_bootloader.elf.dir/Drivers/STM32G4xx_HAL_Driver/Src/stm32g4xx_hal.c.obj
                                0xcb5 (size before relaxing)
 .debug_str     0x00002689      0x4b1 CMakeFiles/G4xx_bootloader.elf.dir/Drivers/STM32G4xx_HAL_Driver/Src/stm32g4xx_hal_cortex.c.obj
                                0xc15 (size before relaxing)
 .debug_str     0x00002b3a      0xa55 CMakeFiles/G4xx_bootloader.elf.dir/Drivers/STM32G4xx_HAL_Driver/Src/stm32g4xx_hal_fdcan.c.obj
                               0x1280 (size before relaxing)
 .debug_str     0x0000358f      0x390 CMakeFiles/G4xx_bootloader.elf.dir/Drivers/STM32G4xx_HAL_Driver/Src/stm32g4xx_hal_flash.c.obj
                                0x69a (size before relaxing)
 .debug_str     0x0000391f      0x325 CMakeFiles/G4xx_bootloader.elf.dir/Drivers/STM32G4xx_HAL_Driver/Src/stm32g4xx_hal_flash_ex.c.obj
                                0x7b8 (size before relaxing)
 .debug_str     0x00003c44      0x13c CMakeFiles/G4xx_bootloader.elf.dir/Drivers/STM32G4xx_HAL_Driver/Src/stm32g4xx_hal_gpio.c.obj
                                0x593 (size before relaxing)
 .debug_str     0x00003d80      0x51b CMakeFiles/G4xx_bootloader.elf.dir/Drivers/STM32G4xx_HAL_Driver/Src/stm32g4xx_hal_pwr_ex.c.obj
                                0x835 (size before relaxing)
 .debug_str     0x0000429b      0x237 CMakeFiles/G4xx_bootloader.elf.dir/Drivers/STM32G4xx_HAL_Driver/Src/stm32g4xx_hal_rcc.c.obj
                                0x882 (size before relaxing)
 .debug_str     0x000044d2      0x3a5 CMakeFiles/G4xx_bootloader.elf.dir/Drivers/STM32G4xx_HAL_Driver/Src/stm32g4xx_hal_rcc_ex.c.obj
                                0xa69 (size before relaxing)
 .debug_str     0x00004877      0xf84 CMakeFiles/G4xx_bootloader.elf.dir/Drivers/STM32G4xx_HAL_Driver/Src/stm32g4xx_hal_tim.c.obj
                               0x18c2 (size before relaxing)
 .debug_str     0x000057fb      0x945 CMakeFiles/G4xx_bootloader.elf.dir/Drivers/STM32G4xx_HAL_Driver/Src/stm32g4xx_hal_tim_ex.c.obj
                               0x151a (size before relaxing)

.comment        0x00000000       0x49
 .comment       0x00000000       0x49 CMakeFiles/G4xx_bootloader.elf.dir/Core/Src/fdcan.c.obj
                                 0x4a (size before relaxing)
 .comment       0x00000049       0x4a CMakeFiles/G4xx_bootloader.elf.dir/Core/Src/gpio.c.obj
 .comment       0x00000049       0x4a CMakeFiles/G4xx_bootloader.elf.dir/Core/Src/main.c.obj
 .comment       0x00000049       0x4a CMakeFiles/G4xx_bootloader.elf.dir/Core/Src/stm32g4xx_hal_msp.c.obj
 .comment       0x00000049       0x4a CMakeFiles/G4xx_bootloader.elf.dir/Core/Src/stm32g4xx_it.c.obj
 .comment       0x00000049       0x4a CMakeFiles/G4xx_bootloader.elf.dir/Core/Src/system_stm32g4xx.c.obj
 .comment       0x00000049       0x4a CMakeFiles/G4xx_bootloader.elf.dir/Core/Src/tim.c.obj
 .comment       0x00000049       0x4a CMakeFiles/G4xx_bootloader.elf.dir/Core/User/Src/my_bootloader.c.obj
 .comment       0x00000049       0x4a CMakeFiles/G4xx_bootloader.elf.dir/Core/User/Src/my_fdcan.c.obj
 .comment       0x00000049       0x4a CMakeFiles/G4xx_bootloader.elf.dir/Core/User/Src/my_flash.c.obj
 .comment       0x00000049       0x4a CMakeFiles/G4xx_bootloader.elf.dir/Core/User/Src/my_time.c.obj
 .comment       0x00000049       0x4a CMakeFiles/G4xx_bootloader.elf.dir/Drivers/STM32G4xx_HAL_Driver/Src/stm32g4xx_hal.c.obj
 .comment       0x00000049       0x4a CMakeFiles/G4xx_bootloader.elf.dir/Drivers/STM32G4xx_HAL_Driver/Src/stm32g4xx_hal_cortex.c.obj
 .comment       0x00000049       0x4a CMakeFiles/G4xx_bootloader.elf.dir/Drivers/STM32G4xx_HAL_Driver/Src/stm32g4xx_hal_fdcan.c.obj
 .comment       0x00000049       0x4a CMakeFiles/G4xx_bootloader.elf.dir/Drivers/STM32G4xx_HAL_Driver/Src/stm32g4xx_hal_flash.c.obj
 .comment       0x00000049       0x4a CMakeFiles/G4xx_bootloader.elf.dir/Drivers/STM32G4xx_HAL_Driver/Src/stm32g4xx_hal_flash_ex.c.obj
 .comment       0x00000049       0x4a CMakeFiles/G4xx_bootloader.elf.dir/Drivers/STM32G4xx_HAL_Driver/Src/stm32g4xx_hal_gpio.c.obj
 .comment       0x00000049       0x4a CMakeFiles/G4xx_bootloader.elf.dir/Drivers/STM32G4xx_HAL_Driver/Src/stm32g4xx_hal_pwr_ex.c.obj
 .comment       0x00000049       0x4a CMakeFiles/G4xx_bootloader.elf.dir/Drivers/STM32G4xx_HAL_Driver/Src/stm32g4xx_hal_rcc.c.obj
 .comment       0x00000049       0x4a CMakeFiles/G4xx_bootloader.elf.dir/Drivers/STM32G4xx_HAL_Driver/Src/stm32g4xx_hal_rcc_ex.c.obj
 .comment       0x00000049       0x4a CMakeFiles/G4xx_bootloader.elf.dir/Drivers/STM32G4xx_HAL_Driver/Src/stm32g4xx_hal_tim.c.obj
 .comment       0x00000049       0x4a CMakeFiles/G4xx_bootloader.elf.dir/Drivers/STM32G4xx_HAL_Driver/Src/stm32g4xx_hal_tim_ex.c.obj

.debug_frame    0x00000000     0x2ac8
 .debug_frame   0x00000000       0x60 CMakeFiles/G4xx_bootloader.elf.dir/Core/Src/fdcan.c.obj
 .debug_frame   0x00000060       0x30 CMakeFiles/G4xx_bootloader.elf.dir/Core/Src/gpio.c.obj
 .debug_frame   0x00000090       0x58 CMakeFiles/G4xx_bootloader.elf.dir/Core/Src/main.c.obj
 .debug_frame   0x000000e8       0x2c CMakeFiles/G4xx_bootloader.elf.dir/Core/Src/stm32g4xx_hal_msp.c.obj
 .debug_frame   0x00000114       0xf0 CMakeFiles/G4xx_bootloader.elf.dir/Core/Src/stm32g4xx_it.c.obj
 .debug_frame   0x00000204       0x30 CMakeFiles/G4xx_bootloader.elf.dir/Core/Src/system_stm32g4xx.c.obj
 .debug_frame   0x00000234       0x64 CMakeFiles/G4xx_bootloader.elf.dir/Core/Src/tim.c.obj
 .debug_frame   0x00000298       0x94 CMakeFiles/G4xx_bootloader.elf.dir/Core/User/Src/my_bootloader.c.obj
 .debug_frame   0x0000032c       0x9c CMakeFiles/G4xx_bootloader.elf.dir/Core/User/Src/my_fdcan.c.obj
 .debug_frame   0x000003c8       0xd4 CMakeFiles/G4xx_bootloader.elf.dir/Core/User/Src/my_flash.c.obj
 .debug_frame   0x0000049c       0x98 CMakeFiles/G4xx_bootloader.elf.dir/Core/User/Src/my_time.c.obj
 .debug_frame   0x00000534      0x2a4 CMakeFiles/G4xx_bootloader.elf.dir/Drivers/STM32G4xx_HAL_Driver/Src/stm32g4xx_hal.c.obj
 .debug_frame   0x000007d8      0x168 CMakeFiles/G4xx_bootloader.elf.dir/Drivers/STM32G4xx_HAL_Driver/Src/stm32g4xx_hal_cortex.c.obj
 .debug_frame   0x00000940      0x4a4 CMakeFiles/G4xx_bootloader.elf.dir/Drivers/STM32G4xx_HAL_Driver/Src/stm32g4xx_hal_fdcan.c.obj
 .debug_frame   0x00000de4      0x138 CMakeFiles/G4xx_bootloader.elf.dir/Drivers/STM32G4xx_HAL_Driver/Src/stm32g4xx_hal_flash.c.obj
 .debug_frame   0x00000f1c      0x1f0 CMakeFiles/G4xx_bootloader.elf.dir/Drivers/STM32G4xx_HAL_Driver/Src/stm32g4xx_hal_flash_ex.c.obj
 .debug_frame   0x0000110c       0xd0 CMakeFiles/G4xx_bootloader.elf.dir/Drivers/STM32G4xx_HAL_Driver/Src/stm32g4xx_hal_gpio.c.obj
 .debug_frame   0x000011dc      0x268 CMakeFiles/G4xx_bootloader.elf.dir/Drivers/STM32G4xx_HAL_Driver/Src/stm32g4xx_hal_pwr_ex.c.obj
 .debug_frame   0x00001444      0x198 CMakeFiles/G4xx_bootloader.elf.dir/Drivers/STM32G4xx_HAL_Driver/Src/stm32g4xx_hal_rcc.c.obj
 .debug_frame   0x000015dc      0x1a0 CMakeFiles/G4xx_bootloader.elf.dir/Drivers/STM32G4xx_HAL_Driver/Src/stm32g4xx_hal_rcc_ex.c.obj
 .debug_frame   0x0000177c      0xb50 CMakeFiles/G4xx_bootloader.elf.dir/Drivers/STM32G4xx_HAL_Driver/Src/stm32g4xx_hal_tim.c.obj
 .debug_frame   0x000022cc      0x610 CMakeFiles/G4xx_bootloader.elf.dir/Drivers/STM32G4xx_HAL_Driver/Src/stm32g4xx_hal_tim_ex.c.obj
 .debug_frame   0x000028dc       0x2c c:/progra~2/gnuarm~1/102021~1.10/bin/../lib/gcc/arm-none-eabi/10.3.1/../../../../arm-none-eabi/lib/thumb/v7e-m/nofp\libc.a(lib_a-init.o)
 .debug_frame   0x00002908       0x2c c:/progra~2/gnuarm~1/102021~1.10/bin/../lib/gcc/arm-none-eabi/10.3.1/../../../../arm-none-eabi/lib/thumb/v7e-m/nofp\libc.a(lib_a-memset.o)
 .debug_frame   0x00002934       0x5c c:/progra~2/gnuarm~1/102021~1.10/bin/../lib/gcc/arm-none-eabi/10.3.1/../../../../arm-none-eabi/lib/thumb/v7e-m/nofp\libc.a(lib_a-__call_atexit.o)
 .debug_frame   0x00002990       0x20 c:/progra~2/gnuarm~1/102021~1.10/bin/../lib/gcc/arm-none-eabi/10.3.1/../../../../arm-none-eabi/lib/thumb/v7e-m/nofp\libc.a(lib_a-atexit.o)
 .debug_frame   0x000029b0       0x34 c:/progra~2/gnuarm~1/102021~1.10/bin/../lib/gcc/arm-none-eabi/10.3.1/../../../../arm-none-eabi/lib/thumb/v7e-m/nofp\libc.a(lib_a-fini.o)
 .debug_frame   0x000029e4       0xb0 c:/progra~2/gnuarm~1/102021~1.10/bin/../lib/gcc/arm-none-eabi/10.3.1/../../../../arm-none-eabi/lib/thumb/v7e-m/nofp\libc.a(lib_a-lock.o)
 .debug_frame   0x00002a94       0x34 c:/progra~2/gnuarm~1/102021~1.10/bin/../lib/gcc/arm-none-eabi/10.3.1/../../../../arm-none-eabi/lib/thumb/v7e-m/nofp\libc.a(lib_a-__atexit.o)
