Archive member included to satisfy reference by file (symbol)

c:/progra~2/gnuarm~1/102021~1.10/bin/../lib/gcc/arm-none-eabi/10.3.1/../../../../arm-none-eabi/lib/thumb/v7e-m/nofp\libg.a(lib_a-errno.o)
                              CMakeFiles/G4xx_bootloader.elf.dir/Core/Src/syscalls.c.obj (__errno)
c:/progra~2/gnuarm~1/102021~1.10/bin/../lib/gcc/arm-none-eabi/10.3.1/../../../../arm-none-eabi/lib/thumb/v7e-m/nofp\libg.a(lib_a-exit.o)
                              c:/progra~2/gnuarm~1/102021~1.10/bin/../lib/gcc/arm-none-eabi/10.3.1/../../../../arm-none-eabi/lib/thumb/v7e-m/nofp/crt0.o (exit)
c:/progra~2/gnuarm~1/102021~1.10/bin/../lib/gcc/arm-none-eabi/10.3.1/../../../../arm-none-eabi/lib/thumb/v7e-m/nofp\libg.a(lib_a-impure.o)
                              c:/progra~2/gnuarm~1/102021~1.10/bin/../lib/gcc/arm-none-eabi/10.3.1/../../../../arm-none-eabi/lib/thumb/v7e-m/nofp\libg.a(lib_a-exit.o) (_global_impure_ptr)
c:/progra~2/gnuarm~1/102021~1.10/bin/../lib/gcc/arm-none-eabi/10.3.1/../../../../arm-none-eabi/lib/thumb/v7e-m/nofp\libg.a(lib_a-init.o)
                              c:/progra~2/gnuarm~1/102021~1.10/bin/../lib/gcc/arm-none-eabi/10.3.1/../../../../arm-none-eabi/lib/thumb/v7e-m/nofp/crt0.o (__libc_init_array)
c:/progra~2/gnuarm~1/102021~1.10/bin/../lib/gcc/arm-none-eabi/10.3.1/../../../../arm-none-eabi/lib/thumb/v7e-m/nofp\libg.a(lib_a-memset.o)
                              c:/progra~2/gnuarm~1/102021~1.10/bin/../lib/gcc/arm-none-eabi/10.3.1/../../../../arm-none-eabi/lib/thumb/v7e-m/nofp/crt0.o (memset)
c:/progra~2/gnuarm~1/102021~1.10/bin/../lib/gcc/arm-none-eabi/10.3.1/../../../../arm-none-eabi/lib/thumb/v7e-m/nofp\libg.a(lib_a-__call_atexit.o)
                              c:/progra~2/gnuarm~1/102021~1.10/bin/../lib/gcc/arm-none-eabi/10.3.1/../../../../arm-none-eabi/lib/thumb/v7e-m/nofp\libg.a(lib_a-exit.o) (__call_exitprocs)
c:/progra~2/gnuarm~1/102021~1.10/bin/../lib/gcc/arm-none-eabi/10.3.1/../../../../arm-none-eabi/lib/thumb/v7e-m/nofp\libg.a(lib_a-atexit.o)
                              c:/progra~2/gnuarm~1/102021~1.10/bin/../lib/gcc/arm-none-eabi/10.3.1/../../../../arm-none-eabi/lib/thumb/v7e-m/nofp\libg.a(lib_a-__call_atexit.o) (atexit)
c:/progra~2/gnuarm~1/102021~1.10/bin/../lib/gcc/arm-none-eabi/10.3.1/../../../../arm-none-eabi/lib/thumb/v7e-m/nofp\libg.a(lib_a-fini.o)
                              c:/progra~2/gnuarm~1/102021~1.10/bin/../lib/gcc/arm-none-eabi/10.3.1/../../../../arm-none-eabi/lib/thumb/v7e-m/nofp\libg.a(lib_a-__call_atexit.o) (__libc_fini_array)
c:/progra~2/gnuarm~1/102021~1.10/bin/../lib/gcc/arm-none-eabi/10.3.1/../../../../arm-none-eabi/lib/thumb/v7e-m/nofp\libg.a(lib_a-lock.o)
                              c:/progra~2/gnuarm~1/102021~1.10/bin/../lib/gcc/arm-none-eabi/10.3.1/../../../../arm-none-eabi/lib/thumb/v7e-m/nofp\libg.a(lib_a-__call_atexit.o) (__retarget_lock_acquire_recursive)
c:/progra~2/gnuarm~1/102021~1.10/bin/../lib/gcc/arm-none-eabi/10.3.1/../../../../arm-none-eabi/lib/thumb/v7e-m/nofp\libg.a(lib_a-__atexit.o)
                              c:/progra~2/gnuarm~1/102021~1.10/bin/../lib/gcc/arm-none-eabi/10.3.1/../../../../arm-none-eabi/lib/thumb/v7e-m/nofp\libg.a(lib_a-atexit.o) (__register_exitproc)

Discarded input sections

 .text          0x00000000        0x0 c:/progra~2/gnuarm~1/102021~1.10/bin/../lib/gcc/arm-none-eabi/10.3.1/thumb/v7e-m/nofp/crti.o
 .data          0x00000000        0x0 c:/progra~2/gnuarm~1/102021~1.10/bin/../lib/gcc/arm-none-eabi/10.3.1/thumb/v7e-m/nofp/crti.o
 .bss           0x00000000        0x0 c:/progra~2/gnuarm~1/102021~1.10/bin/../lib/gcc/arm-none-eabi/10.3.1/thumb/v7e-m/nofp/crti.o
 .data          0x00000000        0x4 c:/progra~2/gnuarm~1/102021~1.10/bin/../lib/gcc/arm-none-eabi/10.3.1/thumb/v7e-m/nofp/crtbegin.o
 .rodata        0x00000000       0x24 c:/progra~2/gnuarm~1/102021~1.10/bin/../lib/gcc/arm-none-eabi/10.3.1/thumb/v7e-m/nofp/crtbegin.o
 .text          0x00000000       0x7c c:/progra~2/gnuarm~1/102021~1.10/bin/../lib/gcc/arm-none-eabi/10.3.1/../../../../arm-none-eabi/lib/thumb/v7e-m/nofp/crt0.o
 .data          0x00000000        0x0 c:/progra~2/gnuarm~1/102021~1.10/bin/../lib/gcc/arm-none-eabi/10.3.1/../../../../arm-none-eabi/lib/thumb/v7e-m/nofp/crt0.o
 .bss           0x00000000        0x0 c:/progra~2/gnuarm~1/102021~1.10/bin/../lib/gcc/arm-none-eabi/10.3.1/../../../../arm-none-eabi/lib/thumb/v7e-m/nofp/crt0.o
 .ARM.extab     0x00000000        0x0 c:/progra~2/gnuarm~1/102021~1.10/bin/../lib/gcc/arm-none-eabi/10.3.1/../../../../arm-none-eabi/lib/thumb/v7e-m/nofp/crt0.o
 .ARM.exidx     0x00000000       0x10 c:/progra~2/gnuarm~1/102021~1.10/bin/../lib/gcc/arm-none-eabi/10.3.1/../../../../arm-none-eabi/lib/thumb/v7e-m/nofp/crt0.o
 .ARM.attributes
                0x00000000       0x1c c:/progra~2/gnuarm~1/102021~1.10/bin/../lib/gcc/arm-none-eabi/10.3.1/../../../../arm-none-eabi/lib/thumb/v7e-m/nofp/crt0.o
 .text          0x00000000        0x0 CMakeFiles/G4xx_bootloader.elf.dir/Core/Src/fdcan.c.obj
[...]
Memory Configuration

Name             Origin             Length             Attributes
RAM              0x20000000         0x00008000         xrw
FLASH            0x08000000         0x00005000         xr
*default*        0x00000000         0xffffffff

Linker script and memory map

LOAD c:/progra~2/gnuarm~1/102021~1.10/bin/../lib/gcc/arm-none-eabi/10.3.1/thumb/v7e-m/nofp/crti.o
LOAD c:/progra~2/gnuarm~1/102021~1.10/bin/../lib/gcc/arm-none-eabi/10.3.1/thumb/v7e-m/nofp/crtbegin.o
LOAD c:/progra~2/gnuarm~1/102021~1.10/bin/../lib/gcc/arm-none-eabi/10.3.1/../../../../arm-none-eabi/lib/thumb/v7e-m/nofp/crt0.o
LOAD CMakeFiles/G4xx_bootloader.elf.dir/Core/Src/fdcan.c.obj
LOAD CMakeFiles/G4xx_bootloader.elf.dir/Core/Src/gpio.c.obj
LOAD CMakeFiles/G4xx_bootloader.elf.dir/Core/Src/main.c.obj
LOAD CMakeFiles/G4xx_bootloader.elf.dir/Core/Src/stm32g4xx_hal_msp.c.obj
LOAD CMakeFiles/G4xx_bootloader.elf.dir/Core/Src/stm32g4xx_it.c.obj
LOAD CMakeFiles/G4xx_bootloader.elf.dir/Core/Src/syscalls.c.obj
LOAD CMakeFiles/G4xx_bootloader.elf.dir/Core/Src/sysmem.c.obj
LOAD CMakeFiles/G4xx_bootloader.elf.dir/Core/Src/system_stm32g4xx.c.obj
LOAD CMakeFiles/G4xx_bootloader.elf.dir/Core/Src/tim.c.obj
LOAD CMakeFiles/G4xx_bootloader.elf.dir/Core/Startup/startup_stm32g431kbux.s.obj
LOAD CMakeFiles/G4xx_bootloader.elf.dir/Core/User/Src/my_bootloader.c.obj
LOAD CMakeFiles/G4xx_bootloader.elf.dir/Core/User/Src/my_fdcan.c.obj
LOAD CMakeFiles/G4xx_bootloader.elf.dir/Core/User/Src/my_flash.c.obj
LOAD CMakeFiles/G4xx_bootloader.elf.dir/Core/User/Src/my_time.c.obj
LOAD CMakeFiles/G4xx_bootloader.elf.dir/Drivers/STM32G4xx_HAL_Driver/Src/stm32g4xx_hal.c.obj
LOAD CMakeFiles/G4xx_bootloader.elf.dir/Drivers/STM32G4xx_HAL_Driver/Src/stm32g4xx_hal_cortex.c.obj
LOAD CMakeFiles/G4xx_bootloader.elf.dir/Drivers/STM32G4xx_HAL_Driver/Src/stm32g4xx_hal_dma.c.obj
LOAD CMakeFiles/G4xx_bootloader.elf.dir/Drivers/STM32G4xx_HAL_Driver/Src/stm32g4xx_hal_dma_ex.c.obj
LOAD CMakeFiles/G4xx_bootloader.elf.dir/Drivers/STM32G4xx_HAL_Driver/Src/stm32g4xx_hal_exti.c.obj
LOAD CMakeFiles/G4xx_bootloader.elf.dir/Drivers/STM32G4xx_HAL_Driver/Src/stm32g4xx_hal_fdcan.c.obj
LOAD CMakeFiles/G4xx_bootloader.elf.dir/Drivers/STM32G4xx_HAL_Driver/Src/stm32g4xx_hal_flash.c.obj
LOAD CMakeFiles/G4xx_bootloader.elf.dir/Drivers/STM32G4xx_HAL_Driver/Src/stm32g4xx_hal_flash_ex.c.obj
LOAD CMakeFiles/G4xx_bootloader.elf.dir/Drivers/STM32G4xx_HAL_Driver/Src/stm32g4xx_hal_flash_ramfunc.c.obj
LOAD CMakeFiles/G4xx_bootloader.elf.dir/Drivers/STM32G4xx_HAL_Driver/Src/stm32g4xx_hal_gpio.c.obj
LOAD CMakeFiles/G4xx_bootloader.elf.dir/Drivers/STM32G4xx_HAL_Driver/Src/stm32g4xx_hal_pwr.c.obj
LOAD CMakeFiles/G4xx_bootloader.elf.dir/Drivers/STM32G4xx_HAL_Driver/Src/stm32g4xx_hal_pwr_ex.c.obj
LOAD CMakeFiles/G4xx_bootloader.elf.dir/Drivers/STM32G4xx_HAL_Driver/Src/stm32g4xx_hal_rcc.c.obj
LOAD CMakeFiles/G4xx_bootloader.elf.dir/Drivers/STM32G4xx_HAL_Driver/Src/stm32g4xx_hal_rcc_ex.c.obj
LOAD CMakeFiles/G4xx_bootloader.elf.dir/Drivers/STM32G4xx_HAL_Driver/Src/stm32g4xx_hal_tim.c.obj
LOAD CMakeFiles/G4xx_bootloader.elf.dir/Drivers/STM32G4xx_HAL_Driver/Src/stm32g4xx_hal_tim_ex.c.obj
START GROUP
LOAD c:/progra~2/gnuarm~1/102021~1.10/bin/../lib/gcc/arm-none-eabi/10.3.1/thumb/v7e-m/nofp\libgcc.a
LOAD c:/progra~2/gnuarm~1/102021~1.10/bin/../lib/gcc/arm-none-eabi/10.3.1/../../../../arm-none-eabi/lib/thumb/v7e-m/nofp\libg.a
LOAD c:/progra~2/gnuarm~1/102021~1.10/bin/../lib/gcc/arm-none-eabi/10.3.1/../../../../arm-none-eabi/lib/thumb/v7e-m/nofp\libc.a
END GROUP
LOAD c:/progra~2/gnuarm~1/102021~1.10/bin/../lib/gcc/arm-none-eabi/10.3.1/thumb/v7e-m/nofp/crtend.o
LOAD c:/progra~2/gnuarm~1/102021~1.10/bin/../lib/gcc/arm-none-eabi/10.3.1/thumb/v7e-m/nofp/crtn.o
                0x20008000                _estack = (ORIGIN (RAM) + LENGTH (RAM))
                0x00000200                _Min_Heap_Size = 0x200
                0x00000400                _Min_Stack_Size = 0x400

.isr_vector     0x08000000      0x1d8
                0x08000000                . = ALIGN (0x4)
 *(.isr_vector)
 .isr_vector    0x08000000      0x1d8 CMakeFiles/G4xx_bootloader.elf.dir/Core/Startup/startup_stm32g431kbux.s.obj
                0x08000000                g_pfnVectors
                0x080001d8                . = ALIGN (0x4)

.text           0x080001d8     0x2c28
                0x080001d8                . = ALIGN (0x4)
 *(.text)
 .text          0x080001d8       0x40 c:/progra~2/gnuarm~1/102021~1.10/bin/../lib/gcc/arm-none-eabi/10.3.1/thumb/v7e-m/nofp/crtbegin.o
 *(.text*)
 .text.MX_FDCAN1_Init
                0x08000218       0x54 CMakeFiles/G4xx_bootloader.elf.dir/Core/Src/fdcan.c.obj
                0x08000218                MX_FDCAN1_Init
 .text.HAL_FDCAN_MspInit
                0x0800026c       0xb0 CMakeFiles/G4xx_bootloader.elf.dir/Core/Src/fdcan.c.obj
                0x0800026c                HAL_FDCAN_MspInit
 .text.MX_GPIO_Init
                0x0800031c       0x50 CMakeFiles/G4xx_bootloader.elf.dir/Core/Src/gpio.c.obj
                0x0800031c                MX_GPIO_Init
 .text.Error_Handler
                0x0800036c        0x4 CMakeFiles/G4xx_bootloader.elf.dir/Core/Src/main.c.obj
                0x0800036c                Error_Handler
 .text.SystemClock_Config
                0x08000370       0x70 CMakeFiles/G4xx_bootloader.elf.dir/Core/Src/main.c.obj
                0x08000370                SystemClock_Config
 .text.main     0x080003e0       0x30 CMakeFiles/G4xx_bootloader.elf.dir/Core/Src/main.c.obj
                0x080003e0                main
 .text.HAL_MspInit
                0x08000410       0x38 CMakeFiles/G4xx_bootloader.elf.dir/Core/Src/stm32g4xx_hal_msp.c.obj
                0x08000410                HAL_MspInit
 .text.NMI_Handler
                0x08000448        0x2 CMakeFiles/G4xx_bootloader.elf.dir/Core/Src/stm32g4xx_it.c.obj
                0x08000448                NMI_Handler
 *fill*         0x0800044a        0x2 
 .text.HardFault_Handler
                0x0800044c       0x48 CMakeFiles/G4xx_bootloader.elf.dir/Core/Src/stm32g4xx_it.c.obj
                0x0800044c                HardFault_Handler
 .text.MemManage_Handler
                0x08000494        0x2 CMakeFiles/G4xx_bootloader.elf.dir/Core/Src/stm32g4xx_it.c.obj
                0x08000494                MemManage_Handler
 .text.BusFault_Handler
                0x08000496        0x2 CMakeFiles/G4xx_bootloader.elf.dir/Core/Src/stm32g4xx_it.c.obj
                0x08000496                BusFault_Handler
 .text.UsageFault_Handler
                0x08000498        0x2 CMakeFiles/G4xx_bootloader.elf.dir/Core/Src/stm32g4xx_it.c.obj
                0x08000498                UsageFault_Handler
 .text.SVC_Handler
                0x0800049a        0x2 CMakeFiles/G4xx_bootloader.elf.dir/Core/Src/stm32g4xx_it.c.obj
                0x0800049a                SVC_Handler
 .text.DebugMon_Handler
                0x0800049c        0x2 CMakeFiles/G4xx_bootloader.elf.dir/Core/Src/stm32g4xx_it.c.obj
                0x0800049c                DebugMon_Handler
 .text.PendSV_Handler
                0x0800049e        0x2 CMakeFiles/G4xx_bootloader.elf.dir/Core/Src/stm32g4xx_it.c.obj
                0x0800049e                PendSV_Handler
 .text.SysTick_Handler
                0x080004a0        0x8 CMakeFiles/G4xx_bootloader.elf.dir/Core/Src/stm32g4xx_it.c.obj
                0x080004a0                SysTick_Handler
 .text.FDCAN1_IT0_IRQHandler
                0x080004a8       0x10 CMakeFiles/G4xx_bootloader.elf.dir/Core/Src/stm32g4xx_it.c.obj
                0x080004a8                FDCAN1_IT0_IRQHandler
 .text.FDCAN1_IT1_IRQHandler
                0x080004b8       0x10 CMakeFiles/G4xx_bootloader.elf.dir/Core/Src/stm32g4xx_it.c.obj
                0x080004b8                FDCAN1_IT1_IRQHandler
 .text.TIM7_IRQHandler
                0x080004c8       0x10 CMakeFiles/G4xx_bootloader.elf.dir/Core/Src/stm32g4xx_it.c.obj
                0x080004c8                TIM7_IRQHandler
 .text.SystemInit
                0x080004d8        0x2 CMakeFiles/G4xx_bootloader.elf.dir/Core/Src/system_stm32g4xx.c.obj
                0x080004d8                SystemInit
 *fill*         0x080004da        0x2 
 .text.MX_TIM7_Init
                0x080004dc       0x50 CMakeFiles/G4xx_bootloader.elf.dir/Core/Src/tim.c.obj
                0x080004dc                MX_TIM7_Init
 .text.HAL_TIM_Base_MspInit
                0x0800052c       0x40 CMakeFiles/G4xx_bootloader.elf.dir/Core/Src/tim.c.obj
                0x0800052c                HAL_TIM_Base_MspInit
 .text.Reset_Handler
                0x0800056c       0x50 CMakeFiles/G4xx_bootloader.elf.dir/Core/Startup/startup_stm32g431kbux.s.obj
                0x0800056c                Reset_Handler
 .text.Default_Handler
                0x080005bc        0x2 CMakeFiles/G4xx_bootloader.elf.dir/Core/Startup/startup_stm32g431kbux.s.obj
                0x080005bc                RTC_Alarm_IRQHandler
                0x080005bc                EXTI2_IRQHandler
                0x080005bc                TIM8_TRG_COM_IRQHandler
                0x080005bc                TIM8_CC_IRQHandler
                0x080005bc                TIM1_CC_IRQHandler
                0x080005bc                USB_HP_IRQHandler
                0x080005bc                CORDIC_IRQHandler
                0x080005bc                EXTI3_IRQHandler
                0x080005bc                I2C3_ER_IRQHandler
                0x080005bc                EXTI0_IRQHandler
                0x080005bc                I2C2_EV_IRQHandler
                0x080005bc                FPU_IRQHandler
                0x080005bc                TIM1_UP_TIM16_IRQHandler
                0x080005bc                ADC1_2_IRQHandler
                0x080005bc                SPI1_IRQHandler
                0x080005bc                TIM6_DAC_IRQHandler
                0x080005bc                TIM8_UP_IRQHandler
                0x080005bc                DMA2_Channel2_IRQHandler
                0x080005bc                DMA1_Channel4_IRQHandler
                0x080005bc                USART3_IRQHandler
                0x080005bc                TIM4_IRQHandler
                0x080005bc                DMA2_Channel1_IRQHandler
                0x080005bc                I2C1_EV_IRQHandler
                0x080005bc                DMA1_Channel6_IRQHandler
                0x080005bc                UART4_IRQHandler
                0x080005bc                DMA2_Channel4_IRQHandler
                0x080005bc                TIM3_IRQHandler
                0x080005bc                RCC_IRQHandler
                0x080005bc                DMA1_Channel1_IRQHandler
                0x080005bc                Default_Handler
                0x080005bc                RTC_TAMP_LSECSS_IRQHandler
                0x080005bc                FMAC_IRQHandler
                0x080005bc                EXTI15_10_IRQHandler
                0x080005bc                UCPD1_IRQHandler
                0x080005bc                I2C3_EV_IRQHandler
                0x080005bc                EXTI9_5_IRQHandler
                0x080005bc                RTC_WKUP_IRQHandler
                0x080005bc                PVD_PVM_IRQHandler
                0x080005bc                SPI2_IRQHandler
                0x080005bc                DMA2_Channel5_IRQHandler
                0x080005bc                CRS_IRQHandler
                0x080005bc                DMA1_Channel5_IRQHandler
                0x080005bc                USB_LP_IRQHandler
                0x080005bc                EXTI4_IRQHandler
                0x080005bc                RNG_IRQHandler
                0x080005bc                TIM1_TRG_COM_TIM17_IRQHandler
                0x080005bc                DMA1_Channel3_IRQHandler
                0x080005bc                WWDG_IRQHandler
                0x080005bc                LPUART1_IRQHandler
                0x080005bc                DMA2_Channel6_IRQHandler
                0x080005bc                TIM2_IRQHandler
                0x080005bc                COMP1_2_3_IRQHandler
                0x080005bc                EXTI1_IRQHandler
                0x080005bc                USART2_IRQHandler
                0x080005bc                I2C2_ER_IRQHandler
                0x080005bc                DMA1_Channel2_IRQHandler
                0x080005bc                TIM8_BRK_IRQHandler
                0x080005bc                FLASH_IRQHandler
                0x080005bc                USART1_IRQHandler
                0x080005bc                SPI3_IRQHandler
                0x080005bc                I2C1_ER_IRQHandler
                0x080005bc                LPTIM1_IRQHandler
                0x080005bc                DMAMUX_OVR_IRQHandler
                0x080005bc                USBWakeUp_IRQHandler
                0x080005bc                SAI1_IRQHandler
                0x080005bc                DMA2_Channel3_IRQHandler
                0x080005bc                COMP4_IRQHandler
                0x080005bc                TIM1_BRK_TIM15_IRQHandler
 *fill*         0x080005be        0x2 
 .text.Read_Start_Mode
                0x080005c0       0x20 CMakeFiles/G4xx_bootloader.elf.dir/Core/User/Src/my_bootloader.c.obj
 .text.JumpToApp
                0x080005e0       0x70 CMakeFiles/G4xx_bootloader.elf.dir/Core/User/Src/my_bootloader.c.obj
                0x080005e0                JumpToApp
 .text.Data_transfer
                0x08000650       0xec CMakeFiles/G4xx_bootloader.elf.dir/Core/User/Src/my_bootloader.c.obj
                0x08000650                Data_transfer
 .text.Bootloader_Excute
                0x0800073c       0x54 CMakeFiles/G4xx_bootloader.elf.dir/Core/User/Src/my_bootloader.c.obj
                0x0800073c                Bootloader_Excute
 .text.CRC16_Verification
                0x08000790       0x3c CMakeFiles/G4xx_bootloader.elf.dir/Core/User/Src/my_bootloader.c.obj
                0x08000790                CRC16_Verification
 .text.CAN_filter_init
                0x080007cc       0x34 CMakeFiles/G4xx_bootloader.elf.dir/Core/User/Src/my_fdcan.c.obj
 .text.CAN_bsp_init
                0x08000800       0x20 CMakeFiles/G4xx_bootloader.elf.dir/Core/User/Src/my_fdcan.c.obj
                0x08000800                CAN_bsp_init
 .text.CAN_Send_Msg
                0x08000820       0x48 CMakeFiles/G4xx_bootloader.elf.dir/Core/User/Src/my_fdcan.c.obj
                0x08000820                CAN_Send_Msg
 .text.GET_FDCAN_DATA
                0x08000868      0x180 CMakeFiles/G4xx_bootloader.elf.dir/Core/User/Src/my_fdcan.c.obj
 .text.HAL_FDCAN_RxFifo0Callback
                0x080009e8       0x74 CMakeFiles/G4xx_bootloader.elf.dir/Core/User/Src/my_fdcan.c.obj
                0x080009e8                HAL_FDCAN_RxFifo0Callback
 .text.flash_read_word
                0x08000a5c        0x4 CMakeFiles/G4xx_bootloader.elf.dir/Core/User/Src/my_flash.c.obj
                0x08000a5c                flash_read_word
 .text.flash_read
                0x08000a60       0x20 CMakeFiles/G4xx_bootloader.elf.dir/Core/User/Src/my_flash.c.obj
                0x08000a60                flash_read
 .text.flash_get_flash_sector
                0x08000a80       0x54 CMakeFiles/G4xx_bootloader.elf.dir/Core/User/Src/my_flash.c.obj
                0x08000a80                flash_get_flash_sector
 .text.flash_NoErase_Write
                0x08000ad4       0x4c CMakeFiles/G4xx_bootloader.elf.dir/Core/User/Src/my_flash.c.obj
                0x08000ad4                flash_NoErase_Write
 .text.falsh_erase_Page
                0x08000b20       0x48 CMakeFiles/G4xx_bootloader.elf.dir/Core/User/Src/my_flash.c.obj
                0x08000b20                falsh_erase_Page
 .text.bsp_SoftTimerDec
                0x08000b68       0x20 CMakeFiles/G4xx_bootloader.elf.dir/Core/User/Src/my_time.c.obj
 .text.bsp_InitTimer
                0x08000b88       0x30 CMakeFiles/G4xx_bootloader.elf.dir/Core/User/Src/my_time.c.obj
                0x08000b88                bsp_InitTimer
 .text.HAL_TIM_PeriodElapsedCallback
                0x08000bb8       0x70 CMakeFiles/G4xx_bootloader.elf.dir/Core/User/Src/my_time.c.obj
                0x08000bb8                HAL_TIM_PeriodElapsedCallback
 .text.bsp_StartAutoTimer
                0x08000c28       0x2c CMakeFiles/G4xx_bootloader.elf.dir/Core/User/Src/my_time.c.obj
                0x08000c28                bsp_StartAutoTimer
 .text.bsp_StopTimer
                0x08000c54       0x28 CMakeFiles/G4xx_bootloader.elf.dir/Core/User/Src/my_time.c.obj
                0x08000c54                bsp_StopTimer
 .text.bsp_CheckTimer
                0x08000c7c       0x34 CMakeFiles/G4xx_bootloader.elf.dir/Core/User/Src/my_time.c.obj
                0x08000c7c                bsp_CheckTimer
 .text.HAL_MspDeInit
                0x08000cb0        0x2 CMakeFiles/G4xx_bootloader.elf.dir/Drivers/STM32G4xx_HAL_Driver/Src/stm32g4xx_hal.c.obj
                0x08000cb0                HAL_MspDeInit
 *fill*         0x08000cb2        0x2 
 .text.HAL_DeInit
                0x08000cb4       0x2c CMakeFiles/G4xx_bootloader.elf.dir/Drivers/STM32G4xx_HAL_Driver/Src/stm32g4xx_hal.c.obj
                0x08000cb4                HAL_DeInit
 .text.HAL_InitTick
                0x08000ce0       0x50 CMakeFiles/G4xx_bootloader.elf.dir/Drivers/STM32G4xx_HAL_Driver/Src/stm32g4xx_hal.c.obj
                0x08000ce0                HAL_InitTick
 .text.HAL_Init
                0x08000d30       0x1e CMakeFiles/G4xx_bootloader.elf.dir/Drivers/STM32G4xx_HAL_Driver/Src/stm32g4xx_hal.c.obj
                0x08000d30                HAL_Init
 *fill*         0x08000d4e        0x2 
 .text.HAL_IncTick
                0x08000d50       0x18 CMakeFiles/G4xx_bootloader.elf.dir/Drivers/STM32G4xx_HAL_Driver/Src/stm32g4xx_hal.c.obj
                0x08000d50                HAL_IncTick
 .text.HAL_GetTick
                0x08000d68        0xc CMakeFiles/G4xx_bootloader.elf.dir/Drivers/STM32G4xx_HAL_Driver/Src/stm32g4xx_hal.c.obj
                0x08000d68                HAL_GetTick
 .text.HAL_Delay
                0x08000d74       0x28 CMakeFiles/G4xx_bootloader.elf.dir/Drivers/STM32G4xx_HAL_Driver/Src/stm32g4xx_hal.c.obj
                0x08000d74                HAL_Delay
 .text.HAL_NVIC_SetPriorityGrouping
                0x08000d9c       0x24 CMakeFiles/G4xx_bootloader.elf.dir/Drivers/STM32G4xx_HAL_Driver/Src/stm32g4xx_hal_cortex.c.obj
                0x08000d9c                HAL_NVIC_SetPriorityGrouping
 .text.HAL_NVIC_SetPriority
                0x08000dc0       0x70 CMakeFiles/G4xx_bootloader.elf.dir/Drivers/STM32G4xx_HAL_Driver/Src/stm32g4xx_hal_cortex.c.obj
                0x08000dc0                HAL_NVIC_SetPriority
 .text.HAL_NVIC_EnableIRQ
                0x08000e30       0x1c CMakeFiles/G4xx_bootloader.elf.dir/Drivers/STM32G4xx_HAL_Driver/Src/stm32g4xx_hal_cortex.c.obj
                0x08000e30                HAL_NVIC_EnableIRQ
 .text.HAL_SYSTICK_Config
                0x08000e4c       0x28 CMakeFiles/G4xx_bootloader.elf.dir/Drivers/STM32G4xx_HAL_Driver/Src/stm32g4xx_hal_cortex.c.obj
                0x08000e4c                HAL_SYSTICK_Config
 .text.FDCAN_CalcultateRamBlockAddresses
                0x08000e74       0x64 CMakeFiles/G4xx_bootloader.elf.dir/Drivers/STM32G4xx_HAL_Driver/Src/stm32g4xx_hal_fdcan.c.obj
 .text.FDCAN_CopyMessageToRAM
                0x08000ed8       0x88 CMakeFiles/G4xx_bootloader.elf.dir/Drivers/STM32G4xx_HAL_Driver/Src/stm32g4xx_hal_fdcan.c.obj
 .text.HAL_FDCAN_Init
                0x08000f60      0x1d4 CMakeFiles/G4xx_bootloader.elf.dir/Drivers/STM32G4xx_HAL_Driver/Src/stm32g4xx_hal_fdcan.c.obj
                0x08000f60                HAL_FDCAN_Init
 .text.HAL_FDCAN_ConfigFilter
                0x08001134       0x60 CMakeFiles/G4xx_bootloader.elf.dir/Drivers/STM32G4xx_HAL_Driver/Src/stm32g4xx_hal_fdcan.c.obj
                0x08001134                HAL_FDCAN_ConfigFilter
 .text.HAL_FDCAN_Start
                0x08001194       0x2e CMakeFiles/G4xx_bootloader.elf.dir/Drivers/STM32G4xx_HAL_Driver/Src/stm32g4xx_hal_fdcan.c.obj
                0x08001194                HAL_FDCAN_Start
 .text.HAL_FDCAN_AddMessageToTxFifoQ
                0x080011c2       0x52 CMakeFiles/G4xx_bootloader.elf.dir/Drivers/STM32G4xx_HAL_Driver/Src/stm32g4xx_hal_fdcan.c.obj
                0x080011c2                HAL_FDCAN_AddMessageToTxFifoQ
 .text.HAL_FDCAN_GetRxMessage
                0x08001214      0x164 CMakeFiles/G4xx_bootloader.elf.dir/Drivers/STM32G4xx_HAL_Driver/Src/stm32g4xx_hal_fdcan.c.obj
                0x08001214                HAL_FDCAN_GetRxMessage
 .text.HAL_FDCAN_ActivateNotification
                0x08001378      0x106 CMakeFiles/G4xx_bootloader.elf.dir/Drivers/STM32G4xx_HAL_Driver/Src/stm32g4xx_hal_fdcan.c.obj
                0x08001378                HAL_FDCAN_ActivateNotification
 .text.HAL_FDCAN_TxEventFifoCallback
                0x0800147e        0x2 CMakeFiles/G4xx_bootloader.elf.dir/Drivers/STM32G4xx_HAL_Driver/Src/stm32g4xx_hal_fdcan.c.obj
                0x0800147e                HAL_FDCAN_TxEventFifoCallback
 .text.HAL_FDCAN_RxFifo1Callback
                0x08001480        0x2 CMakeFiles/G4xx_bootloader.elf.dir/Drivers/STM32G4xx_HAL_Driver/Src/stm32g4xx_hal_fdcan.c.obj
                0x08001480                HAL_FDCAN_RxFifo1Callback
 .text.HAL_FDCAN_TxFifoEmptyCallback
                0x08001482        0x2 CMakeFiles/G4xx_bootloader.elf.dir/Drivers/STM32G4xx_HAL_Driver/Src/stm32g4xx_hal_fdcan.c.obj
                0x08001482                HAL_FDCAN_TxFifoEmptyCallback
 .text.HAL_FDCAN_TxBufferCompleteCallback
                0x08001484        0x2 CMakeFiles/G4xx_bootloader.elf.dir/Drivers/STM32G4xx_HAL_Driver/Src/stm32g4xx_hal_fdcan.c.obj
                0x08001484                HAL_FDCAN_TxBufferCompleteCallback
 .text.HAL_FDCAN_TxBufferAbortCallback
                0x08001486        0x2 CMakeFiles/G4xx_bootloader.elf.dir/Drivers/STM32G4xx_HAL_Driver/Src/stm32g4xx_hal_fdcan.c.obj
                0x08001486                HAL_FDCAN_TxBufferAbortCallback
 .text.HAL_FDCAN_TimestampWraparoundCallback
                0x08001488        0x2 CMakeFiles/G4xx_bootloader.elf.dir/Drivers/STM32G4xx_HAL_Driver/Src/stm32g4xx_hal_fdcan.c.obj
                0x08001488                HAL_FDCAN_TimestampWraparoundCallback
 .text.HAL_FDCAN_TimeoutOccurredCallback
                0x0800148a        0x2 CMakeFiles/G4xx_bootloader.elf.dir/Drivers/STM32G4xx_HAL_Driver/Src/stm32g4xx_hal_fdcan.c.obj
                0x0800148a                HAL_FDCAN_TimeoutOccurredCallback
 .text.HAL_FDCAN_HighPriorityMessageCallback
                0x0800148c        0x2 CMakeFiles/G4xx_bootloader.elf.dir/Drivers/STM32G4xx_HAL_Driver/Src/stm32g4xx_hal_fdcan.c.obj
                0x0800148c                HAL_FDCAN_HighPriorityMessageCallback
 .text.HAL_FDCAN_ErrorCallback
                0x0800148e        0x2 CMakeFiles/G4xx_bootloader.elf.dir/Drivers/STM32G4xx_HAL_Driver/Src/stm32g4xx_hal_fdcan.c.obj
                0x0800148e                HAL_FDCAN_ErrorCallback
 .text.HAL_FDCAN_ErrorStatusCallback
                0x08001490        0x2 CMakeFiles/G4xx_bootloader.elf.dir/Drivers/STM32G4xx_HAL_Driver/Src/stm32g4xx_hal_fdcan.c.obj
                0x08001490                HAL_FDCAN_ErrorStatusCallback
 .text.HAL_FDCAN_IRQHandler
                0x08001492      0x188 CMakeFiles/G4xx_bootloader.elf.dir/Drivers/STM32G4xx_HAL_Driver/Src/stm32g4xx_hal_fdcan.c.obj
                0x08001492                HAL_FDCAN_IRQHandler
 *fill*         0x0800161a        0x2 
 .text.FLASH_Program_DoubleWord
                0x0800161c       0x1c CMakeFiles/G4xx_bootloader.elf.dir/Drivers/STM32G4xx_HAL_Driver/Src/stm32g4xx_hal_flash.c.obj
 .text.FLASH_Program_Fast
                0x08001638       0x2c CMakeFiles/G4xx_bootloader.elf.dir/Drivers/STM32G4xx_HAL_Driver/Src/stm32g4xx_hal_flash.c.obj
 .text.HAL_FLASH_Unlock
                0x08001664       0x30 CMakeFiles/G4xx_bootloader.elf.dir/Drivers/STM32G4xx_HAL_Driver/Src/stm32g4xx_hal_flash.c.obj
                0x08001664                HAL_FLASH_Unlock
 .text.HAL_FLASH_Lock
                0x08001694       0x1c CMakeFiles/G4xx_bootloader.elf.dir/Drivers/STM32G4xx_HAL_Driver/Src/stm32g4xx_hal_flash.c.obj
                0x08001694                HAL_FLASH_Lock
 .text.FLASH_WaitForLastOperation
                0x080016b0       0x60 CMakeFiles/G4xx_bootloader.elf.dir/Drivers/STM32G4xx_HAL_Driver/Src/stm32g4xx_hal_flash.c.obj
                0x080016b0                FLASH_WaitForLastOperation
 .text.HAL_FLASH_Program
                0x08001710       0xb0 CMakeFiles/G4xx_bootloader.elf.dir/Drivers/STM32G4xx_HAL_Driver/Src/stm32g4xx_hal_flash.c.obj
                0x08001710                HAL_FLASH_Program
 .text.FLASH_MassErase
                0x080017c0       0x20 CMakeFiles/G4xx_bootloader.elf.dir/Drivers/STM32G4xx_HAL_Driver/Src/stm32g4xx_hal_flash_ex.c.obj
 .text.FLASH_PageErase
                0x080017e0       0x28 CMakeFiles/G4xx_bootloader.elf.dir/Drivers/STM32G4xx_HAL_Driver/Src/stm32g4xx_hal_flash_ex.c.obj
                0x080017e0                FLASH_PageErase
 .text.FLASH_FlushCaches
                0x08001808       0x64 CMakeFiles/G4xx_bootloader.elf.dir/Drivers/STM32G4xx_HAL_Driver/Src/stm32g4xx_hal_flash_ex.c.obj
                0x08001808                FLASH_FlushCaches
 .text.HAL_FLASHEx_Erase
                0x0800186c       0xec CMakeFiles/G4xx_bootloader.elf.dir/Drivers/STM32G4xx_HAL_Driver/Src/stm32g4xx_hal_flash_ex.c.obj
                0x0800186c                HAL_FLASHEx_Erase
 .text.HAL_GPIO_Init
                0x08001958      0x1dc CMakeFiles/G4xx_bootloader.elf.dir/Drivers/STM32G4xx_HAL_Driver/Src/stm32g4xx_hal_gpio.c.obj
                0x08001958                HAL_GPIO_Init
 .text.HAL_GPIO_WritePin
                0x08001b34        0xa CMakeFiles/G4xx_bootloader.elf.dir/Drivers/STM32G4xx_HAL_Driver/Src/stm32g4xx_hal_gpio.c.obj
                0x08001b34                HAL_GPIO_WritePin
 .text.HAL_GPIO_TogglePin
                0x08001b3e       0x12 CMakeFiles/G4xx_bootloader.elf.dir/Drivers/STM32G4xx_HAL_Driver/Src/stm32g4xx_hal_gpio.c.obj
                0x08001b3e                HAL_GPIO_TogglePin
 .text.HAL_PWREx_ControlVoltageScaling
                0x08001b50      0x10c CMakeFiles/G4xx_bootloader.elf.dir/Drivers/STM32G4xx_HAL_Driver/Src/stm32g4xx_hal_pwr_ex.c.obj
                0x08001b50                HAL_PWREx_ControlVoltageScaling
 .text.HAL_PWREx_DisableUCPDDeadBattery
                0x08001c5c       0x10 CMakeFiles/G4xx_bootloader.elf.dir/Drivers/STM32G4xx_HAL_Driver/Src/stm32g4xx_hal_pwr_ex.c.obj
                0x08001c5c                HAL_PWREx_DisableUCPDDeadBattery
 .text.RCC_GetSysClockFreqFromPLLSource
                0x08001c6c       0x58 CMakeFiles/G4xx_bootloader.elf.dir/Drivers/STM32G4xx_HAL_Driver/Src/stm32g4xx_hal_rcc.c.obj
 .text.HAL_RCC_DeInit
                0x08001cc4       0xcc CMakeFiles/G4xx_bootloader.elf.dir/Drivers/STM32G4xx_HAL_Driver/Src/stm32g4xx_hal_rcc.c.obj
                0x08001cc4                HAL_RCC_DeInit
 .text.HAL_RCC_OscConfig
                0x08001d90      0x4e4 CMakeFiles/G4xx_bootloader.elf.dir/Drivers/STM32G4xx_HAL_Driver/Src/stm32g4xx_hal_rcc.c.obj
                0x08001d90                HAL_RCC_OscConfig
 .text.HAL_RCC_GetSysClockFreq
                0x08002274       0x88 CMakeFiles/G4xx_bootloader.elf.dir/Drivers/STM32G4xx_HAL_Driver/Src/stm32g4xx_hal_rcc.c.obj
                0x08002274                HAL_RCC_GetSysClockFreq
 .text.HAL_RCC_ClockConfig
                0x080022fc      0x1f8 CMakeFiles/G4xx_bootloader.elf.dir/Drivers/STM32G4xx_HAL_Driver/Src/stm32g4xx_hal_rcc.c.obj
                0x080022fc                HAL_RCC_ClockConfig
 .text.HAL_RCCEx_PeriphCLKConfig
                0x080024f4      0x2e4 CMakeFiles/G4xx_bootloader.elf.dir/Drivers/STM32G4xx_HAL_Driver/Src/stm32g4xx_hal_rcc_ex.c.obj
                0x080024f4                HAL_RCCEx_PeriphCLKConfig
 .text.HAL_TIM_Base_Start_IT
                0x080027d8       0x84 CMakeFiles/G4xx_bootloader.elf.dir/Drivers/STM32G4xx_HAL_Driver/Src/stm32g4xx_hal_tim.c.obj
                0x080027d8                HAL_TIM_Base_Start_IT
 .text.HAL_TIM_OC_DelayElapsedCallback
                0x0800285c        0x2 CMakeFiles/G4xx_bootloader.elf.dir/Drivers/STM32G4xx_HAL_Driver/Src/stm32g4xx_hal_tim.c.obj
                0x0800285c                HAL_TIM_OC_DelayElapsedCallback
 .text.HAL_TIM_IC_CaptureCallback
                0x0800285e        0x2 CMakeFiles/G4xx_bootloader.elf.dir/Drivers/STM32G4xx_HAL_Driver/Src/stm32g4xx_hal_tim.c.obj
                0x0800285e                HAL_TIM_IC_CaptureCallback
 .text.HAL_TIM_PWM_PulseFinishedCallback
                0x08002860        0x2 CMakeFiles/G4xx_bootloader.elf.dir/Drivers/STM32G4xx_HAL_Driver/Src/stm32g4xx_hal_tim.c.obj
                0x08002860                HAL_TIM_PWM_PulseFinishedCallback
 .text.HAL_TIM_TriggerCallback
                0x08002862        0x2 CMakeFiles/G4xx_bootloader.elf.dir/Drivers/STM32G4xx_HAL_Driver/Src/stm32g4xx_hal_tim.c.obj
                0x08002862                HAL_TIM_TriggerCallback
 .text.HAL_TIM_IRQHandler
                0x08002864      0x1ea CMakeFiles/G4xx_bootloader.elf.dir/Drivers/STM32G4xx_HAL_Driver/Src/stm32g4xx_hal_tim.c.obj
                0x08002864                HAL_TIM_IRQHandler
 *fill*         0x08002a4e        0x2 
 .text.TIM_Base_SetConfig
                0x08002a50       0xc8 CMakeFiles/G4xx_bootloader.elf.dir/Drivers/STM32G4xx_HAL_Driver/Src/stm32g4xx_hal_tim.c.obj
                0x08002a50                TIM_Base_SetConfig
 .text.HAL_TIM_Base_Init
                0x08002b18       0x60 CMakeFiles/G4xx_bootloader.elf.dir/Drivers/STM32G4xx_HAL_Driver/Src/stm32g4xx_hal_tim.c.obj
                0x08002b18                HAL_TIM_Base_Init
 .text.HAL_TIMEx_MasterConfigSynchronization
                0x08002b78       0x94 CMakeFiles/G4xx_bootloader.elf.dir/Drivers/STM32G4xx_HAL_Driver/Src/stm32g4xx_hal_tim_ex.c.obj
                0x08002b78                HAL_TIMEx_MasterConfigSynchronization
 .text.HAL_TIMEx_CommutCallback
                0x08002c0c        0x2 CMakeFiles/G4xx_bootloader.elf.dir/Drivers/STM32G4xx_HAL_Driver/Src/stm32g4xx_hal_tim_ex.c.obj
                0x08002c0c                HAL_TIMEx_CommutCallback
 .text.HAL_TIMEx_BreakCallback
                0x08002c0e        0x2 CMakeFiles/G4xx_bootloader.elf.dir/Drivers/STM32G4xx_HAL_Driver/Src/stm32g4xx_hal_tim_ex.c.obj
                0x08002c0e                HAL_TIMEx_BreakCallback
 .text.HAL_TIMEx_Break2Callback
                0x08002c10        0x2 CMakeFiles/G4xx_bootloader.elf.dir/Drivers/STM32G4xx_HAL_Driver/Src/stm32g4xx_hal_tim_ex.c.obj
                0x08002c10                HAL_TIMEx_Break2Callback
 .text.HAL_TIMEx_EncoderIndexCallback
                0x08002c12        0x2 CMakeFiles/G4xx_bootloader.elf.dir/Drivers/STM32G4xx_HAL_Driver/Src/stm32g4xx_hal_tim_ex.c.obj
                0x08002c12                HAL_TIMEx_EncoderIndexCallback
 .text.HAL_TIMEx_DirectionChangeCallback
                0x08002c14        0x2 CMakeFiles/G4xx_bootloader.elf.dir/Drivers/STM32G4xx_HAL_Driver/Src/stm32g4xx_hal_tim_ex.c.obj
                0x08002c14                HAL_TIMEx_DirectionChangeCallback
 .text.HAL_TIMEx_IndexErrorCallback
                0x08002c16        0x2 CMakeFiles/G4xx_bootloader.elf.dir/Drivers/STM32G4xx_HAL_Driver/Src/stm32g4xx_hal_tim_ex.c.obj
                0x08002c16                HAL_TIMEx_IndexErrorCallback
 .text.HAL_TIMEx_TransitionErrorCallback
                0x08002c18        0x2 CMakeFiles/G4xx_bootloader.elf.dir/Drivers/STM32G4xx_HAL_Driver/Src/stm32g4xx_hal_tim_ex.c.obj
                0x08002c18                HAL_TIMEx_TransitionErrorCallback
 *fill*         0x08002c1a        0x2 
 .text.__libc_init_array
                0x08002c1c       0x48 c:/progra~2/gnuarm~1/102021~1.10/bin/../lib/gcc/arm-none-eabi/10.3.1/../../../../arm-none-eabi/lib/thumb/v7e-m/nofp\libg.a(lib_a-init.o)
                0x08002c1c                __libc_init_array
 .text.memset   0x08002c64       0xa4 c:/progra~2/gnuarm~1/102021~1.10/bin/../lib/gcc/arm-none-eabi/10.3.1/../../../../arm-none-eabi/lib/thumb/v7e-m/nofp\libg.a(lib_a-memset.o)
                0x08002c64                memset
 .text.startup.register_fini
                0x08002d08       0x14 c:/progra~2/gnuarm~1/102021~1.10/bin/../lib/gcc/arm-none-eabi/10.3.1/../../../../arm-none-eabi/lib/thumb/v7e-m/nofp\libg.a(lib_a-__call_atexit.o)
 .text.atexit   0x08002d1c        0xc c:/progra~2/gnuarm~1/102021~1.10/bin/../lib/gcc/arm-none-eabi/10.3.1/../../../../arm-none-eabi/lib/thumb/v7e-m/nofp\libg.a(lib_a-atexit.o)
                0x08002d1c                atexit
 .text.__libc_fini_array
                0x08002d28       0x2c c:/progra~2/gnuarm~1/102021~1.10/bin/../lib/gcc/arm-none-eabi/10.3.1/../../../../arm-none-eabi/lib/thumb/v7e-m/nofp\libg.a(lib_a-fini.o)
                0x08002d28                __libc_fini_array
 .text.__retarget_lock_acquire_recursive
                0x08002d54        0x4 c:/progra~2/gnuarm~1/102021~1.10/bin/../lib/gcc/arm-none-eabi/10.3.1/../../../../arm-none-eabi/lib/thumb/v7e-m/nofp\libg.a(lib_a-lock.o)
                0x08002d54                __retarget_lock_acquire_recursive
 .text.__retarget_lock_release_recursive
                0x08002d58        0x4 c:/progra~2/gnuarm~1/102021~1.10/bin/../lib/gcc/arm-none-eabi/10.3.1/../../../../arm-none-eabi/lib/thumb/v7e-m/nofp\libg.a(lib_a-lock.o)
                0x08002d58                __retarget_lock_release_recursive
 .text.__register_exitproc
                0x08002d5c       0x8c c:/progra~2/gnuarm~1/102021~1.10/bin/../lib/gcc/arm-none-eabi/10.3.1/../../../../arm-none-eabi/lib/thumb/v7e-m/nofp\libg.a(lib_a-__atexit.o)
                0x08002d5c                __register_exitproc
 *(.glue_7)
 .glue_7        0x08002de8        0x0 linker stubs
 *(.glue_7t)
 .glue_7t       0x08002de8        0x0 linker stubs
 *(.eh_frame)
 .eh_frame      0x08002de8        0x0 c:/progra~2/gnuarm~1/102021~1.10/bin/../lib/gcc/arm-none-eabi/10.3.1/thumb/v7e-m/nofp/crtbegin.o
 *(.init)
 .init          0x08002de8        0x4 c:/progra~2/gnuarm~1/102021~1.10/bin/../lib/gcc/arm-none-eabi/10.3.1/thumb/v7e-m/nofp/crti.o
                0x08002de8                _init
 .init          0x08002dec        0x8 c:/progra~2/gnuarm~1/102021~1.10/bin/../lib/gcc/arm-none-eabi/10.3.1/thumb/v7e-m/nofp/crtn.o
 *(.fini)
 .fini          0x08002df4        0x4 c:/progra~2/gnuarm~1/102021~1.10/bin/../lib/gcc/arm-none-eabi/10.3.1/thumb/v7e-m/nofp/crti.o
                0x08002df4                _fini
 .fini          0x08002df8        0x8 c:/progra~2/gnuarm~1/102021~1.10/bin/../lib/gcc/arm-none-eabi/10.3.1/thumb/v7e-m/nofp/crtn.o
                0x08002e00                . = ALIGN (0x4)
                0x08002e00                _etext = .

.vfp11_veneer   0x08002e00        0x0
 .vfp11_veneer  0x08002e00        0x0 linker stubs

.v4_bx          0x08002e00        0x0
 .v4_bx         0x08002e00        0x0 linker stubs

.iplt           0x08002e00        0x0
 .iplt          0x08002e00        0x0 c:/progra~2/gnuarm~1/102021~1.10/bin/../lib/gcc/arm-none-eabi/10.3.1/thumb/v7e-m/nofp/crtbegin.o

.rodata         0x08002e00       0x24
                0x08002e00                . = ALIGN (0x4)
 *(.rodata)
 *(.rodata*)
 .rodata.AHBPrescTable
                0x08002e00       0x10 CMakeFiles/G4xx_bootloader.elf.dir/Core/Src/system_stm32g4xx.c.obj
                0x08002e00                AHBPrescTable
 .rodata.DLCtoBytes
                0x08002e10       0x10 CMakeFiles/G4xx_bootloader.elf.dir/Drivers/STM32G4xx_HAL_Driver/Src/stm32g4xx_hal_fdcan.c.obj
 .rodata._global_impure_ptr
                0x08002e20        0x4 c:/progra~2/gnuarm~1/102021~1.10/bin/../lib/gcc/arm-none-eabi/10.3.1/../../../../arm-none-eabi/lib/thumb/v7e-m/nofp\libg.a(lib_a-impure.o)
                0x08002e20                _global_impure_ptr
                0x08002e24                . = ALIGN (0x4)

.rel.dyn        0x08002e24        0x0
 .rel.iplt      0x08002e24        0x0 c:/progra~2/gnuarm~1/102021~1.10/bin/../lib/gcc/arm-none-eabi/10.3.1/thumb/v7e-m/nofp/crtbegin.o

.ARM.extab      0x08002e24        0x0
                0x08002e24                . = ALIGN (0x4)
 *(.ARM.extab* .gnu.linkonce.armextab.*)
                0x08002e24                . = ALIGN (0x4)

.ARM            0x08002e24        0x0
                0x08002e24                . = ALIGN (0x4)
                0x08002e24                __exidx_start = .
 *(.ARM.exidx*)
                0x08002e24                __exidx_end = .
                0x08002e24                . = ALIGN (0x4)

.preinit_array  0x08002e24        0x0
                0x08002e24                . = ALIGN (0x4)
                0x08002e24                PROVIDE (__preinit_array_start = .)
 *(.preinit_array*)
                0x08002e24                PROVIDE (__preinit_array_end = .)
                0x08002e24                . = ALIGN (0x4)

.init_array     0x08002e24        0x8
                0x08002e24                . = ALIGN (0x4)
                0x08002e24                PROVIDE (__init_array_start = .)
 *(SORT_BY_NAME(.init_array.*))
 .init_array.00000
                0x08002e24        0x4 c:/progra~2/gnuarm~1/102021~1.10/bin/../lib/gcc/arm-none-eabi/10.3.1/../../../../arm-none-eabi/lib/thumb/v7e-m/nofp\libg.a(lib_a-__call_atexit.o)
 *(.init_array*)
 .init_array    0x08002e28        0x4 c:/progra~2/gnuarm~1/102021~1.10/bin/../lib/gcc/arm-none-eabi/10.3.1/thumb/v7e-m/nofp/crtbegin.o
                0x08002e2c                PROVIDE (__init_array_end = .)
                0x08002e2c                . = ALIGN (0x4)

.fini_array     0x08002e2c        0x4
                0x08002e2c                . = ALIGN (0x4)
                0x08002e2c                PROVIDE (__fini_array_start = .)
 *(SORT_BY_NAME(.fini_array.*))
 *(.fini_array*)
 .fini_array    0x08002e2c        0x4 c:/progra~2/gnuarm~1/102021~1.10/bin/../lib/gcc/arm-none-eabi/10.3.1/thumb/v7e-m/nofp/crtbegin.o
                0x08002e30                PROVIDE (__fini_array_end = .)
                0x08002e30                . = ALIGN (0x4)
                0x08002e30                _sidata = LOADADDR (.data)

.data           0x20000000      0x47c load address 0x08002e30
                0x20000000                . = ALIGN (0x4)
                0x20000000                _sdata = .
 *(.data)
 *(.data*)
 .data.SystemCoreClock
                0x20000000        0x4 CMakeFiles/G4xx_bootloader.elf.dir/Core/Src/system_stm32g4xx.c.obj
                0x20000000                SystemCoreClock
 .data.ReturnPackets_End
                0x20000004        0x5 CMakeFiles/G4xx_bootloader.elf.dir/Core/User/Src/my_fdcan.c.obj
                0x20000004                ReturnPackets_End
 *fill*         0x20000009        0x3 
 .data.ReturnPackets_Hand
                0x2000000c        0x5 CMakeFiles/G4xx_bootloader.elf.dir/Core/User/Src/my_fdcan.c.obj
                0x2000000c                ReturnPackets_Hand
 *fill*         0x20000011        0x3 
 .data.ReturnPackets_Ng
                0x20000014        0x5 CMakeFiles/G4xx_bootloader.elf.dir/Core/User/Src/my_fdcan.c.obj
                0x20000014                ReturnPackets_Ng
 *fill*         0x20000019        0x3 
 .data.ReturnPackets_Ok
                0x2000001c        0x5 CMakeFiles/G4xx_bootloader.elf.dir/Core/User/Src/my_fdcan.c.obj
                0x2000001c                ReturnPackets_Ok
 *fill*         0x20000021        0x3 
 .data.g_devid  0x20000024        0x4 CMakeFiles/G4xx_bootloader.elf.dir/Core/User/Src/my_fdcan.c.obj
                0x20000024                g_devid
 .data.uwTickFreq
                0x20000028        0x4 CMakeFiles/G4xx_bootloader.elf.dir/Drivers/STM32G4xx_HAL_Driver/Src/stm32g4xx_hal.c.obj
                0x20000028                uwTickFreq
 .data.uwTickPrio
                0x2000002c        0x4 CMakeFiles/G4xx_bootloader.elf.dir/Drivers/STM32G4xx_HAL_Driver/Src/stm32g4xx_hal.c.obj
                0x2000002c                uwTickPrio
 .data.pFlash   0x20000030       0x20 CMakeFiles/G4xx_bootloader.elf.dir/Drivers/STM32G4xx_HAL_Driver/Src/stm32g4xx_hal_flash.c.obj
                0x20000030                pFlash
 .data.impure_data
                0x20000050      0x428 c:/progra~2/gnuarm~1/102021~1.10/bin/../lib/gcc/arm-none-eabi/10.3.1/../../../../arm-none-eabi/lib/thumb/v7e-m/nofp\libg.a(lib_a-impure.o)
 .data.__atexit_recursive_mutex
                0x20000478        0x4 c:/progra~2/gnuarm~1/102021~1.10/bin/../lib/gcc/arm-none-eabi/10.3.1/../../../../arm-none-eabi/lib/thumb/v7e-m/nofp\libg.a(lib_a-__call_atexit.o)
                0x20000478                __atexit_recursive_mutex
 *(.RamFunc)
 *(.RamFunc*)
                0x2000047c                . = ALIGN (0x4)
                0x2000047c                _edata = .

.igot.plt       0x2000047c        0x0 load address 0x080032ac
 .igot.plt      0x2000047c        0x0 c:/progra~2/gnuarm~1/102021~1.10/bin/../lib/gcc/arm-none-eabi/10.3.1/thumb/v7e-m/nofp/crtbegin.o
                0x2000047c                . = ALIGN (0x4)

.bss            0x2000047c      0x1a0 load address 0x080032ac
                0x2000047c                _sbss = .
                0x2000047c                __bss_start__ = _sbss
 *(.bss)
 .bss           0x2000047c       0x1c c:/progra~2/gnuarm~1/102021~1.10/bin/../lib/gcc/arm-none-eabi/10.3.1/thumb/v7e-m/nofp/crtbegin.o
 *(.bss*)
 .bss.hfdcan1   0x20000498       0x64 CMakeFiles/G4xx_bootloader.elf.dir/Core/Src/fdcan.c.obj
                0x20000498                hfdcan1
 .bss.htim7     0x200004fc       0x4c CMakeFiles/G4xx_bootloader.elf.dir/Core/Src/tim.c.obj
                0x200004fc                htim7
 .bss.RXHeader  0x20000548       0x28 CMakeFiles/G4xx_bootloader.elf.dir/Core/User/Src/my_fdcan.c.obj
                0x20000548                RXHeader
 .bss.TXHeader  0x20000570       0x24 CMakeFiles/G4xx_bootloader.elf.dir/Core/User/Src/my_fdcan.c.obj
                0x20000570                TXHeader
 .bss.flash_move_start
                0x20000594        0x1 CMakeFiles/G4xx_bootloader.elf.dir/Core/User/Src/my_fdcan.c.obj
                0x20000594                flash_move_start
 *fill*         0x20000595        0x3 
 .bss.g_sucdata
                0x20000598       0x40 CMakeFiles/G4xx_bootloader.elf.dir/Core/User/Src/my_fdcan.c.obj
                0x20000598                g_sucdata
 .bss.ota_move_end
                0x200005d8        0x1 CMakeFiles/G4xx_bootloader.elf.dir/Core/User/Src/my_fdcan.c.obj
                0x200005d8                ota_move_end
 *fill*         0x200005d9        0x1 
 .bss.s_last_ordinal_num.0
                0x200005da        0x2 CMakeFiles/G4xx_bootloader.elf.dir/Core/User/Src/my_fdcan.c.obj
 .bss.upgrade   0x200005dc        0x1 CMakeFiles/G4xx_bootloader.elf.dir/Core/User/Src/my_fdcan.c.obj
                0x200005dc                upgrade
 *fill*         0x200005dd        0x1 
 .bss.g_IwdgTime
                0x200005de        0x2 CMakeFiles/G4xx_bootloader.elf.dir/Core/User/Src/my_time.c.obj
                0x200005de                g_IwdgTime
 .bss.g_iRunTime
                0x200005e0        0x4 CMakeFiles/G4xx_bootloader.elf.dir/Core/User/Src/my_time.c.obj
                0x200005e0                g_iRunTime
 .bss.s_tTmr    0x200005e4       0x30 CMakeFiles/G4xx_bootloader.elf.dir/Core/User/Src/my_time.c.obj
 .bss.uwTick    0x20000614        0x4 CMakeFiles/G4xx_bootloader.elf.dir/Drivers/STM32G4xx_HAL_Driver/Src/stm32g4xx_hal.c.obj
                0x20000614                uwTick
 .bss.__lock___atexit_recursive_mutex
                0x20000618        0x1 c:/progra~2/gnuarm~1/102021~1.10/bin/../lib/gcc/arm-none-eabi/10.3.1/../../../../arm-none-eabi/lib/thumb/v7e-m/nofp\libg.a(lib_a-lock.o)
                0x20000618                __lock___atexit_recursive_mutex
 *(COMMON)
                0x2000061c                . = ALIGN (0x4)
 *fill*         0x20000619        0x3 
                0x2000061c                _ebss = .
                0x2000061c                __bss_end__ = _ebss

._user_heap_stack
                0x2000061c      0x604 load address 0x080032ac
                0x20000620                . = ALIGN (0x8)
 *fill*         0x2000061c        0x4 
                [!provide]                PROVIDE (end = .)
                0x20000620                PROVIDE (_end = .)
                0x20000820                . = (. + _Min_Heap_Size)
 *fill*         0x20000620      0x200 
                0x20000c20                . = (. + _Min_Stack_Size)
 *fill*         0x20000820      0x400 
                0x20000c20                . = ALIGN (0x8)

/DISCARD/
 libc.a(*)
 libm.a(*)
 libgcc.a(*)

.ARM.attributes
                0x00000000       0x2a
 *(.ARM.attributes)
 .ARM.attributes
                0x00000000       0x1e c:/progra~2/gnuarm~1/102021~1.10/bin/../lib/gcc/arm-none-eabi/10.3.1/thumb/v7e-m/nofp/crti.o
 .ARM.attributes
                0x0000001e       0x2e c:/progra~2/gnuarm~1/102021~1.10/bin/../lib/gcc/arm-none-eabi/10.3.1/thumb/v7e-m/nofp/crtbegin.o
 .ARM.attributes
                0x0000004c       0x2e CMakeFiles/G4xx_bootloader.elf.dir/Core/Src/fdcan.c.obj
 .ARM.attributes
                0x0000007a       0x2e CMakeFiles/G4xx_bootloader.elf.dir/Core/Src/gpio.c.obj
 .ARM.attributes
                0x000000a8       0x2e CMakeFiles/G4xx_bootloader.elf.dir/Core/Src/main.c.obj
 .ARM.attributes
                0x000000d6       0x2e CMakeFiles/G4xx_bootloader.elf.dir/Core/Src/stm32g4xx_hal_msp.c.obj
 .ARM.attributes
                0x00000104       0x2e CMakeFiles/G4xx_bootloader.elf.dir/Core/Src/stm32g4xx_it.c.obj
 .ARM.attributes
                0x00000132       0x2e CMakeFiles/G4xx_bootloader.elf.dir/Core/Src/system_stm32g4xx.c.obj
 .ARM.attributes
                0x00000160       0x2e CMakeFiles/G4xx_bootloader.elf.dir/Core/Src/tim.c.obj
 .ARM.attributes
                0x0000018e       0x21 CMakeFiles/G4xx_bootloader.elf.dir/Core/Startup/startup_stm32g431kbux.s.obj
 .ARM.attributes
                0x000001af       0x2e CMakeFiles/G4xx_bootloader.elf.dir/Core/User/Src/my_bootloader.c.obj
 .ARM.attributes
                0x000001dd       0x2e CMakeFiles/G4xx_bootloader.elf.dir/Core/User/Src/my_fdcan.c.obj
 .ARM.attributes
                0x0000020b       0x2e CMakeFiles/G4xx_bootloader.elf.dir/Core/User/Src/my_flash.c.obj
 .ARM.attributes
                0x00000239       0x2e CMakeFiles/G4xx_bootloader.elf.dir/Core/User/Src/my_time.c.obj
 .ARM.attributes
                0x00000267       0x2e CMakeFiles/G4xx_bootloader.elf.dir/Drivers/STM32G4xx_HAL_Driver/Src/stm32g4xx_hal.c.obj
 .ARM.attributes
                0x00000295       0x2e CMakeFiles/G4xx_bootloader.elf.dir/Drivers/STM32G4xx_HAL_Driver/Src/stm32g4xx_hal_cortex.c.obj
 .ARM.attributes
                0x000002c3       0x2e CMakeFiles/G4xx_bootloader.elf.dir/Drivers/STM32G4xx_HAL_Driver/Src/stm32g4xx_hal_fdcan.c.obj
 .ARM.attributes
                0x000002f1       0x2e CMakeFiles/G4xx_bootloader.elf.dir/Drivers/STM32G4xx_HAL_Driver/Src/stm32g4xx_hal_flash.c.obj
 .ARM.attributes
                0x0000031f       0x2e CMakeFiles/G4xx_bootloader.elf.dir/Drivers/STM32G4xx_HAL_Driver/Src/stm32g4xx_hal_flash_ex.c.obj
 .ARM.attributes
                0x0000034d       0x2e CMakeFiles/G4xx_bootloader.elf.dir/Drivers/STM32G4xx_HAL_Driver/Src/stm32g4xx_hal_gpio.c.obj
 .ARM.attributes
                0x0000037b       0x2e CMakeFiles/G4xx_bootloader.elf.dir/Drivers/STM32G4xx_HAL_Driver/Src/stm32g4xx_hal_pwr_ex.c.obj
 .ARM.attributes
                0x000003a9       0x2e CMakeFiles/G4xx_bootloader.elf.dir/Drivers/STM32G4xx_HAL_Driver/Src/stm32g4xx_hal_rcc.c.obj
 .ARM.attributes
                0x000003d7       0x2e CMakeFiles/G4xx_bootloader.elf.dir/Drivers/STM32G4xx_HAL_Driver/Src/stm32g4xx_hal_rcc_ex.c.obj
 .ARM.attributes
                0x00000405       0x2e CMakeFiles/G4xx_bootloader.elf.dir/Drivers/STM32G4xx_HAL_Driver/Src/stm32g4xx_hal_tim.c.obj
 .ARM.attributes
                0x00000433       0x2e CMakeFiles/G4xx_bootloader.elf.dir/Drivers/STM32G4xx_HAL_Driver/Src/stm32g4xx_hal_tim_ex.c.obj
 .ARM.attributes
                0x00000461       0x2e c:/progra~2/gnuarm~1/102021~1.10/bin/../lib/gcc/arm-none-eabi/10.3.1/../../../../arm-none-eabi/lib/thumb/v7e-m/nofp\libg.a(lib_a-impure.o)
 .ARM.attributes
                0x0000048f       0x2e c:/progra~2/gnuarm~1/102021~1.10/bin/../lib/gcc/arm-none-eabi/10.3.1/../../../../arm-none-eabi/lib/thumb/v7e-m/nofp\libg.a(lib_a-init.o)
 .ARM.attributes
                0x000004bd       0x2e c:/progra~2/gnuarm~1/102021~1.10/bin/../lib/gcc/arm-none-eabi/10.3.1/../../../../arm-none-eabi/lib/thumb/v7e-m/nofp\libg.a(lib_a-memset.o)
 .ARM.attributes
                0x000004eb       0x2e c:/progra~2/gnuarm~1/102021~1.10/bin/../lib/gcc/arm-none-eabi/10.3.1/../../../../arm-none-eabi/lib/thumb/v7e-m/nofp\libg.a(lib_a-__call_atexit.o)
 .ARM.attributes
                0x00000519       0x2e c:/progra~2/gnuarm~1/102021~1.10/bin/../lib/gcc/arm-none-eabi/10.3.1/../../../../arm-none-eabi/lib/thumb/v7e-m/nofp\libg.a(lib_a-atexit.o)
 .ARM.attributes
                0x00000547       0x2e c:/progra~2/gnuarm~1/102021~1.10/bin/../lib/gcc/arm-none-eabi/10.3.1/../../../../arm-none-eabi/lib/thumb/v7e-m/nofp\libg.a(lib_a-fini.o)
 .ARM.attributes
                0x00000575       0x2e c:/progra~2/gnuarm~1/102021~1.10/bin/../lib/gcc/arm-none-eabi/10.3.1/../../../../arm-none-eabi/lib/thumb/v7e-m/nofp\libg.a(lib_a-lock.o)
 .ARM.attributes
                0x000005a3       0x2e c:/progra~2/gnuarm~1/102021~1.10/bin/../lib/gcc/arm-none-eabi/10.3.1/../../../../arm-none-eabi/lib/thumb/v7e-m/nofp\libg.a(lib_a-__atexit.o)
 .ARM.attributes
                0x000005d1       0x1e c:/progra~2/gnuarm~1/102021~1.10/bin/../lib/gcc/arm-none-eabi/10.3.1/thumb/v7e-m/nofp/crtn.o
OUTPUT(G4xx_bootloader.elf elf32-littlearm)
LOAD linker stubs
LOAD c:/progra~2/gnuarm~1/102021~1.10/bin/../lib/gcc/arm-none-eabi/10.3.1/../../../../arm-none-eabi/lib/thumb/v7e-m/nofp\libc.a
LOAD c:/progra~2/gnuarm~1/102021~1.10/bin/../lib/gcc/arm-none-eabi/10.3.1/../../../../arm-none-eabi/lib/thumb/v7e-m/nofp\libm.a
LOAD c:/progra~2/gnuarm~1/102021~1.10/bin/../lib/gcc/arm-none-eabi/10.3.1/thumb/v7e-m/nofp\libgcc.a

.debug_info     0x00000000    0x15008
 .debug_info    0x00000000      0xe59 CMakeFiles/G4xx_bootloader.elf.dir/Core/Src/fdcan.c.obj
 .debug_info    0x00000e59      0x4b5 CMakeFiles/G4xx_bootloader.elf.dir/Core/Src/gpio.c.obj
 .debug_info    0x0000130e      0xb3f CMakeFiles/G4xx_bootloader.elf.dir/Core/Src/main.c.obj
 .debug_info    0x00001e4d      0x345 CMakeFiles/G4xx_bootloader.elf.dir/Core/Src/stm32g4xx_hal_msp.c.obj
 .debug_info    0x00002192      0xf07 CMakeFiles/G4xx_bootloader.elf.dir/Core/Src/stm32g4xx_it.c.obj
 .debug_info    0x00003099      0x3f9 CMakeFiles/G4xx_bootloader.elf.dir/Core/Src/system_stm32g4xx.c.obj
 .debug_info    0x00003492      0xe08 CMakeFiles/G4xx_bootloader.elf.dir/Core/Src/tim.c.obj
 .debug_info    0x0000429a       0x22 CMakeFiles/G4xx_bootloader.elf.dir/Core/Startup/startup_stm32g431kbux.s.obj
 .debug_info    0x000042bc      0x85f CMakeFiles/G4xx_bootloader.elf.dir/Core/User/Src/my_bootloader.c.obj
 .debug_info    0x00004b1b      0xdea CMakeFiles/G4xx_bootloader.elf.dir/Core/User/Src/my_fdcan.c.obj
 .debug_info    0x00005905      0x6e2 CMakeFiles/G4xx_bootloader.elf.dir/Core/User/Src/my_flash.c.obj
 .debug_info    0x00005fe7      0xba2 CMakeFiles/G4xx_bootloader.elf.dir/Core/User/Src/my_time.c.obj
 .debug_info    0x00006b89      0xbb8 CMakeFiles/G4xx_bootloader.elf.dir/Drivers/STM32G4xx_HAL_Driver/Src/stm32g4xx_hal.c.obj
 .debug_info    0x00007741     0x108f CMakeFiles/G4xx_bootloader.elf.dir/Drivers/STM32G4xx_HAL_Driver/Src/stm32g4xx_hal_cortex.c.obj
 .debug_info    0x000087d0     0x1d4f CMakeFiles/G4xx_bootloader.elf.dir/Drivers/STM32G4xx_HAL_Driver/Src/stm32g4xx_hal_fdcan.c.obj
 .debug_info    0x0000a51f      0x8e8 CMakeFiles/G4xx_bootloader.elf.dir/Drivers/STM32G4xx_HAL_Driver/Src/stm32g4xx_hal_flash.c.obj
 .debug_info    0x0000ae07      0xbe9 CMakeFiles/G4xx_bootloader.elf.dir/Drivers/STM32G4xx_HAL_Driver/Src/stm32g4xx_hal_flash_ex.c.obj
 .debug_info    0x0000b9f0      0x865 CMakeFiles/G4xx_bootloader.elf.dir/Drivers/STM32G4xx_HAL_Driver/Src/stm32g4xx_hal_gpio.c.obj
 .debug_info    0x0000c255      0xa07 CMakeFiles/G4xx_bootloader.elf.dir/Drivers/STM32G4xx_HAL_Driver/Src/stm32g4xx_hal_pwr_ex.c.obj
 .debug_info    0x0000cc5c      0xe96 CMakeFiles/G4xx_bootloader.elf.dir/Drivers/STM32G4xx_HAL_Driver/Src/stm32g4xx_hal_rcc.c.obj
 .debug_info    0x0000daf2      0xecf CMakeFiles/G4xx_bootloader.elf.dir/Drivers/STM32G4xx_HAL_Driver/Src/stm32g4xx_hal_rcc_ex.c.obj
 .debug_info    0x0000e9c1     0x410f CMakeFiles/G4xx_bootloader.elf.dir/Drivers/STM32G4xx_HAL_Driver/Src/stm32g4xx_hal_tim.c.obj
 .debug_info    0x00012ad0     0x2538 CMakeFiles/G4xx_bootloader.elf.dir/Drivers/STM32G4xx_HAL_Driver/Src/stm32g4xx_hal_tim_ex.c.obj

.debug_abbrev   0x00000000     0x2fbe
 .debug_abbrev  0x00000000      0x1c5 CMakeFiles/G4xx_bootloader.elf.dir/Core/Src/fdcan.c.obj
 .debug_abbrev  0x000001c5      0x14e CMakeFiles/G4xx_bootloader.elf.dir/Core/Src/gpio.c.obj
 .debug_abbrev  0x00000313      0x234 CMakeFiles/G4xx_bootloader.elf.dir/Core/Src/main.c.obj
 .debug_abbrev  0x00000547       0xd6 CMakeFiles/G4xx_bootloader.elf.dir/Core/Src/stm32g4xx_hal_msp.c.obj
 .debug_abbrev  0x0000061d      0x1f0 CMakeFiles/G4xx_bootloader.elf.dir/Core/Src/stm32g4xx_it.c.obj
 .debug_abbrev  0x0000080d      0x119 CMakeFiles/G4xx_bootloader.elf.dir/Core/Src/system_stm32g4xx.c.obj
 .debug_abbrev  0x00000926      0x20f CMakeFiles/G4xx_bootloader.elf.dir/Core/Src/tim.c.obj
 .debug_abbrev  0x00000b35       0x12 CMakeFiles/G4xx_bootloader.elf.dir/Core/Startup/startup_stm32g431kbux.s.obj
 .debug_abbrev  0x00000b47      0x2f8 CMakeFiles/G4xx_bootloader.elf.dir/Core/User/Src/my_bootloader.c.obj
 .debug_abbrev  0x00000e3f      0x293 CMakeFiles/G4xx_bootloader.elf.dir/Core/User/Src/my_fdcan.c.obj
 .debug_abbrev  0x000010d2      0x1c7 CMakeFiles/G4xx_bootloader.elf.dir/Core/User/Src/my_flash.c.obj
 .debug_abbrev  0x00001299      0x283 CMakeFiles/G4xx_bootloader.elf.dir/Core/User/Src/my_time.c.obj
 .debug_abbrev  0x0000151c      0x23e CMakeFiles/G4xx_bootloader.elf.dir/Drivers/STM32G4xx_HAL_Driver/Src/stm32g4xx_hal.c.obj
 .debug_abbrev  0x0000175a      0x361 CMakeFiles/G4xx_bootloader.elf.dir/Drivers/STM32G4xx_HAL_Driver/Src/stm32g4xx_hal_cortex.c.obj
 .debug_abbrev  0x00001abb      0x1d8 CMakeFiles/G4xx_bootloader.elf.dir/Drivers/STM32G4xx_HAL_Driver/Src/stm32g4xx_hal_fdcan.c.obj
 .debug_abbrev  0x00001c93      0x301 CMakeFiles/G4xx_bootloader.elf.dir/Drivers/STM32G4xx_HAL_Driver/Src/stm32g4xx_hal_flash.c.obj
 .debug_abbrev  0x00001f94      0x271 CMakeFiles/G4xx_bootloader.elf.dir/Drivers/STM32G4xx_HAL_Driver/Src/stm32g4xx_hal_flash_ex.c.obj
 .debug_abbrev  0x00002205      0x1e6 CMakeFiles/G4xx_bootloader.elf.dir/Drivers/STM32G4xx_HAL_Driver/Src/stm32g4xx_hal_gpio.c.obj
 .debug_abbrev  0x000023eb      0x245 CMakeFiles/G4xx_bootloader.elf.dir/Drivers/STM32G4xx_HAL_Driver/Src/stm32g4xx_hal_pwr_ex.c.obj
 .debug_abbrev  0x00002630      0x26f CMakeFiles/G4xx_bootloader.elf.dir/Drivers/STM32G4xx_HAL_Driver/Src/stm32g4xx_hal_rcc.c.obj
 .debug_abbrev  0x0000289f      0x243 CMakeFiles/G4xx_bootloader.elf.dir/Drivers/STM32G4xx_HAL_Driver/Src/stm32g4xx_hal_rcc_ex.c.obj
 .debug_abbrev  0x00002ae2      0x263 CMakeFiles/G4xx_bootloader.elf.dir/Drivers/STM32G4xx_HAL_Driver/Src/stm32g4xx_hal_tim.c.obj
 .debug_abbrev  0x00002d45      0x279 CMakeFiles/G4xx_bootloader.elf.dir/Drivers/STM32G4xx_HAL_Driver/Src/stm32g4xx_hal_tim_ex.c.obj

.debug_loc      0x00000000     0xe9e8
 .debug_loc     0x00000000       0x9e CMakeFiles/G4xx_bootloader.elf.dir/Core/Src/fdcan.c.obj
 .debug_loc     0x0000009e       0x9d CMakeFiles/G4xx_bootloader.elf.dir/Core/Src/system_stm32g4xx.c.obj
 .debug_loc     0x0000013b       0x67 CMakeFiles/G4xx_bootloader.elf.dir/Core/Src/tim.c.obj
 .debug_loc     0x000001a2      0x256 CMakeFiles/G4xx_bootloader.elf.dir/Core/User/Src/my_bootloader.c.obj
 .debug_loc     0x000003f8      0x559 CMakeFiles/G4xx_bootloader.elf.dir/Core/User/Src/my_fdcan.c.obj
 .debug_loc     0x00000951      0x470 CMakeFiles/G4xx_bootloader.elf.dir/Core/User/Src/my_flash.c.obj
 .debug_loc     0x00000dc1      0x1a4 CMakeFiles/G4xx_bootloader.elf.dir/Core/User/Src/my_time.c.obj
 .debug_loc     0x00000f65      0x1ef CMakeFiles/G4xx_bootloader.elf.dir/Drivers/STM32G4xx_HAL_Driver/Src/stm32g4xx_hal.c.obj
 .debug_loc     0x00001154      0x736 CMakeFiles/G4xx_bootloader.elf.dir/Drivers/STM32G4xx_HAL_Driver/Src/stm32g4xx_hal_cortex.c.obj
 .debug_loc     0x0000188a     0x165f CMakeFiles/G4xx_bootloader.elf.dir/Drivers/STM32G4xx_HAL_Driver/Src/stm32g4xx_hal_fdcan.c.obj
 .debug_loc     0x00002ee9      0x5fb CMakeFiles/G4xx_bootloader.elf.dir/Drivers/STM32G4xx_HAL_Driver/Src/stm32g4xx_hal_flash.c.obj
 .debug_loc     0x000034e4      0x78d CMakeFiles/G4xx_bootloader.elf.dir/Drivers/STM32G4xx_HAL_Driver/Src/stm32g4xx_hal_flash_ex.c.obj
 .debug_loc     0x00003c71      0x3b3 CMakeFiles/G4xx_bootloader.elf.dir/Drivers/STM32G4xx_HAL_Driver/Src/stm32g4xx_hal_gpio.c.obj
 .debug_loc     0x00004024      0xa06 CMakeFiles/G4xx_bootloader.elf.dir/Drivers/STM32G4xx_HAL_Driver/Src/stm32g4xx_hal_pwr_ex.c.obj
 .debug_loc     0x00004a2a      0x84d CMakeFiles/G4xx_bootloader.elf.dir/Drivers/STM32G4xx_HAL_Driver/Src/stm32g4xx_hal_rcc.c.obj
 .debug_loc     0x00005277     0x11a5 CMakeFiles/G4xx_bootloader.elf.dir/Drivers/STM32G4xx_HAL_Driver/Src/stm32g4xx_hal_rcc_ex.c.obj
 .debug_loc     0x0000641c     0x57f1 CMakeFiles/G4xx_bootloader.elf.dir/Drivers/STM32G4xx_HAL_Driver/Src/stm32g4xx_hal_tim.c.obj
 .debug_loc     0x0000bc0d     0x2ddb CMakeFiles/G4xx_bootloader.elf.dir/Drivers/STM32G4xx_HAL_Driver/Src/stm32g4xx_hal_tim_ex.c.obj

.debug_aranges  0x00000000     0x1118
 .debug_aranges
                0x00000000       0x30 CMakeFiles/G4xx_bootloader.elf.dir/Core/Src/fdcan.c.obj
 .debug_aranges
                0x00000030       0x20 CMakeFiles/G4xx_bootloader.elf.dir/Core/Src/gpio.c.obj
 .debug_aranges
                0x00000050       0x30 CMakeFiles/G4xx_bootloader.elf.dir/Core/Src/main.c.obj
 .debug_aranges
                0x00000080       0x20 CMakeFiles/G4xx_bootloader.elf.dir/Core/Src/stm32g4xx_hal_msp.c.obj
 .debug_aranges
                0x000000a0       0x78 CMakeFiles/G4xx_bootloader.elf.dir/Core/Src/stm32g4xx_it.c.obj
 .debug_aranges
                0x00000118       0x28 CMakeFiles/G4xx_bootloader.elf.dir/Core/Src/system_stm32g4xx.c.obj
 .debug_aranges
                0x00000140       0x30 CMakeFiles/G4xx_bootloader.elf.dir/Core/Src/tim.c.obj
 .debug_aranges
                0x00000170       0x28 CMakeFiles/G4xx_bootloader.elf.dir/Core/Startup/startup_stm32g431kbux.s.obj
 .debug_aranges
                0x00000198       0x40 CMakeFiles/G4xx_bootloader.elf.dir/Core/User/Src/my_bootloader.c.obj
 .debug_aranges
                0x000001d8       0x40 CMakeFiles/G4xx_bootloader.elf.dir/Core/User/Src/my_fdcan.c.obj
 .debug_aranges
                0x00000218       0x50 CMakeFiles/G4xx_bootloader.elf.dir/Core/User/Src/my_flash.c.obj
 .debug_aranges
                0x00000268       0x58 CMakeFiles/G4xx_bootloader.elf.dir/Core/User/Src/my_time.c.obj
 .debug_aranges
                0x000002c0      0x148 CMakeFiles/G4xx_bootloader.elf.dir/Drivers/STM32G4xx_HAL_Driver/Src/stm32g4xx_hal.c.obj
 .debug_aranges
                0x00000408       0xb8 CMakeFiles/G4xx_bootloader.elf.dir/Drivers/STM32G4xx_HAL_Driver/Src/stm32g4xx_hal_cortex.c.obj
 .debug_aranges
                0x000004c0      0x208 CMakeFiles/G4xx_bootloader.elf.dir/Drivers/STM32G4xx_HAL_Driver/Src/stm32g4xx_hal_fdcan.c.obj
 .debug_aranges
                0x000006c8       0x88 CMakeFiles/G4xx_bootloader.elf.dir/Drivers/STM32G4xx_HAL_Driver/Src/stm32g4xx_hal_flash.c.obj
 .debug_aranges
                0x00000750       0xc8 CMakeFiles/G4xx_bootloader.elf.dir/Drivers/STM32G4xx_HAL_Driver/Src/stm32g4xx_hal_flash_ex.c.obj
 .debug_aranges
                0x00000818       0x58 CMakeFiles/G4xx_bootloader.elf.dir/Drivers/STM32G4xx_HAL_Driver/Src/stm32g4xx_hal_gpio.c.obj
 .debug_aranges
                0x00000870      0x140 CMakeFiles/G4xx_bootloader.elf.dir/Drivers/STM32G4xx_HAL_Driver/Src/stm32g4xx_hal_pwr_ex.c.obj
 .debug_aranges
                0x000009b0       0x98 CMakeFiles/G4xx_bootloader.elf.dir/Drivers/STM32G4xx_HAL_Driver/Src/stm32g4xx_hal_rcc.c.obj
 .debug_aranges
                0x00000a48       0xb0 CMakeFiles/G4xx_bootloader.elf.dir/Drivers/STM32G4xx_HAL_Driver/Src/stm32g4xx_hal_rcc_ex.c.obj
 .debug_aranges
                0x00000af8      0x3e0 CMakeFiles/G4xx_bootloader.elf.dir/Drivers/STM32G4xx_HAL_Driver/Src/stm32g4xx_hal_tim.c.obj
 .debug_aranges
                0x00000ed8      0x240 CMakeFiles/G4xx_bootloader.elf.dir/Drivers/STM32G4xx_HAL_Driver/Src/stm32g4xx_hal_tim_ex.c.obj

.debug_ranges   0x00000000     0x10c8
 .debug_ranges  0x00000000       0x20 CMakeFiles/G4xx_bootloader.elf.dir/Core/Src/fdcan.c.obj
 .debug_ranges  0x00000020       0x10 CMakeFiles/G4xx_bootloader.elf.dir/Core/Src/gpio.c.obj
 .debug_ranges  0x00000030       0x20 CMakeFiles/G4xx_bootloader.elf.dir/Core/Src/main.c.obj
 .debug_ranges  0x00000050       0x10 CMakeFiles/G4xx_bootloader.elf.dir/Core/Src/stm32g4xx_hal_msp.c.obj
 .debug_ranges  0x00000060       0x68 CMakeFiles/G4xx_bootloader.elf.dir/Core/Src/stm32g4xx_it.c.obj
 .debug_ranges  0x000000c8       0x18 CMakeFiles/G4xx_bootloader.elf.dir/Core/Src/system_stm32g4xx.c.obj
 .debug_ranges  0x000000e0       0x20 CMakeFiles/G4xx_bootloader.elf.dir/Core/Src/tim.c.obj
 .debug_ranges  0x00000100       0x20 CMakeFiles/G4xx_bootloader.elf.dir/Core/Startup/startup_stm32g431kbux.s.obj
 .debug_ranges  0x00000120       0x78 CMakeFiles/G4xx_bootloader.elf.dir/Core/User/Src/my_bootloader.c.obj
 .debug_ranges  0x00000198       0x70 CMakeFiles/G4xx_bootloader.elf.dir/Core/User/Src/my_fdcan.c.obj
 .debug_ranges  0x00000208       0x40 CMakeFiles/G4xx_bootloader.elf.dir/Core/User/Src/my_flash.c.obj
 .debug_ranges  0x00000248       0x48 CMakeFiles/G4xx_bootloader.elf.dir/Core/User/Src/my_time.c.obj
 .debug_ranges  0x00000290      0x138 CMakeFiles/G4xx_bootloader.elf.dir/Drivers/STM32G4xx_HAL_Driver/Src/stm32g4xx_hal.c.obj
 .debug_ranges  0x000003c8      0x108 CMakeFiles/G4xx_bootloader.elf.dir/Drivers/STM32G4xx_HAL_Driver/Src/stm32g4xx_hal_cortex.c.obj
 .debug_ranges  0x000004d0      0x1f8 CMakeFiles/G4xx_bootloader.elf.dir/Drivers/STM32G4xx_HAL_Driver/Src/stm32g4xx_hal_fdcan.c.obj
 .debug_ranges  0x000006c8       0x78 CMakeFiles/G4xx_bootloader.elf.dir/Drivers/STM32G4xx_HAL_Driver/Src/stm32g4xx_hal_flash.c.obj
 .debug_ranges  0x00000740       0xb8 CMakeFiles/G4xx_bootloader.elf.dir/Drivers/STM32G4xx_HAL_Driver/Src/stm32g4xx_hal_flash_ex.c.obj
 .debug_ranges  0x000007f8       0x48 CMakeFiles/G4xx_bootloader.elf.dir/Drivers/STM32G4xx_HAL_Driver/Src/stm32g4xx_hal_gpio.c.obj
 .debug_ranges  0x00000840      0x130 CMakeFiles/G4xx_bootloader.elf.dir/Drivers/STM32G4xx_HAL_Driver/Src/stm32g4xx_hal_pwr_ex.c.obj
 .debug_ranges  0x00000970       0xa0 CMakeFiles/G4xx_bootloader.elf.dir/Drivers/STM32G4xx_HAL_Driver/Src/stm32g4xx_hal_rcc.c.obj
 .debug_ranges  0x00000a10       0xb8 CMakeFiles/G4xx_bootloader.elf.dir/Drivers/STM32G4xx_HAL_Driver/Src/stm32g4xx_hal_rcc_ex.c.obj
 .debug_ranges  0x00000ac8      0x3d0 CMakeFiles/G4xx_bootloader.elf.dir/Drivers/STM32G4xx_HAL_Driver/Src/stm32g4xx_hal_tim.c.obj
 .debug_ranges  0x00000e98      0x230 CMakeFiles/G4xx_bootloader.elf.dir/Drivers/STM32G4xx_HAL_Driver/Src/stm32g4xx_hal_tim_ex.c.obj

.debug_line     0x00000000    0x119f8
 .debug_line    0x00000000      0x432 CMakeFiles/G4xx_bootloader.elf.dir/Core/Src/fdcan.c.obj
 .debug_line    0x00000432      0x21f CMakeFiles/G4xx_bootloader.elf.dir/Core/Src/gpio.c.obj
 .debug_line    0x00000651      0x499 CMakeFiles/G4xx_bootloader.elf.dir/Core/Src/main.c.obj
 .debug_line    0x00000aea      0x20b CMakeFiles/G4xx_bootloader.elf.dir/Core/Src/stm32g4xx_hal_msp.c.obj
 .debug_line    0x00000cf5      0x43a CMakeFiles/G4xx_bootloader.elf.dir/Core/Src/stm32g4xx_it.c.obj
 .debug_line    0x0000112f      0x254 CMakeFiles/G4xx_bootloader.elf.dir/Core/Src/system_stm32g4xx.c.obj
 .debug_line    0x00001383      0x35b CMakeFiles/G4xx_bootloader.elf.dir/Core/Src/tim.c.obj
 .debug_line    0x000016de       0xb9 CMakeFiles/G4xx_bootloader.elf.dir/Core/Startup/startup_stm32g431kbux.s.obj
 .debug_line    0x00001797      0x68a CMakeFiles/G4xx_bootloader.elf.dir/Core/User/Src/my_bootloader.c.obj
 .debug_line    0x00001e21      0x6b9 CMakeFiles/G4xx_bootloader.elf.dir/Core/User/Src/my_fdcan.c.obj
 .debug_line    0x000024da      0x53e CMakeFiles/G4xx_bootloader.elf.dir/Core/User/Src/my_flash.c.obj
 .debug_line    0x00002a18      0x65b CMakeFiles/G4xx_bootloader.elf.dir/Core/User/Src/my_time.c.obj
 .debug_line    0x00003073      0x771 CMakeFiles/G4xx_bootloader.elf.dir/Drivers/STM32G4xx_HAL_Driver/Src/stm32g4xx_hal.c.obj
 .debug_line    0x000037e4      0x830 CMakeFiles/G4xx_bootloader.elf.dir/Drivers/STM32G4xx_HAL_Driver/Src/stm32g4xx_hal_cortex.c.obj
 .debug_line    0x00004014     0x1a3f CMakeFiles/G4xx_bootloader.elf.dir/Drivers/STM32G4xx_HAL_Driver/Src/stm32g4xx_hal_fdcan.c.obj
 .debug_line    0x00005a53      0x880 CMakeFiles/G4xx_bootloader.elf.dir/Drivers/STM32G4xx_HAL_Driver/Src/stm32g4xx_hal_flash.c.obj
 .debug_line    0x000062d3      0xbf4 CMakeFiles/G4xx_bootloader.elf.dir/Drivers/STM32G4xx_HAL_Driver/Src/stm32g4xx_hal_flash_ex.c.obj
 .debug_line    0x00006ec7      0x6f3 CMakeFiles/G4xx_bootloader.elf.dir/Drivers/STM32G4xx_HAL_Driver/Src/stm32g4xx_hal_gpio.c.obj
 .debug_line    0x000075ba      0xb10 CMakeFiles/G4xx_bootloader.elf.dir/Drivers/STM32G4xx_HAL_Driver/Src/stm32g4xx_hal_pwr_ex.c.obj
 .debug_line    0x000080ca      0xe5b CMakeFiles/G4xx_bootloader.elf.dir/Drivers/STM32G4xx_HAL_Driver/Src/stm32g4xx_hal_rcc.c.obj
 .debug_line    0x00008f25     0x10cd CMakeFiles/G4xx_bootloader.elf.dir/Drivers/STM32G4xx_HAL_Driver/Src/stm32g4xx_hal_rcc_ex.c.obj
 .debug_line    0x00009ff2     0x53de CMakeFiles/G4xx_bootloader.elf.dir/Drivers/STM32G4xx_HAL_Driver/Src/stm32g4xx_hal_tim.c.obj
 .debug_line    0x0000f3d0     0x2628 CMakeFiles/G4xx_bootloader.elf.dir/Drivers/STM32G4xx_HAL_Driver/Src/stm32g4xx_hal_tim_ex.c.obj

.debug_str      0x00000000     0x614b
 .debug_str     0x00000000      0xd7a CMakeFiles/G4xx_bootloader.elf.dir/Core/Src/fdcan.c.obj
                                0xdf8 (size before relaxing)
 .debug_str     0x00000d7a       0x7e CMakeFiles/G4xx_bootloader.elf.dir/Core/Src/gpio.c.obj
                                0x419 (size before relaxing)
 .debug_str     0x00000df8      0x767 CMakeFiles/G4xx_bootloader.elf.dir/Core/Src/main.c.obj
                                0xa55 (size before relaxing)
 .debug_str     0x0000155f       0x7d CMakeFiles/G4xx_bootloader.elf.dir/Core/Src/stm32g4xx_hal_msp.c.obj
                                0x389 (size before relaxing)
 .debug_str     0x000015dc      0x15e CMakeFiles/G4xx_bootloader.elf.dir/Core/Src/stm32g4xx_it.c.obj
                                0xca4 (size before relaxing)
 .debug_str     0x0000173a       0xb7 CMakeFiles/G4xx_bootloader.elf.dir/Core/Src/system_stm32g4xx.c.obj
                                0x3c9 (size before relaxing)
 .debug_str     0x000017f1      0x114 CMakeFiles/G4xx_bootloader.elf.dir/Core/Src/tim.c.obj
                                0xefc (size before relaxing)
 .debug_str     0x00001905       0x66 CMakeFiles/G4xx_bootloader.elf.dir/Core/Startup/startup_stm32g431kbux.s.obj
                                 0xab (size before relaxing)
 .debug_str     0x0000196b      0x279 CMakeFiles/G4xx_bootloader.elf.dir/Core/User/Src/my_bootloader.c.obj
                                0x514 (size before relaxing)
 .debug_str     0x00001be4      0x351 CMakeFiles/G4xx_bootloader.elf.dir/Core/User/Src/my_fdcan.c.obj
                                0x990 (size before relaxing)
 .debug_str     0x00001f35      0x19a CMakeFiles/G4xx_bootloader.elf.dir/Core/User/Src/my_flash.c.obj
                                0x44e (size before relaxing)
 .debug_str     0x000020cf      0x13d CMakeFiles/G4xx_bootloader.elf.dir/Core/User/Src/my_time.c.obj
                                0x97f (size before relaxing)
 .debug_str     0x0000220c      0x488 CMakeFiles/G4xx_bootloader.elf.dir/Drivers/STM32G4xx_HAL_Driver/Src/stm32g4xx_hal.c.obj
                                0xcb8 (size before relaxing)
 .debug_str     0x00002694      0x4b1 CMakeFiles/G4xx_bootloader.elf.dir/Drivers/STM32G4xx_HAL_Driver/Src/stm32g4xx_hal_cortex.c.obj
                                0xc18 (size before relaxing)
 .debug_str     0x00002b45      0xa55 CMakeFiles/G4xx_bootloader.elf.dir/Drivers/STM32G4xx_HAL_Driver/Src/stm32g4xx_hal_fdcan.c.obj
                               0x1283 (size before relaxing)
 .debug_str     0x0000359a      0x390 CMakeFiles/G4xx_bootloader.elf.dir/Drivers/STM32G4xx_HAL_Driver/Src/stm32g4xx_hal_flash.c.obj
                                0x69d (size before relaxing)
 .debug_str     0x0000392a      0x325 CMakeFiles/G4xx_bootloader.elf.dir/Drivers/STM32G4xx_HAL_Driver/Src/stm32g4xx_hal_flash_ex.c.obj
                                0x7bb (size before relaxing)
 .debug_str     0x00003c4f      0x13c CMakeFiles/G4xx_bootloader.elf.dir/Drivers/STM32G4xx_HAL_Driver/Src/stm32g4xx_hal_gpio.c.obj
                                0x596 (size before relaxing)
 .debug_str     0x00003d8b      0x51b CMakeFiles/G4xx_bootloader.elf.dir/Drivers/STM32G4xx_HAL_Driver/Src/stm32g4xx_hal_pwr_ex.c.obj
                                0x838 (size before relaxing)
 .debug_str     0x000042a6      0x237 CMakeFiles/G4xx_bootloader.elf.dir/Drivers/STM32G4xx_HAL_Driver/Src/stm32g4xx_hal_rcc.c.obj
                                0x885 (size before relaxing)
 .debug_str     0x000044dd      0x3a5 CMakeFiles/G4xx_bootloader.elf.dir/Drivers/STM32G4xx_HAL_Driver/Src/stm32g4xx_hal_rcc_ex.c.obj
                                0xa6c (size before relaxing)
 .debug_str     0x00004882      0xf84 CMakeFiles/G4xx_bootloader.elf.dir/Drivers/STM32G4xx_HAL_Driver/Src/stm32g4xx_hal_tim.c.obj
                               0x18c5 (size before relaxing)
 .debug_str     0x00005806      0x945 CMakeFiles/G4xx_bootloader.elf.dir/Drivers/STM32G4xx_HAL_Driver/Src/stm32g4xx_hal_tim_ex.c.obj
                               0x151d (size before relaxing)

.comment        0x00000000       0x49
 .comment       0x00000000       0x49 CMakeFiles/G4xx_bootloader.elf.dir/Core/Src/fdcan.c.obj
                                 0x4a (size before relaxing)
 .comment       0x00000049       0x4a CMakeFiles/G4xx_bootloader.elf.dir/Core/Src/gpio.c.obj
 .comment       0x00000049       0x4a CMakeFiles/G4xx_bootloader.elf.dir/Core/Src/main.c.obj
 .comment       0x00000049       0x4a CMakeFiles/G4xx_bootloader.elf.dir/Core/Src/stm32g4xx_hal_msp.c.obj
 .comment       0x00000049       0x4a CMakeFiles/G4xx_bootloader.elf.dir/Core/Src/stm32g4xx_it.c.obj
 .comment       0x00000049       0x4a CMakeFiles/G4xx_bootloader.elf.dir/Core/Src/system_stm32g4xx.c.obj
 .comment       0x00000049       0x4a CMakeFiles/G4xx_bootloader.elf.dir/Core/Src/tim.c.obj
 .comment       0x00000049       0x4a CMakeFiles/G4xx_bootloader.elf.dir/Core/User/Src/my_bootloader.c.obj
 .comment       0x00000049       0x4a CMakeFiles/G4xx_bootloader.elf.dir/Core/User/Src/my_fdcan.c.obj
 .comment       0x00000049       0x4a CMakeFiles/G4xx_bootloader.elf.dir/Core/User/Src/my_flash.c.obj
 .comment       0x00000049       0x4a CMakeFiles/G4xx_bootloader.elf.dir/Core/User/Src/my_time.c.obj
 .comment       0x00000049       0x4a CMakeFiles/G4xx_bootloader.elf.dir/Drivers/STM32G4xx_HAL_Driver/Src/stm32g4xx_hal.c.obj
 .comment       0x00000049       0x4a CMakeFiles/G4xx_bootloader.elf.dir/Drivers/STM32G4xx_HAL_Driver/Src/stm32g4xx_hal_cortex.c.obj
 .comment       0x00000049       0x4a CMakeFiles/G4xx_bootloader.elf.dir/Drivers/STM32G4xx_HAL_Driver/Src/stm32g4xx_hal_fdcan.c.obj
 .comment       0x00000049       0x4a CMakeFiles/G4xx_bootloader.elf.dir/Drivers/STM32G4xx_HAL_Driver/Src/stm32g4xx_hal_flash.c.obj
 .comment       0x00000049       0x4a CMakeFiles/G4xx_bootloader.elf.dir/Drivers/STM32G4xx_HAL_Driver/Src/stm32g4xx_hal_flash_ex.c.obj
 .comment       0x00000049       0x4a CMakeFiles/G4xx_bootloader.elf.dir/Drivers/STM32G4xx_HAL_Driver/Src/stm32g4xx_hal_gpio.c.obj
 .comment       0x00000049       0x4a CMakeFiles/G4xx_bootloader.elf.dir/Drivers/STM32G4xx_HAL_Driver/Src/stm32g4xx_hal_pwr_ex.c.obj
 .comment       0x00000049       0x4a CMakeFiles/G4xx_bootloader.elf.dir/Drivers/STM32G4xx_HAL_Driver/Src/stm32g4xx_hal_rcc.c.obj
 .comment       0x00000049       0x4a CMakeFiles/G4xx_bootloader.elf.dir/Drivers/STM32G4xx_HAL_Driver/Src/stm32g4xx_hal_rcc_ex.c.obj
 .comment       0x00000049       0x4a CMakeFiles/G4xx_bootloader.elf.dir/Drivers/STM32G4xx_HAL_Driver/Src/stm32g4xx_hal_tim.c.obj
 .comment       0x00000049       0x4a CMakeFiles/G4xx_bootloader.elf.dir/Drivers/STM32G4xx_HAL_Driver/Src/stm32g4xx_hal_tim_ex.c.obj

.debug_frame    0x00000000     0x2af0
 .debug_frame   0x00000000       0x60 CMakeFiles/G4xx_bootloader.elf.dir/Core/Src/fdcan.c.obj
 .debug_frame   0x00000060       0x30 CMakeFiles/G4xx_bootloader.elf.dir/Core/Src/gpio.c.obj
 .debug_frame   0x00000090       0x58 CMakeFiles/G4xx_bootloader.elf.dir/Core/Src/main.c.obj
 .debug_frame   0x000000e8       0x2c CMakeFiles/G4xx_bootloader.elf.dir/Core/Src/stm32g4xx_hal_msp.c.obj
 .debug_frame   0x00000114       0xf8 CMakeFiles/G4xx_bootloader.elf.dir/Core/Src/stm32g4xx_it.c.obj
 .debug_frame   0x0000020c       0x30 CMakeFiles/G4xx_bootloader.elf.dir/Core/Src/system_stm32g4xx.c.obj
 .debug_frame   0x0000023c       0x64 CMakeFiles/G4xx_bootloader.elf.dir/Core/Src/tim.c.obj
 .debug_frame   0x000002a0       0x94 CMakeFiles/G4xx_bootloader.elf.dir/Core/User/Src/my_bootloader.c.obj
 .debug_frame   0x00000334       0xbc CMakeFiles/G4xx_bootloader.elf.dir/Core/User/Src/my_fdcan.c.obj
 .debug_frame   0x000003f0       0xd4 CMakeFiles/G4xx_bootloader.elf.dir/Core/User/Src/my_flash.c.obj
 .debug_frame   0x000004c4       0x98 CMakeFiles/G4xx_bootloader.elf.dir/Core/User/Src/my_time.c.obj
 .debug_frame   0x0000055c      0x2a4 CMakeFiles/G4xx_bootloader.elf.dir/Drivers/STM32G4xx_HAL_Driver/Src/stm32g4xx_hal.c.obj
 .debug_frame   0x00000800      0x168 CMakeFiles/G4xx_bootloader.elf.dir/Drivers/STM32G4xx_HAL_Driver/Src/stm32g4xx_hal_cortex.c.obj
 .debug_frame   0x00000968      0x4a4 CMakeFiles/G4xx_bootloader.elf.dir/Drivers/STM32G4xx_HAL_Driver/Src/stm32g4xx_hal_fdcan.c.obj
 .debug_frame   0x00000e0c      0x138 CMakeFiles/G4xx_bootloader.elf.dir/Drivers/STM32G4xx_HAL_Driver/Src/stm32g4xx_hal_flash.c.obj
 .debug_frame   0x00000f44      0x1f0 CMakeFiles/G4xx_bootloader.elf.dir/Drivers/STM32G4xx_HAL_Driver/Src/stm32g4xx_hal_flash_ex.c.obj
 .debug_frame   0x00001134       0xd0 CMakeFiles/G4xx_bootloader.elf.dir/Drivers/STM32G4xx_HAL_Driver/Src/stm32g4xx_hal_gpio.c.obj
 .debug_frame   0x00001204      0x268 CMakeFiles/G4xx_bootloader.elf.dir/Drivers/STM32G4xx_HAL_Driver/Src/stm32g4xx_hal_pwr_ex.c.obj
 .debug_frame   0x0000146c      0x198 CMakeFiles/G4xx_bootloader.elf.dir/Drivers/STM32G4xx_HAL_Driver/Src/stm32g4xx_hal_rcc.c.obj
 .debug_frame   0x00001604      0x1a0 CMakeFiles/G4xx_bootloader.elf.dir/Drivers/STM32G4xx_HAL_Driver/Src/stm32g4xx_hal_rcc_ex.c.obj
 .debug_frame   0x000017a4      0xb50 CMakeFiles/G4xx_bootloader.elf.dir/Drivers/STM32G4xx_HAL_Driver/Src/stm32g4xx_hal_tim.c.obj
 .debug_frame   0x000022f4      0x610 CMakeFiles/G4xx_bootloader.elf.dir/Drivers/STM32G4xx_HAL_Driver/Src/stm32g4xx_hal_tim_ex.c.obj
 .debug_frame   0x00002904       0x2c c:/progra~2/gnuarm~1/102021~1.10/bin/../lib/gcc/arm-none-eabi/10.3.1/../../../../arm-none-eabi/lib/thumb/v7e-m/nofp\libg.a(lib_a-init.o)
 .debug_frame   0x00002930       0x2c c:/progra~2/gnuarm~1/102021~1.10/bin/../lib/gcc/arm-none-eabi/10.3.1/../../../../arm-none-eabi/lib/thumb/v7e-m/nofp\libg.a(lib_a-memset.o)
 .debug_frame   0x0000295c       0x5c c:/progra~2/gnuarm~1/102021~1.10/bin/../lib/gcc/arm-none-eabi/10.3.1/../../../../arm-none-eabi/lib/thumb/v7e-m/nofp\libg.a(lib_a-__call_atexit.o)
 .debug_frame   0x000029b8       0x20 c:/progra~2/gnuarm~1/102021~1.10/bin/../lib/gcc/arm-none-eabi/10.3.1/../../../../arm-none-eabi/lib/thumb/v7e-m/nofp\libg.a(lib_a-atexit.o)
 .debug_frame   0x000029d8       0x34 c:/progra~2/gnuarm~1/102021~1.10/bin/../lib/gcc/arm-none-eabi/10.3.1/../../../../arm-none-eabi/lib/thumb/v7e-m/nofp\libg.a(lib_a-fini.o)
 .debug_frame   0x00002a0c       0xb0 c:/progra~2/gnuarm~1/102021~1.10/bin/../lib/gcc/arm-none-eabi/10.3.1/../../../../arm-none-eabi/lib/thumb/v7e-m/nofp\libg.a(lib_a-lock.o)
 .debug_frame   0x00002abc       0x34 c:/progra~2/gnuarm~1/102021~1.10/bin/../lib/gcc/arm-none-eabi/10.3.1/../../../../arm-none-eabi/lib/thumb/v7e-m/nofp\libg.a(lib_a-__atexit.o)
